07-11 20:33:34.544  1861  2387 E AppOpService: 	at com.android.role.controller.model.Permissions.grantPermissionAndAppOpAsUser(Permissions.java:373)
07-11 20:33:34.544  1861  2387 E AppOpService: 	at com.android.role.controller.model.Permissions.grantSingleAsUser(Permissions.java:247)
07-11 20:33:34.544  1861  2387 E AppOpService: 	at com.android.role.controller.model.Permissions.grantAsUser(Permissions.java:205)
07-11 20:33:34.544  1861  2387 E AppOpService: 	at com.android.role.controller.model.Role.grantAsUser(Role.java:947)
07-11 20:33:34.544  1861  2387 E AppOpService: 	at com.android.role.controller.service.RoleControllerServiceImpl.addRoleHolderInternal(RoleControllerServiceImpl.java:380)
07-11 20:33:34.544  1861  2387 E AppOpService: 	at com.android.role.controller.service.RoleControllerServiceImpl.onGrantDefaultRoles(RoleControllerServiceImpl.java:163)
07-11 20:33:34.544  1861  2387 E AppOpService: 	at com.android.role.LocalRoleController.lambda$grantDefaultRoles$1(LocalRoleController.java:56)
07-11 20:33:34.544  1861  2387 E AppOpService: 	at com.android.role.LocalRoleController.$r8$lambda$ye-flP7Mf14AbTzwSmiTgndT6Cg(LocalRoleController.java:0)
07-11 20:33:34.544  1861  2387 E AppOpService: 	at com.android.role.LocalRoleController$$ExternalSyntheticLambda1.run(R8$$SyntheticClass:0)
07-11 20:33:34.544  1861  2387 E AppOpService: 	at android.os.Handler.handleCallback(Handler.java:959)
07-11 20:33:34.544  1861  2387 E AppOpService: 	at android.os.Handler.dispatchMessage(Handler.java:100)
07-11 20:33:34.544  1861  2387 E AppOpService: 	at android.os.Looper.loopOnce(Looper.java:234)
07-11 20:33:34.544  1861  2387 E AppOpService: 	at android.os.Looper.loop(Looper.java:319)
07-11 20:33:34.544  1861  2387 E AppOpService: 	at android.os.HandlerThread.run(HandlerThread.java:85)
07-11 20:33:34.546  1861  2387 E AppOpService: Blocked setUidMode call for runtime permission app op: uid = 10130, code = COARSE_LOCATION, mode = foreground, callingUid = 1000, oldMode = allow
07-11 20:33:34.546  1861  2387 E AppOpService: java.lang.RuntimeException
07-11 20:33:34.546  1861  2387 E AppOpService: 	at com.android.server.permission.access.appop.AppOpService.setUidMode(AppOpService.kt:268)
07-11 20:33:34.546  1861  2387 E AppOpService: 	at com.android.server.appop.AppOpsCheckingServiceTracingDecorator.setUidMode(AppOpsCheckingServiceTracingDecorator.java:120)
07-11 20:33:34.546  1861  2387 E AppOpService: 	at com.android.server.appop.AppOpsService.setUidMode(AppOpsService.java:2130)
07-11 20:33:34.546  1861  2387 E AppOpService: 	at com.android.server.appop.AppOpsService.setUidMode(AppOpsService.java:2059)
07-11 20:33:34.546  1861  2387 E AppOpService: 	at android.app.AppOpsManager.setUidMode(AppOpsManager.java:8107)
07-11 20:33:34.546  1861  2387 E AppOpService: 	at com.android.role.controller.model.Permissions.setAppOpModeAsUser(Permissions.java:908)
07-11 20:33:34.546  1861  2387 E AppOpService: 	at com.android.role.controller.model.Permissions.setAppOpUidModeAsUser(Permissions.java:885)
07-11 20:33:34.546  1861  2387 E AppOpService: 	at com.android.role.controller.model.Permissions.grantPermissionAndAppOpAsUser(Permissions.java:373)
07-11 20:33:34.546  1861  2387 E AppOpService: 	at com.android.role.controller.model.Permissions.grantSingleAsUser(Permissions.java:247)
07-11 20:33:34.546  1861  2387 E AppOpService: 	at com.android.role.controller.model.Permissions.grantAsUser(Permissions.java:205)
07-11 20:33:34.546  1861  2387 E AppOpService: 	at com.android.role.controller.model.Role.grantAsUser(Role.java:947)
07-11 20:33:34.546  1861  2387 E AppOpService: 	at com.android.role.controller.service.RoleControllerServiceImpl.addRoleHolderInternal(RoleControllerServiceImpl.java:380)
07-11 20:33:34.546  1861  2387 E AppOpService: 	at com.android.role.controller.service.RoleControllerServiceImpl.onGrantDefaultRoles(RoleControllerServiceImpl.java:163)
07-11 20:33:34.546  1861  2387 E AppOpService: 	at com.android.role.LocalRoleController.lambda$grantDefaultRoles$1(LocalRoleController.java:56)
07-11 20:33:34.546  1861  2387 E AppOpService: 	at com.android.role.LocalRoleController.$r8$lambda$ye-flP7Mf14AbTzwSmiTgndT6Cg(LocalRoleController.java:0)
07-11 20:33:34.546  1861  2387 E AppOpService: 	at com.android.role.LocalRoleController$$ExternalSyntheticLambda1.run(R8$$SyntheticClass:0)
07-11 20:33:34.546  1861  2387 E AppOpService: 	at android.os.Handler.handleCallback(Handler.java:959)
07-11 20:33:34.546  1861  2387 E AppOpService: 	at android.os.Handler.dispatchMessage(Handler.java:100)
07-11 20:33:34.546  1861  2387 E AppOpService: 	at android.os.Looper.loopOnce(Looper.java:234)
07-11 20:33:34.546  1861  2387 E AppOpService: 	at android.os.Looper.loop(Looper.java:319)
07-11 20:33:34.546  1861  2387 E AppOpService: 	at android.os.HandlerThread.run(HandlerThread.java:85)
07-11 20:33:34.559  1861  2387 E AppOpService: Blocked setUidMode call for runtime permission app op: uid = 10251, code = CAMERA, mode = foreground, callingUid = 1000, oldMode = allow
07-11 20:33:34.559  1861  2387 E AppOpService: java.lang.RuntimeException
07-11 20:33:34.559  1861  2387 E AppOpService: 	at com.android.server.permission.access.appop.AppOpService.setUidMode(AppOpService.kt:268)
07-11 20:33:34.559  1861  2387 E AppOpService: 	at com.android.server.appop.AppOpsCheckingServiceTracingDecorator.setUidMode(AppOpsCheckingServiceTracingDecorator.java:120)
07-11 20:33:34.559  1861  2387 E AppOpService: 	at com.android.server.appop.AppOpsService.setUidMode(AppOpsService.java:2130)
07-11 20:33:34.559  1861  2387 E AppOpService: 	at com.android.server.appop.AppOpsService.setUidMode(AppOpsService.java:2059)
07-11 20:33:34.559  1861  2387 E AppOpService: 	at android.app.AppOpsManager.setUidMode(AppOpsManager.java:8107)
07-11 20:33:34.559  1861  2387 E AppOpService: 	at com.android.role.controller.model.Permissions.setAppOpModeAsUser(Permissions.java:908)
07-11 20:33:34.559  1861  2387 E AppOpService: 	at com.android.role.controller.model.Permissions.setAppOpUidModeAsUser(Permissions.java:885)
07-11 20:33:34.559  1861  2387 E AppOpService: 	at com.android.role.controller.model.Permissions.grantPermissionAndAppOpAsUser(Permissions.java:373)
07-11 20:33:34.559  1861  2387 E AppOpService: 	at com.android.role.controller.model.Permissions.grantSingleAsUser(Permissions.java:247)
07-11 20:33:34.559  1861  2387 E AppOpService: 	at com.android.role.controller.model.Permissions.grantAsUser(Permissions.java:205)
07-11 20:33:34.559  1861  2387 E AppOpService: 	at com.android.role.controller.model.Role.grantAsUser(Role.java:947)
07-11 20:33:34.559  1861  2387 E AppOpService: 	at com.android.role.controller.service.RoleControllerServiceImpl.addRoleHolderInternal(RoleControllerServiceImpl.java:380)
07-11 20:33:34.559  1861  2387 E AppOpService: 	at com.android.role.controller.service.RoleControllerServiceImpl.onGrantDefaultRoles(RoleControllerServiceImpl.java:163)
07-11 20:33:34.559  1861  2387 E AppOpService: 	at com.android.role.LocalRoleController.lambda$grantDefaultRoles$1(LocalRoleController.java:56)
07-11 20:33:34.559  1861  2387 E AppOpService: 	at com.android.role.LocalRoleController.$r8$lambda$ye-flP7Mf14AbTzwSmiTgndT6Cg(LocalRoleController.java:0)
07-11 20:33:34.559  1861  2387 E AppOpService: 	at com.android.role.LocalRoleController$$ExternalSyntheticLambda1.run(R8$$SyntheticClass:0)
07-11 20:33:34.559  1861  2387 E AppOpService: 	at android.os.Handler.handleCallback(Handler.java:959)
07-11 20:33:34.559  1861  2387 E AppOpService: 	at android.os.Handler.dispatchMessage(Handler.java:100)
07-11 20:33:34.559  1861  2387 E AppOpService: 	at android.os.Looper.loopOnce(Looper.java:234)
07-11 20:33:34.559  1861  2387 E AppOpService: 	at android.os.Looper.loop(Looper.java:319)
07-11 20:33:34.559  1861  2387 E AppOpService: 	at android.os.HandlerThread.run(HandlerThread.java:85)
07-11 20:33:34.569  1861  2387 E AppOpService: Blocked setUidMode call for runtime permission app op: uid = 10251, code = CAMERA, mode = foreground, callingUid = 1000, oldMode = allow
07-11 20:33:34.569  1861  2387 E AppOpService: java.lang.RuntimeException
07-11 20:33:34.569  1861  2387 E AppOpService: 	at com.android.server.permission.access.appop.AppOpService.setUidMode(AppOpService.kt:268)
07-11 20:33:34.569  1861  2387 E AppOpService: 	at com.android.server.appop.AppOpsCheckingServiceTracingDecorator.setUidMode(AppOpsCheckingServiceTracingDecorator.java:120)
07-11 20:33:34.569  1861  2387 E AppOpService: 	at com.android.server.appop.AppOpsService.setUidMode(AppOpsService.java:2130)
07-11 20:33:34.569  1861  2387 E AppOpService: 	at com.android.server.appop.AppOpsService.setUidMode(AppOpsService.java:2059)
07-11 20:33:34.569  1861  2387 E AppOpService: 	at android.app.AppOpsManager.setUidMode(AppOpsManager.java:8107)
07-11 20:33:34.569  1861  2387 E AppOpService: 	at com.android.role.controller.model.Permissions.setAppOpModeAsUser(Permissions.java:908)
07-11 20:33:34.569  1861  2387 E AppOpService: 	at com.android.role.controller.model.Permissions.setAppOpUidModeAsUser(Permissions.java:885)
07-11 20:33:34.569  1861  2387 E AppOpService: 	at com.android.role.controller.model.Permissions.grantPermissionAndAppOpAsUser(Permissions.java:373)
07-11 20:33:34.569  1861  2387 E AppOpService: 	at com.android.role.controller.model.Permissions.grantSingleAsUser(Permissions.java:247)
07-11 20:33:34.569  1861  2387 E AppOpService: 	at com.android.role.controller.model.Permissions.grantAsUser(Permissions.java:205)
07-11 20:33:34.569  1861  2387 E AppOpService: 	at com.android.role.controller.model.Role.grantAsUser(Role.java:947)
07-11 20:33:34.569  1861  2387 E AppOpService: 	at com.android.role.controller.service.RoleControllerServiceImpl.addRoleHolderInternal(RoleControllerServiceImpl.java:380)
07-11 20:33:34.569  1861  2387 E AppOpService: 	at com.android.role.controller.service.RoleControllerServiceImpl.onGrantDefaultRoles(RoleControllerServiceImpl.java:163)
07-11 20:33:34.569  1861  2387 E AppOpService: 	at com.android.role.LocalRoleController.lambda$grantDefaultRoles$1(LocalRoleController.java:56)
07-11 20:33:34.569  1861  2387 E AppOpService: 	at com.android.role.LocalRoleController.$r8$lambda$ye-flP7Mf14AbTzwSmiTgndT6Cg(LocalRoleController.java:0)
07-11 20:33:34.569  1861  2387 E AppOpService: 	at com.android.role.LocalRoleController$$ExternalSyntheticLambda1.run(R8$$SyntheticClass:0)
07-11 20:33:34.569  1861  2387 E AppOpService: 	at android.os.Handler.handleCallback(Handler.java:959)
07-11 20:33:34.569  1861  2387 E AppOpService: 	at android.os.Handler.dispatchMessage(Handler.java:100)
07-11 20:33:34.569  1861  2387 E AppOpService: 	at android.os.Looper.loopOnce(Looper.java:234)
07-11 20:33:34.569  1861  2387 E AppOpService: 	at android.os.Looper.loop(Looper.java:319)
07-11 20:33:34.569  1861  2387 E AppOpService: 	at android.os.HandlerThread.run(HandlerThread.java:85)
07-11 20:33:34.665  1861  1895 W MagnificationConnectionManager: requestConnection duplicated request: connect=false, mConnectionState=DISCONNECTED
07-11 20:33:34.839  1861  1883 E ApplicationHelper: Fail to get PackageManager
07-11 20:33:34.848  1861  1883 E ApplicationHelper: Fail to get PackageManager
07-11 20:33:34.858  1861  1883 E ApplicationHelper: Fail to get PackageManager
07-11 20:33:34.869  1861  1883 E ApplicationHelper: Fail to get PackageManager
07-11 20:33:34.928  1861  7174 I ActivityManager: Flag disabled. Ignoring finishAttachApplication from uid: 10219. pid: 17816
07-11 20:33:34.945  1861  1883 E ApplicationHelper: Fail to get PackageManager
07-11 20:33:34.981  1861  1883 E ApplicationHelper: Fail to get PackageManager
07-11 20:33:34.985  1861  1883 E ApplicationHelper: Fail to get PackageManager
07-11 20:33:35.149  1861  5646 I ActivityManager: Process com.google.android.projection.gearhead:shared (pid 17282) has died: cch+15 CEM 
07-11 20:33:41.911  1861  1883 E ApplicationHelper: Fail to get PackageManager
07-11 20:33:43.074  1861  1883 E ApplicationHelper: Fail to get PackageManager
07-11 20:33:43.078  1861  1883 E ApplicationHelper: Fail to get PackageManager
07-11 20:33:44.268  1861  1885 I DisplayDeviceRepository: Display device changed: DisplayDeviceInfo{"Built-in Screen": uniqueId="local:4627039422300187648", 720 x 1604, modeId 1, renderFrameRate 60.0, defaultModeId 1, userPreferredModeId -1, supportedModes [{id=1, width=720, height=1604, fps=60.0, vsync=60.0, synthetic=false, alternativeRefreshRates=[90.0], supportedHdrTypes=[]}, {id=2, width=720, height=1604, fps=90.0, vsync=90.0, synthetic=false, alternativeRefreshRates=[60.0], supportedHdrTypes=[]}], colorMode 0, supportedColorModes [0], hdrCapabilities HdrCapabilities{mSupportedHdrTypes=[], mMaxLuminance=500.0, mMaxAverageLuminance=500.0, mMinLuminance=0.0}, allmSupported false, gameContentTypeSupported false, density 280, 268.9412 x 268.0368 dpi, appVsyncOff 2400001, presDeadline 28600000, cutout DisplayCutout{insets=Rect(0, 70 - 0, 0) waterfall=Insets{left=0, top=0, right=0, bottom=0} boundingRect={Bounds=[Rect(0, 0 - 0, 0), Rect(336, 0 - 384, 70), Rect(0, 0 - 0, 0), Rect(0, 0 - 0, 0)]} cutoutPathParserInfo={CutoutPathParserInfo{displayWidth=720 displayHeight=1604 physicalDisplayWidth=720 physicalDisplayHeight=1604 density={1.75} cutoutSpec={M -24,0 L 24,0 L 24,70 L -24,70 Z} rotation={0} scale={1.0} physicalPixelDisplaySizeRatio={1.0}}} sideOverrides={}}, touch INTERNAL, rotation 0, type INTERNAL, address {port=0, model=0x40368bd6e7ee6c}, deviceProductInfo DeviceProductInfo{name=MTKDEV, manufacturerPnpId=MTK, productId=35638, modelYear=null, manufactureDate=ManufactureDate{week=42, year=2021}, connectionToSinkType=0}, state ON, committedState ON, frameRateOverride , brightnessMinimum 0.0, brightnessMaximum 1.0, brightnessDefault 0.4685039, hdrSdrRatio NaN, FLAG_ALLOWED_TO_BE_DEFAULT_DISPLAY, FLAG_ROTATES_WITH_CONTENT, FLAG_SECURE, FLAG_SUPPORTS_PROTECTED_BUFFERS, FLAG_TRUSTED, installOrientation 0, displayShape DisplayShape{ spec=-757940771 displayWidth=720 displayHeight=1604 physicalPixelDisplaySizeRatio=1.0 rotation=0 offsetX=0 offsetY=0 scale=1.0}}
07-11 20:33:45.054  1861  1883 E ApplicationHelper: Fail to get PackageManager
07-11 20:33:45.057  1861  1883 E ApplicationHelper: Fail to get PackageManager
07-11 20:33:46.513  1861  1883 E ApplicationHelper: Fail to get PackageManager
07-11 20:33:46.515  1861  1883 E ApplicationHelper: Fail to get PackageManager
07-11 20:33:46.516  1861  1883 E ApplicationHelper: Fail to get PackageManager
07-11 20:33:46.518  1861  1883 E ApplicationHelper: Fail to get PackageManager
07-11 20:33:46.522  1861  1883 E ApplicationHelper: Fail to get PackageManager
07-11 20:33:46.525  1861  1883 E ApplicationHelper: Fail to get PackageManager
07-11 20:33:47.391  1861  1883 E ApplicationHelper: Fail to get PackageManager
07-11 20:33:47.398  1861  1883 E ApplicationHelper: Fail to get PackageManager
07-11 20:33:47.401  1861  1883 E ApplicationHelper: Fail to get PackageManager
07-11 20:33:47.407  1861  1883 E ApplicationHelper: Fail to get PackageManager
07-11 20:33:47.517  1861  1883 E ApplicationHelper: Fail to get PackageManager
07-11 20:33:47.520  1861  1883 E ApplicationHelper: Fail to get PackageManager
07-11 20:33:47.760  1861  1883 E ApplicationHelper: Fail to get PackageManager
07-11 20:33:47.765  1861  1883 E ApplicationHelper: Fail to get PackageManager
07-11 20:33:47.766  1861  1883 E ApplicationHelper: Fail to get PackageManager
07-11 20:33:51.471  1861  2603 W BatteryExternalStatsWorker: error reading Bluetooth stats: 11
07-11 20:33:55.707  1861  1883 E ApplicationHelper: Fail to get PackageManager
07-11 20:33:55.709  1861  1883 E ApplicationHelper: Fail to get PackageManager
07-11 20:33:56.713  1861  1964 I UsageStatsService: User[0] Flushing usage stats to disk
07-11 20:33:58.372   594 17776 I keystore2: system/security/keystore2/watchdog/src/lib.rs:319 - Watchdog thread idle -> terminating. Have a great day.
07-11 20:34:02.840  1861  1883 E ApplicationHelper: Fail to get PackageManager
07-11 20:34:02.842  1861  1883 E ApplicationHelper: Fail to get PackageManager
07-11 20:34:03.386  1861  1883 E ApplicationHelper: Fail to get PackageManager
07-11 20:34:12.330  1861  4324 W BatteryExternalStatsWorker: error reading Bluetooth stats: 11
07-11 20:34:27.842  1861  1896 W ActivityManager: Stopping service due to app idle: u0a252 -4m49s930ms com.whatsapp/.messageservice.messaging.MessageService
07-11 20:34:27.867  1861  1883 E ApplicationHelper: Fail to get PackageManager
07-11 20:34:27.872  1861  4324 I ActivityManager: Killing 16400:com.google.android.projection.gearhead:car/u0a130 (adj 905): empty #8
07-11 20:34:27.874  1861  1883 E ApplicationHelper: Fail to get PackageManager
07-11 20:34:29.988  1861  2393 I WindowManager: Relayout Window{71db53 u0 EdgeBackGestureHandler0}: oldVis=8 newVis=0 focusMayChange = true requestedWidth = 156 requestedHeight = 399 outFrames = ClientWindowFrames{frame=[564,433][720,832] display=[0,70][720,1604] parentFrame=[0,0][0,0]} outSurfaceControl = Surface(name=EdgeBackGestureHandler0)/@0xc3406fe
07-11 20:34:30.968  1861  1883 E ApplicationHelper: Fail to get PackageManager
07-11 20:34:33.285  1861  1883 E ApplicationHelper: Fail to get PackageManager
07-11 20:34:39.781  1861  1883 E ApplicationHelper: Fail to get PackageManager
07-11 20:34:39.786  1861  4324 I WindowManager: Relayout Window{9a23fdd u0 NotificationShade}: oldVis=4 newVis=0 focusMayChange = true requestedWidth = 720 requestedHeight = 1604 outFrames = ClientWindowFrames{frame=[0,0][720,1604] display=[0,0][720,1604] parentFrame=[0,0][0,0]} outSurfaceControl = Surface(name=NotificationShade)/@0x35b2f6d
07-11 20:34:39.827  1861  1878 W WindowManager: Changing focus from Window{25e94ba u0 com.instagram.android/com.instagram.android.activity.MainTabActivity} to Window{9a23fdd u0 NotificationShade} displayId=0 Callers=com.android.server.wm.RootWindowContainer.updateFocusedWindowLocked:470 com.android.server.wm.WindowManagerService.updateFocusedWindowLocked:6676 com.android.server.wm.WindowManagerService.relayoutWindowInner:2694 com.android.server.wm.WindowManagerService.relayoutWindow:2362 
07-11 20:34:40.892  1861  1883 E ApplicationHelper: Fail to get PackageManager
07-11 20:34:40.900  1861  1883 E ApplicationHelper: Fail to get PackageManager
07-11 20:34:40.900  1861  1883 E ApplicationHelper: Fail to get PackageManager
07-11 20:34:41.127  1861  1883 E ApplicationHelper: Fail to get PackageManager
07-11 20:34:41.128  1861  1883 E ApplicationHelper: Fail to get PackageManager
07-11 20:34:41.327  1861  2393 W WindowManager: Changing focus from Window{9a23fdd u0 NotificationShade} to Window{25e94ba u0 com.instagram.android/com.instagram.android.activity.MainTabActivity} displayId=0 Callers=com.android.server.wm.RootWindowContainer.updateFocusedWindowLocked:470 com.android.server.wm.WindowManagerService.updateFocusedWindowLocked:6676 com.android.server.wm.WindowManagerService.relayoutWindowInner:2694 com.android.server.wm.WindowManagerService.relayoutWindow:2362 
07-11 20:34:41.327  1861  1883 E ApplicationHelper: Fail to get PackageManager
07-11 20:34:41.395  1861  2393 W PackageConfigPersister: App-specific configuration not found for packageName: com.instagram.android and userId: 0
07-11 20:34:42.046  1861  1924 I AppsFilter: interaction: PackageSetting{70a0fbb com.android.microdroid.empty_payload/10221} -> PackageSetting{357baff com.google.android.apps.nbu.paisa.user/10244} BLOCKED
07-11 20:34:42.046  1861  1924 I AppsFilter: interaction: PackageSetting{5d580b0 com.kaon.music/10303} -> PackageSetting{357baff com.google.android.apps.nbu.paisa.user/10244} BLOCKED
07-11 20:34:42.094  1861  5646 I SettingsAccessControlPolicy: isDeviceSettingsChangeDisabled: value -> false
07-11 20:34:42.101  1861  1883 E ApplicationHelper: Fail to get PackageManager
07-11 20:34:42.105  1861  1883 E ApplicationHelper: Fail to get PackageManager
07-11 20:34:42.119  1861  4324 W AppOpService: Ignored setUidMode call for runtime permission app op: uid = 10251, code = RECEIVE_WAP_PUSH, mode = allow, callingUid = 1001, oldMode = allow
07-11 20:34:42.123  1861  5646 W AppOpService: Ignored setUidMode call for runtime permission app op: uid = 10251, code = READ_CELL_BROADCASTS, mode = allow, callingUid = 1001, oldMode = allow
07-11 20:34:42.135  1861  4324 W AppOpService: Ignored setUidMode call for runtime permission app op: uid = 1001, code = READ_SMS, mode = allow, callingUid = 1001, oldMode = allow
07-11 20:34:42.137  1861  2603 W AppOpService: Ignored setUidMode call for runtime permission app op: uid = 1001, code = RECEIVE_SMS, mode = allow, callingUid = 1001, oldMode = allow
07-11 20:34:42.137  1861  2393 W AppOpService: Ignored setUidMode call for runtime permission app op: uid = 1001, code = RECEIVE_WAP_PUSH, mode = allow, callingUid = 1001, oldMode = allow
07-11 20:34:42.138  1861  2393 W AppOpService: Ignored setUidMode call for runtime permission app op: uid = 1001, code = SEND_SMS, mode = allow, callingUid = 1001, oldMode = allow
07-11 20:34:42.139  1861  4324 W AppOpService: Ignored setUidMode call for runtime permission app op: uid = 1001, code = READ_CELL_BROADCASTS, mode = allow, callingUid = 1001, oldMode = allow
07-11 20:34:42.155  1861  1895 W MagnificationConnectionManager: requestConnection duplicated request: connect=false, mConnectionState=DISCONNECTED
07-11 20:34:42.167  1861  2387 E AppOpService: Blocked setUidMode call for runtime permission app op: uid = 10130, code = FINE_LOCATION, mode = foreground, callingUid = 1000, oldMode = allow
07-11 20:34:42.167  1861  2387 E AppOpService: java.lang.RuntimeException
07-11 20:34:42.167  1861  2387 E AppOpService: 	at com.android.server.permission.access.appop.AppOpService.setUidMode(AppOpService.kt:268)
07-11 20:34:42.167  1861  2387 E AppOpService: 	at com.android.server.appop.AppOpsCheckingServiceTracingDecorator.setUidMode(AppOpsCheckingServiceTracingDecorator.java:120)
07-11 20:34:42.167  1861  2387 E AppOpService: 	at com.android.server.appop.AppOpsService.setUidMode(AppOpsService.java:2130)
07-11 20:34:42.167  1861  2387 E AppOpService: 	at com.android.server.appop.AppOpsService.setUidMode(AppOpsService.java:2059)
07-11 20:34:42.167  1861  2387 E AppOpService: 	at android.app.AppOpsManager.setUidMode(AppOpsManager.java:8107)
07-11 20:34:42.167  1861  2387 E AppOpService: 	at com.android.role.controller.model.Permissions.setAppOpModeAsUser(Permissions.java:908)
07-11 20:34:42.167  1861  2387 E AppOpService: 	at com.android.role.controller.model.Permissions.setAppOpUidModeAsUser(Permissions.java:885)
07-11 20:34:42.167  1861  2387 E AppOpService: 	at com.android.role.controller.model.Permissions.grantPermissionAndAppOpAsUser(Permissions.java:373)
07-11 20:34:42.167  1861  2387 E AppOpService: 	at com.android.role.controller.model.Permissions.grantSingleAsUser(Permissions.java:247)
07-11 20:34:42.167  1861  2387 E AppOpService: 	at com.android.role.controller.model.Permissions.grantAsUser(Permissions.java:205)
07-11 20:34:42.167  1861  2387 E AppOpService: 	at com.android.role.controller.model.Role.grantAsUser(Role.java:947)
07-11 20:34:42.167  1861  2387 E AppOpService: 	at com.android.role.controller.service.RoleControllerServiceImpl.addRoleHolderInternal(RoleControllerServiceImpl.java:380)
07-11 20:34:42.167  1861  2387 E AppOpService: 	at com.android.role.controller.service.RoleControllerServiceImpl.onGrantDefaultRoles(RoleControllerServiceImpl.java:163)
07-11 20:34:42.167  1861  2387 E AppOpService: 	at com.android.role.LocalRoleController.lambda$grantDefaultRoles$1(LocalRoleController.java:56)
07-11 20:34:42.167  1861  2387 E AppOpService: 	at com.android.role.LocalRoleController.$r8$lambda$ye-flP7Mf14AbTzwSmiTgndT6Cg(LocalRoleController.java:0)
07-11 20:34:42.167  1861  2387 E AppOpService: 	at com.android.role.LocalRoleController$$ExternalSyntheticLambda1.run(R8$$SyntheticClass:0)
07-11 20:34:42.167  1861  2387 E AppOpService: 	at android.os.Handler.handleCallback(Handler.java:959)
07-11 20:34:42.167  1861  2387 E AppOpService: 	at android.os.Handler.dispatchMessage(Handler.java:100)
07-11 20:34:42.167  1861  2387 E AppOpService: 	at android.os.Looper.loopOnce(Looper.java:234)
07-11 20:34:42.167  1861  2387 E AppOpService: 	at android.os.Looper.loop(Looper.java:319)
07-11 20:34:42.167  1861  2387 E AppOpService: 	at android.os.HandlerThread.run(HandlerThread.java:85)
07-11 20:34:42.168  1861  2387 E AppOpService: Blocked setUidMode call for runtime permission app op: uid = 10130, code = COARSE_LOCATION, mode = foreground, callingUid = 1000, oldMode = allow
07-11 20:34:42.168  1861  2387 E AppOpService: java.lang.RuntimeException
07-11 20:34:42.168  1861  2387 E AppOpService: 	at com.android.server.permission.access.appop.AppOpService.setUidMode(AppOpService.kt:268)
07-11 20:34:42.168  1861  2387 E AppOpService: 	at com.android.server.appop.AppOpsCheckingServiceTracingDecorator.setUidMode(AppOpsCheckingServiceTracingDecorator.java:120)
07-11 20:34:42.168  1861  2387 E AppOpService: 	at com.android.server.appop.AppOpsService.setUidMode(AppOpsService.java:2130)
07-11 20:34:42.168  1861  2387 E AppOpService: 	at com.android.server.appop.AppOpsService.setUidMode(AppOpsService.java:2059)
07-11 20:34:42.168  1861  2387 E AppOpService: 	at android.app.AppOpsManager.setUidMode(AppOpsManager.java:8107)
07-11 20:34:42.168  1861  2387 E AppOpService: 	at com.android.role.controller.model.Permissions.setAppOpModeAsUser(Permissions.java:908)
07-11 20:34:42.168  1861  2387 E AppOpService: 	at com.android.role.controller.model.Permissions.setAppOpUidModeAsUser(Permissions.java:885)
07-11 20:34:42.168  1861  2387 E AppOpService: 	at com.android.role.controller.model.Permissions.grantPermissionAndAppOpAsUser(Permissions.java:373)
07-11 20:34:42.168  1861  2387 E AppOpService: 	at com.android.role.controller.model.Permissions.grantSingleAsUser(Permissions.java:247)
07-11 20:34:42.168  1861  2387 E AppOpService: 	at com.android.role.controller.model.Permissions.grantAsUser(Permissions.java:205)
07-11 20:34:42.168  1861  2387 E AppOpService: 	at com.android.role.controller.model.Role.grantAsUser(Role.java:947)
07-11 20:34:42.168  1861  2387 E AppOpService: 	at com.android.role.controller.service.RoleControllerServiceImpl.addRoleHolderInternal(RoleControllerServiceImpl.java:380)
07-11 20:34:42.168  1861  2387 E AppOpService: 	at com.android.role.controller.service.RoleControllerServiceImpl.onGrantDefaultRoles(RoleControllerServiceImpl.java:163)
07-11 20:34:42.168  1861  2387 E AppOpService: 	at com.android.role.LocalRoleController.lambda$grantDefaultRoles$1(LocalRoleController.java:56)
07-11 20:34:42.168  1861  2387 E AppOpService: 	at com.android.role.LocalRoleController.$r8$lambda$ye-flP7Mf14AbTzwSmiTgndT6Cg(LocalRoleController.java:0)
07-11 20:34:42.168  1861  2387 E AppOpService: 	at com.android.role.LocalRoleController$$ExternalSyntheticLambda1.run(R8$$SyntheticClass:0)
07-11 20:34:42.168  1861  2387 E AppOpService: 	at android.os.Handler.handleCallback(Handler.java:959)
07-11 20:34:42.168  1861  2387 E AppOpService: 	at android.os.Handler.dispatchMessage(Handler.java:100)
07-11 20:34:42.168  1861  2387 E AppOpService: 	at android.os.Looper.loopOnce(Looper.java:234)
07-11 20:34:42.168  1861  2387 E AppOpService: 	at android.os.Looper.loop(Looper.java:319)
07-11 20:34:42.168  1861  2387 E AppOpService: 	at android.os.HandlerThread.run(HandlerThread.java:85)
07-11 20:34:42.182  1861  2387 E AppOpService: Blocked setUidMode call for runtime permission app op: uid = 10251, code = CAMERA, mode = foreground, callingUid = 1000, oldMode = allow
07-11 20:34:42.182  1861  2387 E AppOpService: java.lang.RuntimeException
07-11 20:34:42.182  1861  2387 E AppOpService: 	at com.android.server.permission.access.appop.AppOpService.setUidMode(AppOpService.kt:268)
07-11 20:34:42.182  1861  2387 E AppOpService: 	at com.android.server.appop.AppOpsCheckingServiceTracingDecorator.setUidMode(AppOpsCheckingServiceTracingDecorator.java:120)
07-11 20:34:42.182  1861  2387 E AppOpService: 	at com.android.server.appop.AppOpsService.setUidMode(AppOpsService.java:2130)
07-11 20:34:42.182  1861  2387 E AppOpService: 	at com.android.server.appop.AppOpsService.setUidMode(AppOpsService.java:2059)
07-11 20:34:42.182  1861  2387 E AppOpService: 	at android.app.AppOpsManager.setUidMode(AppOpsManager.java:8107)
07-11 20:34:42.182  1861  2387 E AppOpService: 	at com.android.role.controller.model.Permissions.setAppOpModeAsUser(Permissions.java:908)
07-11 20:34:42.182  1861  2387 E AppOpService: 	at com.android.role.controller.model.Permissions.setAppOpUidModeAsUser(Permissions.java:885)
07-11 20:34:42.182  1861  2387 E AppOpService: 	at com.android.role.controller.model.Permissions.grantPermissionAndAppOpAsUser(Permissions.java:373)
07-11 20:34:42.182  1861  2387 E AppOpService: 	at com.android.role.controller.model.Permissions.grantSingleAsUser(Permissions.java:247)
07-11 20:34:42.182  1861  2387 E AppOpService: 	at com.android.role.controller.model.Permissions.grantAsUser(Permissions.java:205)
07-11 20:34:42.182  1861  2387 E AppOpService: 	at com.android.role.controller.model.Role.grantAsUser(Role.java:947)
07-11 20:34:42.182  1861  2387 E AppOpService: 	at com.android.role.controller.service.RoleControllerServiceImpl.addRoleHolderInternal(RoleControllerServiceImpl.java:380)
07-11 20:34:42.182  1861  2387 E AppOpService: 	at com.android.role.controller.service.RoleControllerServiceImpl.onGrantDefaultRoles(RoleControllerServiceImpl.java:163)
07-11 20:34:42.182  1861  2387 E AppOpService: 	at com.android.role.LocalRoleController.lambda$grantDefaultRoles$1(LocalRoleController.java:56)
07-11 20:34:42.182  1861  2387 E AppOpService: 	at com.android.role.LocalRoleController.$r8$lambda$ye-flP7Mf14AbTzwSmiTgndT6Cg(LocalRoleController.java:0)
07-11 20:34:42.182  1861  2387 E AppOpService: 	at com.android.role.LocalRoleController$$ExternalSyntheticLambda1.run(R8$$SyntheticClass:0)
07-11 20:34:42.182  1861  2387 E AppOpService: 	at android.os.Handler.handleCallback(Handler.java:959)
07-11 20:34:42.182  1861  2387 E AppOpService: 	at android.os.Handler.dispatchMessage(Handler.java:100)
07-11 20:34:42.182  1861  2387 E AppOpService: 	at android.os.Looper.loopOnce(Looper.java:234)
07-11 20:34:42.182  1861  2387 E AppOpService: 	at android.os.Looper.loop(Looper.java:319)
07-11 20:34:42.182  1861  2387 E AppOpService: 	at android.os.HandlerThread.run(HandlerThread.java:85)
07-11 20:34:42.189  1861  2387 E AppOpService: Blocked setUidMode call for runtime permission app op: uid = 10251, code = CAMERA, mode = foreground, callingUid = 1000, oldMode = allow
07-11 20:34:42.189  1861  2387 E AppOpService: java.lang.RuntimeException
07-11 20:34:42.189  1861  2387 E AppOpService: 	at com.android.server.permission.access.appop.AppOpService.setUidMode(AppOpService.kt:268)
07-11 20:34:42.189  1861  2387 E AppOpService: 	at com.android.server.appop.AppOpsCheckingServiceTracingDecorator.setUidMode(AppOpsCheckingServiceTracingDecorator.java:120)
07-11 20:34:42.189  1861  2387 E AppOpService: 	at com.android.server.appop.AppOpsService.setUidMode(AppOpsService.java:2130)
07-11 20:34:42.189  1861  2387 E AppOpService: 	at com.android.server.appop.AppOpsService.setUidMode(AppOpsService.java:2059)
07-11 20:34:42.189  1861  2387 E AppOpService: 	at android.app.AppOpsManager.setUidMode(AppOpsManager.java:8107)
07-11 20:34:42.189  1861  2387 E AppOpService: 	at com.android.role.controller.model.Permissions.setAppOpModeAsUser(Permissions.java:908)
07-11 20:34:42.189  1861  2387 E AppOpService: 	at com.android.role.controller.model.Permissions.setAppOpUidModeAsUser(Permissions.java:885)
07-11 20:34:42.189  1861  2387 E AppOpService: 	at com.android.role.controller.model.Permissions.grantPermissionAndAppOpAsUser(Permissions.java:373)
07-11 20:34:42.189  1861  2387 E AppOpService: 	at com.android.role.controller.model.Permissions.grantSingleAsUser(Permissions.java:247)
07-11 20:34:42.189  1861  2387 E AppOpService: 	at com.android.role.controller.model.Permissions.grantAsUser(Permissions.java:205)
07-11 20:34:42.189  1861  2387 E AppOpService: 	at com.android.role.controller.model.Role.grantAsUser(Role.java:947)
07-11 20:34:42.189  1861  2387 E AppOpService: 	at com.android.role.controller.service.RoleControllerServiceImpl.addRoleHolderInternal(RoleControllerServiceImpl.java:380)
07-11 20:34:42.189  1861  2387 E AppOpService: 	at com.android.role.controller.service.RoleControllerServiceImpl.onGrantDefaultRoles(RoleControllerServiceImpl.java:163)
07-11 20:34:42.189  1861  2387 E AppOpService: 	at com.android.role.LocalRoleController.lambda$grantDefaultRoles$1(LocalRoleController.java:56)
07-11 20:34:42.189  1861  2387 E AppOpService: 	at com.android.role.LocalRoleController.$r8$lambda$ye-flP7Mf14AbTzwSmiTgndT6Cg(LocalRoleController.java:0)
07-11 20:34:42.189  1861  2387 E AppOpService: 	at com.android.role.LocalRoleController$$ExternalSyntheticLambda1.run(R8$$SyntheticClass:0)
07-11 20:34:42.189  1861  2387 E AppOpService: 	at android.os.Handler.handleCallback(Handler.java:959)
07-11 20:34:42.189  1861  2387 E AppOpService: 	at android.os.Handler.dispatchMessage(Handler.java:100)
07-11 20:34:42.189  1861  2387 E AppOpService: 	at android.os.Looper.loopOnce(Looper.java:234)
07-11 20:34:42.189  1861  2387 E AppOpService: 	at android.os.Looper.loop(Looper.java:319)
07-11 20:34:42.189  1861  2387 E AppOpService: 	at android.os.HandlerThread.run(HandlerThread.java:85)
07-11 20:34:42.578  1861  1883 E ApplicationHelper: Fail to get PackageManager
07-11 20:34:42.601  1861  1883 E ApplicationHelper: Fail to get PackageManager
07-11 20:34:42.621  1861  1883 E ApplicationHelper: Fail to get PackageManager
07-11 20:34:42.629  1861  1883 E ApplicationHelper: Fail to get PackageManager
07-11 20:34:46.114  1861  1883 E ApplicationHelper: Fail to get PackageManager
07-11 20:34:46.117  1861  1883 E ApplicationHelper: Fail to get PackageManager
07-11 20:34:46.126  1861  1883 E ApplicationHelper: Fail to get PackageManager
07-11 20:34:46.140  1861  1883 E ApplicationHelper: Fail to get PackageManager
07-11 20:34:47.951  1861  1883 E ApplicationHelper: Fail to get PackageManager
07-11 20:34:47.951  1861  1883 E ApplicationHelper: Fail to get PackageManager
07-11 20:34:48.003  1861  1883 E ApplicationHelper: Fail to get PackageManager
07-11 20:34:48.003  1861  1883 E ApplicationHelper: Fail to get PackageManager
07-11 20:34:48.087  1861  1883 E ApplicationHelper: Fail to get PackageManager
07-11 20:34:48.088  1861  1883 E ApplicationHelper: Fail to get PackageManager
07-11 20:34:48.090  1861  1883 E ApplicationHelper: Fail to get PackageManager
07-11 20:34:48.090  1861  1883 E ApplicationHelper: Fail to get PackageManager
07-11 20:34:49.646  1861  1883 E ApplicationHelper: Fail to get PackageManager
07-11 20:34:49.650  1861  1883 E ApplicationHelper: Fail to get PackageManager
07-11 20:34:52.133  1861  1883 E ApplicationHelper: Fail to get PackageManager
07-11 20:34:52.136  1861  1883 E ApplicationHelper: Fail to get PackageManager
07-11 20:34:54.285  1861  1896 W ProcessCpuTracker: Failed to stat(/proc/19396): android.system.ErrnoException: stat failed: ENOENT (No such file or directory)
07-11 20:34:54.286  1861  1896 W ProcessCpuTracker: Skipping unknown process pid 19396
07-11 20:34:54.286  1861  1896 W ProcessCpuTracker: Failed to stat(/proc/19397): android.system.ErrnoException: stat failed: ENOENT (No such file or directory)
07-11 20:34:54.286  1861  1896 W ProcessCpuTracker: Skipping unknown process pid 19397
07-11 20:34:54.356  1861  1898 I ActivityManager: Process PhantomProcessRecord {b7dae0c 19400:17665:sh/u0a244} died
07-11 20:35:27.881  1861  2603 W BatteryExternalStatsWorker: error reading Bluetooth stats: 11
07-11 20:35:44.328  1861  1883 E ApplicationHelper: Fail to get PackageManager
07-11 20:35:44.336  1861  1883 E ApplicationHelper: Fail to get PackageManager
07-11 20:35:44.345  1861  1897 I ActivityManager: Start proc 20577:com.google.android.apps.turbo/u0a148 for broadcast {com.google.android.apps.turbo/com.google.android.apps.turbo.nudges.broadcasts.BatteryStatusChangedReceiver}
07-11 20:35:44.400  1861  1883 E ApplicationHelper: Fail to get PackageManager
07-11 20:35:44.401  1861  1883 E ApplicationHelper: Fail to get PackageManager
07-11 20:35:44.624  1861  2603 I ActivityManager: Flag disabled. Ignoring finishAttachApplication from uid: 10148. pid: 20577
07-11 20:35:44.627  1861  2603 I ActivityManager: Killing 17480:com.ape.dolby.settings/u0a71 (adj 905): empty #8
07-11 20:35:44.630  1861  1883 E ApplicationHelper: Fail to get PackageManager
07-11 20:35:44.716  1861  1861 I AS.AudioService: shouldNotificationSoundPlay false: muted stream:5 attr:AudioAttributes: usage=USAGE_NOTIFICATION content=CONTENT_TYPE_SONIFICATION flags=0x800 tags= bundle=null
07-11 20:35:44.723  1861  1861 W NotificationHistory: Attempted to add notif for locked/gone/disabled user 0
07-11 20:35:44.781  1861  2603 W ActivityManager: Permission Denial: get/set setting for user asks to run as user -2 but is calling from uid u0a288; this requires android.permission.INTERACT_ACROSS_USERS_FULL
07-11 20:35:44.826  1861  1883 E ApplicationHelper: Fail to get PackageManager
07-11 20:35:44.830  1861  1883 E ApplicationHelper: Fail to get PackageManager
07-11 20:35:44.844  1861  1883 E ApplicationHelper: Fail to get PackageManager
07-11 20:35:44.856  1861  1883 E ApplicationHelper: Fail to get PackageManager
07-11 20:35:44.859  1861  1883 E ApplicationHelper: Fail to get PackageManager
07-11 20:35:47.181  1861  2603 I WindowManager: Relayout Window{71db53 u0 EdgeBackGestureHandler0}: oldVis=8 newVis=0 focusMayChange = true requestedWidth = 156 requestedHeight = 399 outFrames = ClientWindowFrames{frame=[0,627][156,1026] display=[0,70][720,1604] parentFrame=[0,0][0,0]} outSurfaceControl = Surface(name=EdgeBackGestureHandler0)/@0x665ecd2
07-11 20:35:52.132  1861  1883 E ApplicationHelper: Fail to get PackageManager
07-11 20:35:59.917  1861  4314 I WindowManager: Relayout Window{71db53 u0 EdgeBackGestureHandler0}: oldVis=8 newVis=0 focusMayChange = true requestedWidth = 156 requestedHeight = 399 outFrames = ClientWindowFrames{frame=[0,575][156,974] display=[0,70][720,1604] parentFrame=[0,0][0,0]} outSurfaceControl = Surface(name=EdgeBackGestureHandler0)/@0x5db93e6
07-11 20:36:10.913  1861  1883 E ApplicationHelper: Fail to get PackageManager
07-11 20:36:44.370  1861  2603 W BatteryExternalStatsWorker: error reading Bluetooth stats: 11
07-11 20:36:44.402  1861  1883 E ApplicationHelper: Fail to get PackageManager
07-11 20:37:47.416  1861  2603 I WindowManager: Relayout Window{71db53 u0 EdgeBackGestureHandler0}: oldVis=8 newVis=0 focusMayChange = true requestedWidth = 156 requestedHeight = 399 outFrames = ClientWindowFrames{frame=[0,602][156,1001] display=[0,70][720,1604] parentFrame=[0,0][0,0]} outSurfaceControl = Surface(name=EdgeBackGestureHandler0)/@0x95c7039
07-11 20:38:18.871  1861  1883 E ApplicationHelper: Fail to get PackageManager
07-11 20:38:18.885  1861  1883 E ApplicationHelper: Fail to get PackageManager
07-11 20:38:18.893  1861  1883 E ApplicationHelper: Fail to get PackageManager
07-11 20:38:18.899  1861  1883 E ApplicationHelper: Fail to get PackageManager
07-11 20:38:18.900  1861  1883 E ApplicationHelper: Fail to get PackageManager
07-11 20:38:18.902  1861  1883 E ApplicationHelper: Fail to get PackageManager
07-11 20:38:18.906  1861  1883 E ApplicationHelper: Fail to get PackageManager
07-11 20:38:18.907  1861  1883 E ApplicationHelper: Fail to get PackageManager
07-11 20:39:54.411  1861  1898 I ActivityManager: Process PhantomProcessRecord {7878b36 25762:17665:/u0a244} died
07-11 20:40:31.994  1861  2396 I WindowManager: Relayout Window{71db53 u0 EdgeBackGestureHandler0}: oldVis=8 newVis=0 focusMayChange = true requestedWidth = 156 requestedHeight = 399 outFrames = ClientWindowFrames{frame=[0,585][156,984] display=[0,70][720,1604] parentFrame=[0,0][0,0]} outSurfaceControl = Surface(name=EdgeBackGestureHandler0)/@0xc9346a6
07-11 20:40:33.450  1861  2396 I WindowManager: Relayout Window{71db53 u0 EdgeBackGestureHandler0}: oldVis=8 newVis=0 focusMayChange = true requestedWidth = 156 requestedHeight = 399 outFrames = ClientWindowFrames{frame=[0,600][156,999] display=[0,70][720,1604] parentFrame=[0,0][0,0]} outSurfaceControl = Surface(name=EdgeBackGestureHandler0)/@0x400e8d
07-11 20:40:37.298  1861  2079 I LamuSarControl: sendBroadcastToStopAlarm success
07-11 20:40:44.311  1861  4324 W BatteryExternalStatsWorker: error reading Bluetooth stats: 11
07-11 20:40:46.918  1861  1878 I WindowManager: Relayout Window{71db53 u0 EdgeBackGestureHandler0}: oldVis=8 newVis=0 focusMayChange = true requestedWidth = 156 requestedHeight = 399 outFrames = ClientWindowFrames{frame=[0,594][156,993] display=[0,70][720,1604] parentFrame=[0,0][0,0]} outSurfaceControl = Surface(name=EdgeBackGestureHandler0)/@0xaa73cad
07-11 20:40:57.180  1861  2406 I ActivityManager: Process com.android.rkpdapp (pid 17777) has died: cch+5 CEM 
07-11 20:41:25.382  1861  4323 I WindowManager: Relayout Window{71db53 u0 EdgeBackGestureHandler0}: oldVis=8 newVis=0 focusMayChange = true requestedWidth = 156 requestedHeight = 399 outFrames = ClientWindowFrames{frame=[0,584][156,983] display=[0,70][720,1604] parentFrame=[0,0][0,0]} outSurfaceControl = Surface(name=EdgeBackGestureHandler0)/@0x11d94ee
07-11 20:41:57.186  1861  1878 W BatteryExternalStatsWorker: error reading Bluetooth stats: 11
07-11 20:42:02.829  1861  1883 E ApplicationHelper: Fail to get PackageManager
07-11 20:42:02.829  1861  1883 E ApplicationHelper: Fail to get PackageManager
07-11 20:42:02.838  1861  1861 E ChargeIntentReceiver: notifyChange failed
07-11 20:42:02.839  1861  1883 E ApplicationHelper: Fail to get PackageManager
07-11 20:42:02.858  1861  1883 E ApplicationHelper: Fail to get PackageManager
07-11 20:42:02.937  1861  1904 W ProcessCpuTracker: Failed to stat(/proc/28382): android.system.ErrnoException: stat failed: ENOENT (No such file or directory)
07-11 20:42:02.937  1861  1904 W ProcessCpuTracker: Skipping unknown process pid 28382
07-11 20:42:02.967  1861  1898 I ActivityManager: Process PhantomProcessRecord {6ab937b 28383:17665:sh/u0a244} died
07-11 20:42:31.078  1861  1878 I WindowManager: Relayout Window{71db53 u0 EdgeBackGestureHandler0}: oldVis=8 newVis=0 focusMayChange = true requestedWidth = 156 requestedHeight = 399 outFrames = ClientWindowFrames{frame=[0,617][156,1016] display=[0,70][720,1604] parentFrame=[0,0][0,0]} outSurfaceControl = Surface(name=EdgeBackGestureHandler0)/@0x90e13d9
07-11 20:42:57.795  1861  1861 I Telecom-BluetoothStateReceiver: HFP device XX:XX:XX:XX:49:80 changed state to 3: BSR.oR@pRk
07-11 20:42:57.796  1861  1861 I Telecom-BluetoothDeviceManager: Removing device with address: XX:XX:XX:XX:49:80 and devicetype=HFP: BSR.oR@pRk
07-11 20:42:57.797  1861  2660 I Telecom-CallAudioRouteStateMachine: Message received: BLUETOOTH_DEVICE_LIST_CHANGED=7, arg1=0: BSR.oR->CARSM.pM_BLUETOOTH_DEVICE_LIST_CHANGED@pRk
07-11 20:42:57.797  1861  2660 I Telecom-CallAudioRouteStateMachine$QuiescentBluetoothRoute: Processing message BLUETOOTH_DEVICE_LIST_CHANGED: BSR.oR->CARSM.pM_BLUETOOTH_DEVICE_LIST_CHANGED@pRk
07-11 20:42:57.797  1861  2644 I Telecom-BluetoothRouteManager: AudioOff received message: LOST_DEVICE.: BSR.oR->BRM.pM_2@pRk
07-11 20:42:57.797  1861  2660 I Telecom : Logging.Events: Non-call EVENT: AUDIO_ROUTE, Bluetooth device list changed: BSR.oR->CARSM.pM_BLUETOOTH_DEVICE_LIST_CHANGED@pRk
07-11 20:42:57.815  1861  1861 I Telecom-BluetoothStateReceiver: Device null is now the preferred BT device for HFP: BSR.oR@pRo
07-11 20:42:57.834  1861  1861 I Telecom-BluetoothStateReceiver: HFP device XX:XX:XX:XX:49:80 changed state to 0: BSR.oR@pRs
07-11 20:42:57.840  1861  1897 I ActivityManager: Start proc 29585:com.google.android.projection.gearhead:shared/u0a130 for broadcast {com.google.android.projection.gearhead/com.google.android.apps.auto.wireless.bluetooth.WifiBluetoothReceiver}
07-11 20:42:57.888  1861  2074 W LamuSarControl: lastReturnTime658871
07-11 20:42:57.888  1861  2074 W LamuSarControl: lastReturnTime continue
07-11 20:42:57.890  1861  2074 W LamuSarControl: onAudioPatchListUpdatefalse
07-11 20:42:57.900  1861  1883 E ApplicationHelper: Fail to get PackageManager
07-11 20:42:57.901  1861  1883 E ApplicationHelper: Fail to get PackageManager
07-11 20:42:57.935  1861  2074 W LamuSarControl: isInCommunicationOrInCall0
07-11 20:42:57.935  1861  2074 W LamuSarControl: onAudioPatchListUpdatefalse
07-11 20:42:57.935  1861  2074 W LamuSarControl: isInCommunicationOrInCall0
07-11 20:42:57.942  1861  2074 W LamuSarControl: onAudioPortListUpdate
07-11 20:42:57.942  1861  1861 I Telecom-WiredHeadsetManager: ACTION_HEADSET_PLUG event, plugged in: false, : WHC.oADR@pR0
07-11 20:42:57.952  1861  1897 I ActivityManager: Start proc 29597:com.ape.dolby.settings/u0a71 for broadcast {com.ape.dolby.settings/com.ape.dolby.settings.broadcast.DeviceAudioStateUpdateReceiver}
07-11 20:42:58.018  1861  2660 I Telecom-CallAudioRouteStateMachine: Message received: BT_ACTIVE_DEVICE_GONE=9, arg1=0: BSR.oR->CARSM.pM_BT_ACTIVE_DEVICE_GONE@pRo
07-11 20:42:58.018  1861  2660 I Telecom-CallAudioRouteStateMachine$QuiescentBluetoothRoute: Processing message BT_ACTIVE_DEVICE_GONE: BSR.oR->CARSM.pM_BT_ACTIVE_DEVICE_GONE@pRo
07-11 20:42:58.018  1861  2660 I Telecom : Logging.Events: Non-call EVENT: AUDIO_ROUTE, Bluetooth active device gone: BSR.oR->CARSM.pM_BT_ACTIVE_DEVICE_GONE@pRo
07-11 20:42:58.018  1861  2660 I Telecom-CallAudioRouteStateMachine: Message received: SWITCH_BASELINE_ROUTE=1005, arg1=0: BSR.oR->CARSM.pM_BT_ACTIVE_DEVICE_GONE->CARSM.pM_SWITCH_BASELINE_ROUTE@pRo
07-11 20:42:58.018  1861  2660 I Telecom-CallAudioRouteStateMachine$QuiescentBluetoothRoute: Processing message SWITCH_BASELINE_ROUTE: BSR.oR->CARSM.pM_BT_ACTIVE_DEVICE_GONE->CARSM.pM_SWITCH_BASELINE_ROUTE@pRo
07-11 20:42:58.019  1861  2660 I Telecom-CallAudioRouteStateMachine: Message received: SWITCH_EARPIECE=1001, arg1=0: BSR.oR->CARSM.pM_BT_ACTIVE_DEVICE_GONE->CARSM.pM_SWITCH_BASELINE_ROUTE->CARSM.pM_SWITCH_EARPIECE@pRo
07-11 20:42:58.019  1861  2660 I Telecom-CallAudioRouteStateMachine$QuiescentBluetoothRoute: Processing message SWITCH_EARPIECE: BSR.oR->CARSM.pM_BT_ACTIVE_DEVICE_GONE->CARSM.pM_SWITCH_BASELINE_ROUTE->CARSM.pM_SWITCH_EARPIECE@pRo
07-11 20:42:58.019  1861  2660 I Telecom : Logging.Events: Non-call EVENT: AUDIO_ROUTE, Leaving state QuiescentBluetoothRoute: BSR.oR->CARSM.pM_BT_ACTIVE_DEVICE_GONE->CARSM.pM_SWITCH_BASELINE_ROUTE->CARSM.pM_SWITCH_EARPIECE@pRo
07-11 20:42:58.019  1861  2660 I Telecom : Logging.Events: Non-call EVENT: AUDIO_ROUTE, Entering state QuiescentEarpieceRoute: BSR.oR->CARSM.pM_BT_ACTIVE_DEVICE_GONE->CARSM.pM_SWITCH_BASELINE_ROUTE->CARSM.pM_SWITCH_EARPIECE@pRo
07-11 20:42:58.021  1861  1883 E ApplicationHelper: Fail to get PackageManager
07-11 20:42:58.139  1861  2406 I ActivityManager: Flag disabled. Ignoring finishAttachApplication from uid: 10071. pid: 29597
07-11 20:42:58.174  1861  1878 I ActivityManager: Flag disabled. Ignoring finishAttachApplication from uid: 10130. pid: 29585
07-11 20:42:58.180  1861  1883 E ApplicationHelper: Fail to get PackageManager
07-11 20:42:58.266  1861  1883 E ApplicationHelper: Fail to get PackageManager
07-11 20:42:58.273  1861  1897 I ActivityManager: Start proc 29626:com.google.android.projection.gearhead:car/u0a130 for broadcast {com.google.android.projection.gearhead/com.google.android.apps.auto.carservice.gmscorecompat.CarBluetoothReceiver}
07-11 20:42:58.292  1861  1883 E ApplicationHelper: Fail to get PackageManager
07-11 20:42:58.322  1861  1883 E ApplicationHelper: Fail to get PackageManager
07-11 20:42:58.356  1861  1883 E ApplicationHelper: Fail to get PackageManager
07-11 20:42:58.405  1861  1883 E ApplicationHelper: Fail to get PackageManager
07-11 20:42:58.405  1861  1883 E ApplicationHelper: Fail to get PackageManager
07-11 20:42:58.536  1861  1883 E ApplicationHelper: Fail to get PackageManager
07-11 20:42:58.640  1861  7174 I ActivityManager: Flag disabled. Ignoring finishAttachApplication from uid: 10130. pid: 29626
07-11 20:42:58.654  1861  1883 E ApplicationHelper: Fail to get PackageManager
07-11 20:42:58.678  1861  7174 I ActivityManager: Killing 17665:com.google.android.apps.nbu.paisa.user/u0a244 (adj 905): empty #8
07-11 20:42:58.680  1861  1883 E ApplicationHelper: Fail to get PackageManager
07-11 20:42:58.680  1861  1883 E ApplicationHelper: Fail to get PackageManager
07-11 20:42:59.042  1861  2406 W ForegroundServiceTypeLoggerModule: API event end called before start!
07-11 20:42:59.064  1861  2074 W LamuSarControl: lastReturnTime1176
07-11 20:42:59.064  1861  2074 W LamuSarControl: lastReturnTime return
07-11 20:42:59.068  1861  2074 W LamuSarControl: onAudioPatchListUpdatetrue
07-11 20:42:59.068  1861  2074 W LamuSarControl: isInCommunicationOrInCall0
07-11 20:42:59.069  1861  2074 W LamuSarControl: onAudioPatchListUpdatefalse
07-11 20:42:59.069  1861  2074 W LamuSarControl: isInCommunicationOrInCall0
07-11 20:42:59.077  1861  1883 E ApplicationHelper: Fail to get PackageManager
07-11 20:42:59.081  1861  1883 E ApplicationHelper: Fail to get PackageManager
07-11 20:42:59.121  1861  2603 E NotificationService: Suppressing toast from package com.ape.dolby.settings by user request.
07-11 20:42:59.128  1861  2074 W LamuSarControl: lastReturnTime64
07-11 20:42:59.129  1861  2074 W LamuSarControl: lastReturnTime return
07-11 20:42:59.129  1861  2074 W LamuSarControl: onAudioPatchListUpdatetrue
07-11 20:42:59.129  1861  2074 W LamuSarControl: isInCommunicationOrInCall0
07-11 20:42:59.129  1861  2074 W LamuSarControl: onAudioPatchListUpdatefalse
07-11 20:42:59.129  1861  2074 W LamuSarControl: isInCommunicationOrInCall0
07-11 20:42:59.186  1861  2098 I MR2ServiceImpl: removeProviderRoutes | provider: com.android.server.media/.SystemMediaRoute2Provider, routes: [64:8F:DB:25:49:80 | OnePlus Nord Buds 2r]
