07-11 18:12:16.060 12061 12153 E AndroidRuntime: 	at androidx.room.RoomDatabase.useConnection(RoomDatabase.android.kt:619)
07-11 18:12:16.060 12061 12153 E AndroidRuntime: 	at androidx.room.util.DBUtil__DBUtil_androidKt$performInTransactionSuspending$2.invokeSuspend(DBUtil.android.kt:260)
07-11 18:12:16.060 12061 12153 E AndroidRuntime: 	at androidx.room.util.DBUtil__DBUtil_androidKt$performInTransactionSuspending$2.invoke(DBUtil.android.kt:8)
07-11 18:12:16.060 12061 12153 E AndroidRuntime: 	at androidx.room.util.DBUtil__DBUtil_androidKt$performInTransactionSuspending$2.invoke(DBUtil.android.kt:2)
07-11 18:12:16.060 12061 12153 E AndroidRuntime: 	at androidx.room.RoomDatabaseKt__RoomDatabase_androidKt$withTransactionContext$transactionBlock$1.invokeSuspend(RoomDatabase.android.kt:2058)
07-11 18:12:16.060 12061 12153 E AndroidRuntime: 	at androidx.room.RoomDatabaseKt__RoomDatabase_androidKt$withTransactionContext$transactionBlock$1.invoke(RoomDatabase.android.kt:8)
07-11 18:12:16.060 12061 12153 E AndroidRuntime: 	at androidx.room.RoomDatabaseKt__RoomDatabase_androidKt$withTransactionContext$transactionBlock$1.invoke(RoomDatabase.android.kt:4)
07-11 18:12:16.060 12061 12153 E AndroidRuntime: 	at kotlinx.coroutines.intrinsics.UndispatchedKt.startUndispatchedOrReturn(Undispatched.kt:42)
07-11 18:12:16.060 12061 12153 E AndroidRuntime: 	at kotlinx.coroutines.BuildersKt__Builders_commonKt.withContext(Builders.common.kt:164)
07-11 18:12:16.060 12061 12153 E AndroidRuntime: 	at kotlinx.coroutines.BuildersKt.withContext(dex-id-fc9e0c92f1ade7650716b75d8748165b5bacf67f:1)
07-11 18:12:16.062 12061 12153 E AndroidRuntime: 	at androidx.room.RoomDatabaseKt__RoomDatabase_androidKt$startTransactionCoroutine$2$1$1.invokeSuspend(RoomDatabase.android.kt:2087)
07-11 18:12:16.062 12061 12153 E AndroidRuntime: 	at kotlin.coroutines.jvm.internal.BaseContinuationImpl.resumeWith(ContinuationImpl.kt:34)
07-11 18:12:16.062 12061 12153 E AndroidRuntime: 	at kotlinx.coroutines.DispatchedTask.run(DispatchedTask.kt:101)
07-11 18:12:16.062 12061 12153 E AndroidRuntime: 	at kotlinx.coroutines.EventLoopImplBase.processNextEvent(EventLoop.common.kt:263)
07-11 18:12:16.062 12061 12153 E AndroidRuntime: 	at kotlinx.coroutines.BlockingCoroutine.joinBlocking(Builders.kt:95)
07-11 18:12:16.062 12061 12153 E AndroidRuntime: 	at kotlinx.coroutines.BuildersKt__BuildersKt.runBlocking(Builders.kt:69)
07-11 18:12:16.062 12061 12153 E AndroidRuntime: 	at kotlinx.coroutines.BuildersKt.runBlocking(dex-id-fc9e0c92f1ade7650716b75d8748165b5bacf67f:1)
07-11 18:12:16.062 12061 12153 E AndroidRuntime: 	at androidx.room.RoomDatabaseKt__RoomDatabase_androidKt$startTransactionCoroutine$2$1.run(RoomDatabase.android.kt:2084)
07-11 18:12:16.062 12061 12153 E AndroidRuntime: 	at androidx.room.TransactionExecutor.execute$lambda$1$lambda$0(TransactionExecutor.android.kt:38)
07-11 18:12:16.062 12061 12153 E AndroidRuntime: 	at androidx.room.TransactionExecutor$$ExternalSyntheticLambda0.run(D8$$SyntheticClass:0)
07-11 18:12:16.062 12061 12153 E AndroidRuntime: 	at java.util.concurrent.ThreadPoolExecutor.runWorker(ThreadPoolExecutor.java:1100)
07-11 18:12:16.062 12061 12153 E AndroidRuntime: 	at java.util.concurrent.ThreadPoolExecutor$Worker.run(ThreadPoolExecutor.java:624)
07-11 18:12:16.062 12061 12153 E AndroidRuntime: 	at java.lang.Thread.run(Thread.java:1572)
07-11 18:12:16.062 12061 12153 E AndroidRuntime: 	Suppressed: kotlinx.coroutines.internal.DiagnosticCoroutineContextException: [StandaloneCoroutine{Cancelling}@497243d, Dispatchers.IO]
--------- beginning of system
07-11 20:03:39.171  1861  2604 W OptProp : Cannot read opt property android.window.PROPERTY_COMPAT_ALLOW_MIN_ASPECT_RATIO_OVERRIDE
07-11 20:03:39.185  1861  2604 I ActivityTaskManager: START u0 {flg=0x14000000 cmp=com.whatsapp/.Conversation (has extras)} with LAUNCH_MULTIPLE from uid 10252 (BAL_ALLOW_VISIBLE_WINDOW) result code=0
07-11 20:03:39.196  1861  1952 W WindowManager: Changing focus from Window{9351554 u0 com.whatsapp/com.whatsapp.home.ui.HomeActivity} to null displayId=0 Callers=com.android.server.wm.RootWindowContainer.updateFocusedWindowLocked:470 com.android.server.wm.WindowManagerService.updateFocusedWindowLocked:6676 com.android.server.wm.ActivityTaskManagerService.setLastResumedActivityUncheckLocked:5094 com.android.server.wm.ActivityTaskSupervisor.updateTopResumedActivityIfNeeded:2367 
07-11 20:03:39.322  1861  1953 W WindowManager: Changing focus from null to Window{8321f52 u0 com.whatsapp/com.whatsapp.Conversation} displayId=0 Callers=com.android.server.wm.RootWindowContainer.updateFocusedWindowLocked:470 com.android.server.wm.WindowManagerService.updateFocusedWindowLocked:6676 com.android.server.wm.WindowManagerService.relayoutWindowInner:2694 com.android.server.wm.WindowManagerService.relayoutWindow:2362 
07-11 20:03:39.325  1861  1953 I WindowManager: Relayout Window{8321f52 u0 com.whatsapp/com.whatsapp.Conversation}: oldVis=4 newVis=0 focusMayChange = true requestedWidth = 720 requestedHeight = 1604 outFrames = ClientWindowFrames{frame=[0,0][720,1604] display=[0,0][720,1604] parentFrame=[0,0][0,0]} outSurfaceControl = Surface(name=com.whatsapp/com.whatsapp.Conversation)/@0x57af611
07-11 20:03:39.427  1861  1883 E ApplicationHelper: Fail to get PackageManager
07-11 20:03:39.429  1861  1883 E ApplicationHelper: Fail to get PackageManager
07-11 20:03:39.492  1861  1953 W UserManagerService: Requested status bar icon for non-badged user 0
07-11 20:03:39.655  1861  1952 W PackageConfigPersister: App-specific configuration not found for packageName: com.whatsapp and userId: 0
07-11 20:03:39.670  1861  1883 E ApplicationHelper: Fail to get PackageManager
07-11 20:03:39.671  1861  1883 E ApplicationHelper: Fail to get PackageManager
07-11 20:03:39.678  1861  1883 E ApplicationHelper: Fail to get PackageManager
07-11 20:03:39.679  1861  1883 E ApplicationHelper: Fail to get PackageManager
07-11 20:03:39.703  1861  1861 E RemoteAugmentedAutofillService: Bad service name for flags 1048704: com.google.android.as/com.google.android.apps.miphone.aiai.app.AiAiAugmentedAutofillService
07-11 20:03:39.704  1861  1861 W FillRequestEventLogger: Shouldn't be logging AutofillFillRequestReported again for same event
07-11 20:03:39.704  1861  1861 W FillResponseEventLogger: Shouldn't be logging AutofillFillRequestReported again for same event
07-11 20:03:39.707  1861  1883 E ApplicationHelper: Fail to get PackageManager
07-11 20:03:39.710  1861  1883 E ApplicationHelper: Fail to get PackageManager
07-11 20:03:39.711  1861  1883 E ApplicationHelper: Fail to get PackageManager
07-11 20:03:39.713  1861  1883 E ApplicationHelper: Fail to get PackageManager
07-11 20:03:40.008  1861  1953 W UserManagerService: Requested status bar icon for non-badged user 0
07-11 20:03:40.013  1861  1953 W UserManagerService: Requested status bar icon for non-badged user 0
07-11 20:03:40.110  1861  1885 W AccessibilityWindowsPopulator: Windows change within in 2 frames continuously over 500 ms and notify windows changed immediately
07-11 20:03:40.242  1861  1883 E ApplicationHelper: Fail to get PackageManager
07-11 20:03:40.242  1861  1883 E ApplicationHelper: Fail to get PackageManager
07-11 20:03:40.433  1861  1883 E ApplicationHelper: Fail to get PackageManager
07-11 20:03:40.435  1861  1883 E ApplicationHelper: Fail to get PackageManager
07-11 20:03:40.676  1861  1952 I WindowManager: Relayout Window{2626e53 u0 InputMethod}: oldVis=8 newVis=0 focusMayChange = true requestedWidth = 720 requestedHeight = 1534 outFrames = ClientWindowFrames{frame=[0,70][720,1604] display=[0,70][720,1604] parentFrame=[0,0][0,0]} outSurfaceControl = Surface(name=InputMethod)/@0x468d0f1
07-11 20:03:40.699  1861  1883 E ApplicationHelper: Fail to get PackageManager
07-11 20:03:40.700  1861  1883 E ApplicationHelper: Fail to get PackageManager
07-11 20:03:40.702  1861  1883 E ApplicationHelper: Fail to get PackageManager
07-11 20:03:40.879  1861  1883 E ApplicationHelper: Fail to get PackageManager
07-11 20:03:40.882  1861  1883 E ApplicationHelper: Fail to get PackageManager
07-11 20:03:41.441  1861  1883 E ApplicationHelper: Fail to get PackageManager
07-11 20:03:41.446  1861  1883 E ApplicationHelper: Fail to get PackageManager
07-11 20:03:42.450  1861  1883 E ApplicationHelper: Fail to get PackageManager
07-11 20:03:42.451  1861  1883 E ApplicationHelper: Fail to get PackageManager
07-11 20:03:42.569  1861  1961 E AppOps  : attributionTag  not declared in manifest of com.huawei.health
07-11 20:03:43.455  1861  1883 E ApplicationHelper: Fail to get PackageManager
07-11 20:03:43.459  1861  1883 E ApplicationHelper: Fail to get PackageManager
07-11 20:03:43.568  1861  6433 I Telecom-TelecomServiceImpl$1: isInEmergencyCall: false: TSI.iIEC@hHA
07-11 20:03:44.462  1861  1883 E ApplicationHelper: Fail to get PackageManager
07-11 20:03:44.465  1861  1883 E ApplicationHelper: Fail to get PackageManager
07-11 20:03:45.468  1861  1883 E ApplicationHelper: Fail to get PackageManager
07-11 20:03:45.473  1861  1883 E ApplicationHelper: Fail to get PackageManager
07-11 20:03:46.476  1861  1883 E ApplicationHelper: Fail to get PackageManager
07-11 20:03:46.478  1861  1883 E ApplicationHelper: Fail to get PackageManager
07-11 20:03:47.069  1861  2604 W PackageConfigPersister: App-specific configuration not found for packageName: com.whatsapp and userId: 0
07-11 20:03:47.161  1861  1883 E ApplicationHelper: Fail to get PackageManager
07-11 20:03:47.164  1861  1883 E ApplicationHelper: Fail to get PackageManager
07-11 20:03:47.190  1861  1883 E ApplicationHelper: Fail to get PackageManager
07-11 20:03:47.201 10552 11271 E ActivityThread: Failed to find provider info for com.facebook.stella.assistant.deviceconnectionstate
07-11 20:03:47.203 10552 11271 E ActivityThread: Failed to find provider info for com.facebook.stella_debug.assistant.deviceconnectionstate
07-11 20:03:47.471  1861  1953 I WindowManager: Relayout Window{71db53 u0 EdgeBackGestureHandler0}: oldVis=8 newVis=0 focusMayChange = true requestedWidth = 156 requestedHeight = 399 outFrames = ClientWindowFrames{frame=[564,557][720,956] display=[0,70][720,1604] parentFrame=[0,0][0,0]} outSurfaceControl = Surface(name=EdgeBackGestureHandler0)/@0xa7525b
07-11 20:03:47.482  1861  1883 E ApplicationHelper: Fail to get PackageManager
07-11 20:03:47.485  1861  1883 E ApplicationHelper: Fail to get PackageManager
07-11 20:03:47.543  1861  1883 E ApplicationHelper: Fail to get PackageManager
07-11 20:03:47.543  1861  1883 E ApplicationHelper: Fail to get PackageManager
07-11 20:03:47.543  1861  1883 E ApplicationHelper: Fail to get PackageManager
07-11 20:03:47.609  1861  2074 W LamuSarControl: lastReturnTime16931
07-11 20:03:47.609  1861  2074 W LamuSarControl: lastReturnTime continue
07-11 20:03:47.609  1861  2074 W LamuSarControl: onAudioPatchListUpdatetrue
07-11 20:03:47.609  1861  2074 W LamuSarControl: isInCommunicationOrInCall0
07-11 20:03:47.609  1861  2074 W LamuSarControl: onAudioPatchListUpdatefalse
07-11 20:03:47.609  1861  2074 W LamuSarControl: isInCommunicationOrInCall0
07-11 20:03:47.889  1861  1952 I WindowManager: Relayout Window{71db53 u0 EdgeBackGestureHandler0}: oldVis=8 newVis=0 focusMayChange = true requestedWidth = 156 requestedHeight = 399 outFrames = ClientWindowFrames{frame=[564,457][720,856] display=[0,70][720,1604] parentFrame=[0,0][0,0]} outSurfaceControl = Surface(name=EdgeBackGestureHandler0)/@0xab1c7c5
07-11 20:03:47.947  1861  2604 W WindowManager: Changing focus from Window{8321f52 u0 com.whatsapp/com.whatsapp.Conversation} to null displayId=0 Callers=com.android.server.wm.RootWindowContainer.updateFocusedWindowLocked:470 com.android.server.wm.WindowManagerService.updateFocusedWindowLocked:6676 com.android.server.wm.ActivityTaskManagerService.setLastResumedActivityUncheckLocked:5094 com.android.server.wm.ActivityTaskSupervisor.updateTopResumedActivityIfNeeded:2367 
07-11 20:03:47.979  1861  6433 W WindowManager: Changing focus from null to Window{9351554 u0 com.whatsapp/com.whatsapp.home.ui.HomeActivity} displayId=0 Callers=com.android.server.wm.RootWindowContainer.updateFocusedWindowLocked:470 com.android.server.wm.WindowManagerService.updateFocusedWindowLocked:6676 com.android.server.wm.WindowManagerService.relayoutWindowInner:2694 com.android.server.wm.WindowManagerService.relayoutWindow:2362 
07-11 20:03:47.985  1861  6433 I WindowManager: Relayout Window{9351554 u0 com.whatsapp/com.whatsapp.home.ui.HomeActivity}: oldVis=8 newVis=0 focusMayChange = true requestedWidth = 720 requestedHeight = 1604 outFrames = ClientWindowFrames{frame=[0,0][720,1604] display=[0,0][720,1604] parentFrame=[0,0][0,0]} outSurfaceControl = Surface(name=com.whatsapp/com.whatsapp.home.ui.HomeActivity)/@0x5e4b5c3
07-11 20:03:48.128  1861  6433 W UserManagerService: Requested status bar icon for non-badged user 0
07-11 20:03:48.223  1861  6433 W PackageConfigPersister: App-specific configuration not found for packageName: com.whatsapp and userId: 0
07-11 20:03:48.290  1861  1883 E ApplicationHelper: Fail to get PackageManager
07-11 20:03:48.490  1861  1883 E ApplicationHelper: Fail to get PackageManager
07-11 20:03:48.495  1861  1883 E ApplicationHelper: Fail to get PackageManager
07-11 20:03:48.663  1861  2388 W UserManagerService: Requested status bar icon for non-badged user 0
07-11 20:03:48.671  1861  6433 W UserManagerService: Requested status bar icon for non-badged user 0
07-11 20:03:48.710  1861  1883 E ApplicationHelper: Fail to get PackageManager
07-11 20:03:48.710  1861  1883 E ApplicationHelper: Fail to get PackageManager
07-11 20:03:48.715  1861  1883 E ApplicationHelper: Fail to get PackageManager
07-11 20:03:48.715  1861  1883 E ApplicationHelper: Fail to get PackageManager
07-11 20:03:48.716  1861  1885 W AccessibilityWindowsPopulator: Windows change within in 2 frames continuously over 500 ms and notify windows changed immediately
07-11 20:03:49.501  1861  1883 E ApplicationHelper: Fail to get PackageManager
07-11 20:03:49.505  1861  1883 E ApplicationHelper: Fail to get PackageManager
07-11 20:03:50.249  1861  1883 E ApplicationHelper: Fail to get PackageManager
07-11 20:03:50.250  1861  1883 E ApplicationHelper: Fail to get PackageManager
07-11 20:03:50.289  1861  1883 E ApplicationHelper: Fail to get PackageManager
07-11 20:03:50.293  1861  1883 E ApplicationHelper: Fail to get PackageManager
07-11 20:03:50.509  1861  1883 E ApplicationHelper: Fail to get PackageManager
07-11 20:03:50.513  1861  1883 E ApplicationHelper: Fail to get PackageManager
07-11 20:03:51.517  1861  1883 E ApplicationHelper: Fail to get PackageManager
07-11 20:03:51.520  1861  1883 E ApplicationHelper: Fail to get PackageManager
07-11 20:03:52.524  1861  1883 E ApplicationHelper: Fail to get PackageManager
07-11 20:03:52.527  1861  1883 E ApplicationHelper: Fail to get PackageManager
07-11 20:03:53.219  1861  1883 E ApplicationHelper: Fail to get PackageManager
07-11 20:03:53.533  1861  1883 E ApplicationHelper: Fail to get PackageManager
07-11 20:03:53.535  1861  1883 E ApplicationHelper: Fail to get PackageManager
07-11 20:03:53.559  1861  1961 E AppOps  : attributionTag  not declared in manifest of com.huawei.health
07-11 20:03:54.540  1861  1883 E ApplicationHelper: Fail to get PackageManager
07-11 20:03:54.543  1861  1883 E ApplicationHelper: Fail to get PackageManager
07-11 20:03:54.726  1861  1883 E ApplicationHelper: Fail to get PackageManager
07-11 20:03:54.730  1861  1883 E ApplicationHelper: Fail to get PackageManager
07-11 20:03:54.733  1861  1883 E ApplicationHelper: Fail to get PackageManager
07-11 20:03:54.734  1861  1883 E ApplicationHelper: Fail to get PackageManager
07-11 20:03:55.320  1861  1905 W BatteryExternalStatsWorker: error reading Bluetooth stats: 9
07-11 20:03:55.550  1861  1883 E ApplicationHelper: Fail to get PackageManager
07-11 20:03:55.554  1861  1883 E ApplicationHelper: Fail to get PackageManager
07-11 20:03:56.561  1861  1883 E ApplicationHelper: Fail to get PackageManager
07-11 20:03:56.566  1861  1883 E ApplicationHelper: Fail to get PackageManager
07-11 20:03:57.571  1861  1883 E ApplicationHelper: Fail to get PackageManager
07-11 20:03:57.575  1861  1883 E ApplicationHelper: Fail to get PackageManager
07-11 20:03:58.549  1861  1961 E AppOps  : attributionTag  not declared in manifest of com.huawei.health
07-11 20:03:58.582  1861  1883 E ApplicationHelper: Fail to get PackageManager
07-11 20:03:58.587  1861  1883 E ApplicationHelper: Fail to get PackageManager
07-11 20:03:59.592  1861  1883 E ApplicationHelper: Fail to get PackageManager
07-11 20:03:59.595  1861  1883 E ApplicationHelper: Fail to get PackageManager
07-11 20:04:00.600  1861  1883 E ApplicationHelper: Fail to get PackageManager
07-11 20:04:00.603  1861  1883 E ApplicationHelper: Fail to get PackageManager
07-11 20:04:01.607  1861  1883 E ApplicationHelper: Fail to get PackageManager
07-11 20:04:01.610  1861  1883 E ApplicationHelper: Fail to get PackageManager
07-11 20:04:02.253  1861  1883 E ApplicationHelper: Fail to get PackageManager
07-11 20:04:02.255  1861  1883 E ApplicationHelper: Fail to get PackageManager
07-11 20:04:02.616  1861  1883 E ApplicationHelper: Fail to get PackageManager
07-11 20:04:02.620  1861  1883 E ApplicationHelper: Fail to get PackageManager
07-11 20:04:03.625  1861  1883 E ApplicationHelper: Fail to get PackageManager
07-11 20:04:03.629  1861  1883 E ApplicationHelper: Fail to get PackageManager
07-11 20:04:04.636  1861  1883 E ApplicationHelper: Fail to get PackageManager
07-11 20:04:04.638  1861  1883 E ApplicationHelper: Fail to get PackageManager
07-11 20:04:05.645  1861  1883 E ApplicationHelper: Fail to get PackageManager
07-11 20:04:05.650  1861  1883 E ApplicationHelper: Fail to get PackageManager
07-11 20:04:06.655  1861  1883 E ApplicationHelper: Fail to get PackageManager
07-11 20:04:06.660  1861  1883 E ApplicationHelper: Fail to get PackageManager
07-11 20:04:07.667  1861  1883 E ApplicationHelper: Fail to get PackageManager
07-11 20:04:07.672  1861  1883 E ApplicationHelper: Fail to get PackageManager
07-11 20:04:08.678  1861  1883 E ApplicationHelper: Fail to get PackageManager
07-11 20:04:08.682  1861  1883 E ApplicationHelper: Fail to get PackageManager
07-11 20:04:09.687  1861  1883 E ApplicationHelper: Fail to get PackageManager
07-11 20:04:09.692  1861  1883 E ApplicationHelper: Fail to get PackageManager
07-11 20:04:10.699  1861  1883 E ApplicationHelper: Fail to get PackageManager
07-11 20:04:10.703  1861  1883 E ApplicationHelper: Fail to get PackageManager
07-11 20:04:11.709  1861  1883 E ApplicationHelper: Fail to get PackageManager
07-11 20:04:11.713  1861  1883 E ApplicationHelper: Fail to get PackageManager
07-11 20:04:12.721  1861  1883 E ApplicationHelper: Fail to get PackageManager
07-11 20:04:12.725  1861  1883 E ApplicationHelper: Fail to get PackageManager
07-11 20:04:13.338  1861  1885 W ActivityTaskManager: callingPackage for (uid=1000, pid=1861) is ambiguous: [android, com.android.providers.settings, com.motorola.android.providers.settings, com.android.server.telecom, com.android.location.fused, com.mediatek.location.lppe.main]
07-11 20:04:13.339  1861  1885 W OptProp : Cannot read opt property android.window.PROPERTY_COMPAT_ALLOW_ORIENTATION_OVERRIDE
07-11 20:04:13.368  1861  1885 W OptProp : Cannot read opt property android.window.PROPERTY_COMPAT_ALLOW_RESIZEABLE_ACTIVITY_OVERRIDES
07-11 20:04:13.368  1861  1885 W OptProp : Cannot read opt property android.window.PROPERTY_COMPAT_ALLOW_MIN_ASPECT_RATIO_OVERRIDE
07-11 20:04:13.375  1861  1885 I ActivityTaskManager: START u0 {act=android.intent.action.MAIN cat=[android.intent.category.DEFAULT] flg=0x10000000 pkg=com.motorola.launcher3 cmp=com.motorola.launcher3/com.android.quickstep.RecentsActivity (has extras)} with LAUNCH_SINGLE_TASK from uid 10189 (realCallingUid=1000) (BAL_ALLOW_ALLOWLISTED_COMPONENT) result code=0
07-11 20:04:13.377  1861  1883 E ApplicationHelper: Fail to get PackageManager
07-11 20:04:13.388  1861  1861 E MBrainLocalService: notifyAppSwitch failed
07-11 20:04:13.430   441   622 W vold    : Cannot find dev sysfs path
07-11 20:04:13.432  1861 11405 W StorageManagerService: Failed to get storage lifetime
07-11 20:04:13.433  1861 11405 I StorageManagerService: Turn off gc_urgent based on checking lifetime and charge status
07-11 20:04:13.438  1861 11405 I StorageManagerService: Set smart idle maintenance: latest write amount: 117, average write amount: 0, min segment threshold: 512, dirty reclaim rate: 0.5, segment reclaim weight: 2.0, period(min): 60, min gc sleep time(ms): 5000, target dirty ratio: 100
07-11 20:04:13.443   441   622 I vold    : Enough free segments: 156
07-11 20:04:13.445  1861 11405 I SmartStorageMaintIdler: Got smart storage maintenance service completion callback
07-11 20:04:13.553 32163 11410 E ActivityThread: Failed to find provider info for com.motorola.freeform.settings
07-11 20:04:13.595 32163 11411 E ActivityThread: Failed to find provider info for com.motorola.freeform.settings
07-11 20:04:13.600 32163 11412 E ActivityThread: Failed to find provider info for com.motorola.freeform.settings
07-11 20:04:13.651 32163 11413 E ActivityThread: Failed to find provider info for com.motorola.freeform.settings
07-11 20:04:13.652 32163 11414 E ActivityThread: Failed to find provider info for com.motorola.freeform.settings
07-11 20:04:13.656  1861  1952 I WindowManager: Relayout Window{91c544c u0 com.motorola.launcher3/com.android.quickstep.RecentsActivity}: oldVis=4 newVis=0 focusMayChange = true requestedWidth = 720 requestedHeight = 1604 outFrames = ClientWindowFrames{frame=[0,0][720,1604] display=[0,0][720,1604] parentFrame=[0,0][0,0]} outSurfaceControl = Surface(name=com.motorola.launcher3/com.android.quickstep.RecentsActivity)/@0x4f3694d
07-11 20:04:13.689  1861  1952 W UserManagerService: Requested status bar icon for non-badged user 0
07-11 20:04:13.690  1861  2604 E PersistenceController: SettingNotFoundException: sv_custom_ai_icon_enabled
07-11 20:04:13.690  1861  1883 E ApplicationHelper: Fail to get PackageManager
07-11 20:04:13.691  1861  1883 E ApplicationHelper: Fail to get PackageManager
07-11 20:04:13.691  1861  1883 E ApplicationHelper: Fail to get PackageManager
07-11 20:04:13.691  1861  1883 E ApplicationHelper: Fail to get PackageManager
07-11 20:04:13.691  1861  1883 E ApplicationHelper: Fail to get PackageManager
07-11 20:04:13.691  1861  1883 E ApplicationHelper: Fail to get PackageManager
07-11 20:04:13.696  1861  2604 W ActivityStartInterceptor: Starting home with component specified, uid=10189
07-11 20:04:13.697  1861  2604 W OptProp : Cannot read opt property android.window.PROPERTY_COMPAT_ALLOW_ORIENTATION_OVERRIDE
07-11 20:04:13.697  1861  2604 W OptProp : Cannot read opt property android.window.PROPERTY_COMPAT_ALLOW_RESIZEABLE_ACTIVITY_OVERRIDES
07-11 20:04:13.698  1861  2604 W OptProp : Cannot read opt property android.window.PROPERTY_COMPAT_ALLOW_MIN_ASPECT_RATIO_OVERRIDE
07-11 20:04:13.707  1861  2604 W WindowManager: Changing focus from Window{9351554 u0 com.whatsapp/com.whatsapp.home.ui.HomeActivity} to null displayId=0 Callers=com.android.server.wm.RootWindowContainer.updateFocusedWindowLocked:470 com.android.server.wm.WindowManagerService.updateFocusedWindowLocked:6676 com.android.server.wm.ActivityTaskManagerService.setLastResumedActivityUncheckLocked:5094 com.android.server.wm.ActivityTaskSupervisor.updateTopResumedActivityIfNeeded:2367 
07-11 20:04:13.711  1861  2604 I ActivityTaskManager: START u0 {act=android.intent.action.MAIN cat=[android.intent.category.HOME] flg=0x10000000 cmp=bitpit.launcher/.ui.HomeActivity (has extras)} with LAUNCH_SINGLE_TASK from uid 10189 (BAL_ALLOW_VISIBLE_WINDOW) result code=2
07-11 20:04:13.715  1861  1997 E HandwritingModeController: Cannot get requestId: Handwriting was not initialized.
07-11 20:04:13.719  1861  1883 E ApplicationHelper: Fail to get PackageManager
07-11 20:04:13.722  1861  1861 E MBrainLocalService: notifyAppSwitch failed
07-11 20:04:13.722  1861  1883 E ApplicationHelper: Fail to get PackageManager
07-11 20:04:13.722  1861  1883 E ApplicationHelper: Fail to get PackageManager
07-11 20:04:13.732  1861  1952 I ActivityManager: Killing 10361:com.android.calllogbackup/u0a63 (adj 975): empty #8
07-11 20:04:13.732  1861  1883 E ApplicationHelper: Fail to get PackageManager
07-11 20:04:13.735  1861  1883 E ApplicationHelper: Fail to get PackageManager
07-11 20:04:13.781  1861  2604 W WindowManager: Changing focus from null to Window{26c833f u0 bitpit.launcher/bitpit.launcher.ui.HomeActivity} displayId=0 Callers=com.android.server.wm.RootWindowContainer.updateFocusedWindowLocked:470 com.android.server.wm.WindowManagerService.updateFocusedWindowLocked:6676 com.android.server.wm.WindowManagerService.relayoutWindowInner:2694 com.android.server.wm.WindowManagerService.relayoutWindow:2362 
07-11 20:04:13.786  1861  2604 I WindowManager: Relayout Window{26c833f u0 bitpit.launcher/bitpit.launcher.ui.HomeActivity}: oldVis=8 newVis=0 focusMayChange = true requestedWidth = 720 requestedHeight = 1604 outFrames = ClientWindowFrames{frame=[0,0][720,1604] display=[0,0][720,1604] parentFrame=[0,0][0,0]} outSurfaceControl = Surface(name=bitpit.launcher/bitpit.launcher.ui.HomeActivity)/@0x1e3922d
07-11 20:04:13.907  1861  6433 W UserManagerService: Requested status bar icon for non-badged user 0
07-11 20:04:13.919  1861  2079 I LamuSarControl: sendBroadcastToStopAlarm success
07-11 20:04:14.126  1861  1861 E MBrainLocalService: notifyAppSwitch failed
07-11 20:04:14.132  1861  2604 W UserManagerService: Requested status bar icon for non-badged user 0
07-11 20:04:14.135  1861  1861 E MBrainLocalService: notifyAppSwitch failed
07-11 20:04:14.137  1861  1861 E MBrainLocalService: notifyAppSwitch failed
07-11 20:04:14.138  1861  2604 W UserManagerService: Requested status bar icon for non-badged user 0
07-11 20:04:14.139  1861  1883 E ApplicationHelper: Fail to get PackageManager
07-11 20:04:14.139  1861  4324 W UserManagerService: Requested status bar icon for non-badged user 0
07-11 20:04:14.141  1861  6433 W UserManagerService: Requested status bar icon for non-badged user 0
07-11 20:04:14.141  1861  1883 E ApplicationHelper: Fail to get PackageManager
07-11 20:04:14.188  1861  2388 W PackageConfigPersister: App-specific configuration not found for packageName: bitpit.launcher and userId: 0
07-11 20:04:14.223  1861  1883 E ApplicationHelper: Fail to get PackageManager
07-11 20:04:14.223  1861  1883 E ApplicationHelper: Fail to get PackageManager
07-11 20:04:14.223  1861  1883 E ApplicationHelper: Fail to get PackageManager
07-11 20:04:14.223  1861  1883 E ApplicationHelper: Fail to get PackageManager
07-11 20:04:14.223  1861  1883 E ApplicationHelper: Fail to get PackageManager
07-11 20:04:14.223  1861  1883 E ApplicationHelper: Fail to get PackageManager
07-11 20:04:14.223  1861  1883 E ApplicationHelper: Fail to get PackageManager
07-11 20:04:14.742  1861  1883 E ApplicationHelper: Fail to get PackageManager
07-11 20:04:14.745  1861  1883 E ApplicationHelper: Fail to get PackageManager
07-11 20:04:14.900  1861  1885 W AccessibilityWindowsPopulator: Windows change within in 2 frames continuously over 500 ms and notify windows changed immediately
07-11 20:04:15.352  1861  1885 W AccessibilityWindowsPopulator: Windows change within in 2 frames continuously over 500 ms and notify windows changed immediately
07-11 20:04:15.751  1861  1883 E ApplicationHelper: Fail to get PackageManager
07-11 20:04:15.755  1861  1883 E ApplicationHelper: Fail to get PackageManager
07-11 20:04:16.760  1861  1883 E ApplicationHelper: Fail to get PackageManager
07-11 20:04:16.764  1861  1883 E ApplicationHelper: Fail to get PackageManager
07-11 20:04:17.771  1861  1883 E ApplicationHelper: Fail to get PackageManager
07-11 20:04:17.776  1861  1883 E ApplicationHelper: Fail to get PackageManager
07-11 20:04:18.781  1861  1883 E ApplicationHelper: Fail to get PackageManager
07-11 20:04:18.786  1861  1883 E ApplicationHelper: Fail to get PackageManager
07-11 20:04:19.792  1861  1883 E ApplicationHelper: Fail to get PackageManager
07-11 20:04:19.797  1861  1883 E ApplicationHelper: Fail to get PackageManager
07-11 20:04:20.801  1861  1883 E ApplicationHelper: Fail to get PackageManager
07-11 20:04:20.806  1861  1883 E ApplicationHelper: Fail to get PackageManager
07-11 20:04:21.327  1861  1883 E ApplicationHelper: Fail to get PackageManager
07-11 20:04:21.811  1861  1883 E ApplicationHelper: Fail to get PackageManager
07-11 20:04:21.816  1861  1883 E ApplicationHelper: Fail to get PackageManager
07-11 20:04:22.244  1861  1883 E ApplicationHelper: Fail to get PackageManager
07-11 20:04:22.822  1861  1883 E ApplicationHelper: Fail to get PackageManager
07-11 20:04:22.826  1861  1883 E ApplicationHelper: Fail to get PackageManager
07-11 20:04:23.831  1861  1883 E ApplicationHelper: Fail to get PackageManager
07-11 20:04:23.836  1861  1883 E ApplicationHelper: Fail to get PackageManager
07-11 20:04:23.939  1861  1982 E AlarmManager: Attempt to decrement existing alarm count 0 by 1 for uid 1000
07-11 20:04:23.945  1861  1883 E ApplicationHelper: Fail to get PackageManager
07-11 20:04:23.971  1861  1883 E ApplicationHelper: Fail to get PackageManager
07-11 20:04:24.842  1861  1883 E ApplicationHelper: Fail to get PackageManager
07-11 20:04:24.844  1861  1883 E ApplicationHelper: Fail to get PackageManager
07-11 20:04:24.959  1861  1897 I ActivityManager: Start proc 11464:com.google.android.gms.unstable/u0a150 for service {com.google.android.gms/com.google.android.gms.droidguard.DroidGuardService}
07-11 20:04:25.002  1861  1883 E ApplicationHelper: Fail to get PackageManager
07-11 20:04:25.278  1861  2388 I ActivityManager: Flag disabled. Ignoring finishAttachApplication from uid: 10150. pid: 11464
07-11 20:04:25.299  1861  1883 E ApplicationHelper: Fail to get PackageManager
07-11 20:04:25.477  1861  1883 E ApplicationHelper: Fail to get PackageManager
07-11 20:04:25.489  1861  1883 E ApplicationHelper: Fail to get PackageManager
07-11 20:04:25.500  1861  1883 E ApplicationHelper: Fail to get PackageManager
07-11 20:04:25.503  1861  1883 E ApplicationHelper: Fail to get PackageManager
07-11 20:04:25.850  1861  1883 E ApplicationHelper: Fail to get PackageManager
07-11 20:04:25.857  1861  1883 E ApplicationHelper: Fail to get PackageManager
07-11 20:04:26.864  1861  1883 E ApplicationHelper: Fail to get PackageManager
07-11 20:04:26.867  1861  1883 E ApplicationHelper: Fail to get PackageManager
07-11 20:04:27.871  1861  1883 E ApplicationHelper: Fail to get PackageManager
07-11 20:04:27.874  1861  1883 E ApplicationHelper: Fail to get PackageManager
07-11 20:04:28.878  1861  1883 E ApplicationHelper: Fail to get PackageManager
07-11 20:04:28.881  1861  1883 E ApplicationHelper: Fail to get PackageManager
07-11 20:04:29.887  1861  1883 E ApplicationHelper: Fail to get PackageManager
07-11 20:04:29.891  1861  1883 E ApplicationHelper: Fail to get PackageManager
07-11 20:04:30.090  1861  1883 E ApplicationHelper: Fail to get PackageManager
07-11 20:04:30.897  1861  1883 E ApplicationHelper: Fail to get PackageManager
07-11 20:04:30.901  1861  1883 E ApplicationHelper: Fail to get PackageManager
07-11 20:04:31.908  1861  1883 E ApplicationHelper: Fail to get PackageManager
07-11 20:04:31.912  1861  1883 E ApplicationHelper: Fail to get PackageManager
07-11 20:04:32.234  1861  1896 W ActivityManager: Stopping service due to app idle: u0a322 -11m58s692ms com.instagram.android/com.facebook.rti.pushv2.inapp.InappFbnsService
07-11 20:04:32.254  1861  1883 E ApplicationHelper: Fail to get PackageManager
07-11 20:04:32.276  1861  1883 E ApplicationHelper: Fail to get PackageManager
07-11 20:04:32.935  1861  1951 W ActivityManager: Background start not allowed: service Intent { act=Orca.START cmp=com.instagram.android/com.facebook.rti.pushv2.inapp.InappFbnsService (has extras) } to com.instagram.android/com.facebook.rti.pushv2.inapp.InappFbnsService from pid=10465 uid=10322 pkg=com.instagram.android startFg?=false
07-11 20:04:33.955  1861  1883 E ApplicationHelper: Fail to get PackageManager
07-11 20:04:33.958  1861  1883 E ApplicationHelper: Fail to get PackageManager
07-11 20:04:34.963  1861  1883 E ApplicationHelper: Fail to get PackageManager
07-11 20:04:34.965  1861  1883 E ApplicationHelper: Fail to get PackageManager
07-11 20:04:35.973  1861  1883 E ApplicationHelper: Fail to get PackageManager
07-11 20:04:35.979  1861  1883 E ApplicationHelper: Fail to get PackageManager
07-11 20:04:36.985  1861  1883 E ApplicationHelper: Fail to get PackageManager
07-11 20:04:36.990  1861  1883 E ApplicationHelper: Fail to get PackageManager
07-11 20:04:37.996  1861  1883 E ApplicationHelper: Fail to get PackageManager
07-11 20:04:38.001  1861  1883 E ApplicationHelper: Fail to get PackageManager
07-11 20:04:38.835   594 11458 I keystore2: system/security/keystore2/watchdog/src/lib.rs:319 - Watchdog thread idle -> terminating. Have a great day.
07-11 20:04:39.007  1861  1883 E ApplicationHelper: Fail to get PackageManager
07-11 20:04:39.013  1861  1883 E ApplicationHelper: Fail to get PackageManager
07-11 20:04:40.018  1861  1883 E ApplicationHelper: Fail to get PackageManager
07-11 20:04:40.021  1861  1883 E ApplicationHelper: Fail to get PackageManager
07-11 20:04:40.509  1861  1883 E ApplicationHelper: Fail to get PackageManager
07-11 20:04:40.510  1861  1883 E ApplicationHelper: Fail to get PackageManager
07-11 20:04:41.028  1861  1951 I ActivityManager: Killing 10343:com.truecaller/u0a251 (adj 975): empty #8
07-11 20:04:41.033  1861  1883 E ApplicationHelper: Fail to get PackageManager
07-11 20:04:41.035  1861  1883 E ApplicationHelper: Fail to get PackageManager
07-11 20:04:42.040  1861  1883 E ApplicationHelper: Fail to get PackageManager
07-11 20:04:42.044  1861  1883 E ApplicationHelper: Fail to get PackageManager
07-11 20:04:43.051  1861  1883 E ApplicationHelper: Fail to get PackageManager
07-11 20:04:43.057  1861  1883 E ApplicationHelper: Fail to get PackageManager
07-11 20:04:44.063  1861  1883 E ApplicationHelper: Fail to get PackageManager
07-11 20:04:44.068  1861  1883 E ApplicationHelper: Fail to get PackageManager
07-11 20:04:45.072  1861  1883 E ApplicationHelper: Fail to get PackageManager
07-11 20:04:45.077  1861  1883 E ApplicationHelper: Fail to get PackageManager
07-11 20:04:46.084  1861  1883 E ApplicationHelper: Fail to get PackageManager
07-11 20:04:46.088  1861  1883 E ApplicationHelper: Fail to get PackageManager
07-11 20:04:47.093  1861  1883 E ApplicationHelper: Fail to get PackageManager
07-11 20:04:47.099  1861  1883 E ApplicationHelper: Fail to get PackageManager
07-11 20:04:47.169  1861  1883 E ApplicationHelper: Fail to get PackageManager
07-11 20:04:47.171  1861  1883 E ApplicationHelper: Fail to get PackageManager
07-11 20:04:48.106  1861  1883 E ApplicationHelper: Fail to get PackageManager
07-11 20:04:48.111  1861  1883 E ApplicationHelper: Fail to get PackageManager
07-11 20:04:49.117  1861  1883 E ApplicationHelper: Fail to get PackageManager
07-11 20:04:49.121  1861  1883 E ApplicationHelper: Fail to get PackageManager
07-11 20:04:50.125  1861  1883 E ApplicationHelper: Fail to get PackageManager
07-11 20:04:50.130  1861  1883 E ApplicationHelper: Fail to get PackageManager
07-11 20:04:51.136  1861  1883 E ApplicationHelper: Fail to get PackageManager
07-11 20:04:51.141  1861  1883 E ApplicationHelper: Fail to get PackageManager
07-11 20:04:52.147  1861  1883 E ApplicationHelper: Fail to get PackageManager
07-11 20:04:52.150  1861  1883 E ApplicationHelper: Fail to get PackageManager
07-11 20:04:53.157  1861  1883 E ApplicationHelper: Fail to get PackageManager
07-11 20:04:53.160  1861  1883 E ApplicationHelper: Fail to get PackageManager
07-11 20:04:53.239  1861  1883 E ApplicationHelper: Fail to get PackageManager
07-11 20:04:54.169  1861  1883 E ApplicationHelper: Fail to get PackageManager
07-11 20:04:54.171  1861  1883 E ApplicationHelper: Fail to get PackageManager
07-11 20:04:55.177  1861  1883 E ApplicationHelper: Fail to get PackageManager
07-11 20:04:55.180  1861  1883 E ApplicationHelper: Fail to get PackageManager
07-11 20:04:56.185  1861  1883 E ApplicationHelper: Fail to get PackageManager
07-11 20:04:56.189  1861  1883 E ApplicationHelper: Fail to get PackageManager
07-11 20:04:57.194  1861  1883 E ApplicationHelper: Fail to get PackageManager
07-11 20:04:57.199  1861  1883 E ApplicationHelper: Fail to get PackageManager
07-11 20:04:58.205  1861  1883 E ApplicationHelper: Fail to get PackageManager
07-11 20:04:58.210  1861  1883 E ApplicationHelper: Fail to get PackageManager
07-11 20:04:59.217  1861  1883 E ApplicationHelper: Fail to get PackageManager
07-11 20:04:59.221  1861  1883 E ApplicationHelper: Fail to get PackageManager
07-11 20:05:00.115  1861  1883 E ApplicationHelper: Fail to get PackageManager
07-11 20:05:00.117  1861  1883 E ApplicationHelper: Fail to get PackageManager
07-11 20:05:00.228  1861  1883 E ApplicationHelper: Fail to get PackageManager
07-11 20:05:00.232  1861  1883 E ApplicationHelper: Fail to get PackageManager
07-11 20:05:01.239  1861  1883 E ApplicationHelper: Fail to get PackageManager
07-11 20:05:01.244  1861  1883 E ApplicationHelper: Fail to get PackageManager
07-11 20:05:02.251  1861  1883 E ApplicationHelper: Fail to get PackageManager
07-11 20:05:02.256  1861  1883 E ApplicationHelper: Fail to get PackageManager
07-11 20:05:03.262  1861  1883 E ApplicationHelper: Fail to get PackageManager
07-11 20:05:03.267  1861  1883 E ApplicationHelper: Fail to get PackageManager
07-11 20:05:04.275  1861  1883 E ApplicationHelper: Fail to get PackageManager
07-11 20:05:04.281  1861  1883 E ApplicationHelper: Fail to get PackageManager
07-11 20:05:04.807  1861  1883 E ApplicationHelper: Fail to get PackageManager
07-11 20:05:04.816  1861  1883 E ApplicationHelper: Fail to get PackageManager
07-11 20:05:05.288  1861  1883 E ApplicationHelper: Fail to get PackageManager
07-11 20:05:05.293  1861  1883 E ApplicationHelper: Fail to get PackageManager
07-11 20:05:06.301  1861  1883 E ApplicationHelper: Fail to get PackageManager
07-11 20:05:06.307  1861  1883 E ApplicationHelper: Fail to get PackageManager
07-11 20:05:07.312  1861  1883 E ApplicationHelper: Fail to get PackageManager
07-11 20:05:07.316  1861  1883 E ApplicationHelper: Fail to get PackageManager
07-11 20:05:08.321  1861  1883 E ApplicationHelper: Fail to get PackageManager
07-11 20:05:08.326  1861  1883 E ApplicationHelper: Fail to get PackageManager
07-11 20:05:09.333  1861  1883 E ApplicationHelper: Fail to get PackageManager
07-11 20:05:09.337  1861  1883 E ApplicationHelper: Fail to get PackageManager
07-11 20:05:10.344  1861  1883 E ApplicationHelper: Fail to get PackageManager
07-11 20:05:10.350  1861  1883 E ApplicationHelper: Fail to get PackageManager
07-11 20:05:11.356  1861  1883 E ApplicationHelper: Fail to get PackageManager
07-11 20:05:11.359  1861  1883 E ApplicationHelper: Fail to get PackageManager
07-11 20:05:12.367  1861  1883 E ApplicationHelper: Fail to get PackageManager
07-11 20:05:12.372  1861  1883 E ApplicationHelper: Fail to get PackageManager
07-11 20:05:13.359  1861  1883 E ApplicationHelper: Fail to get PackageManager
07-11 20:05:13.362  1861  1883 E ApplicationHelper: Fail to get PackageManager
07-11 20:05:13.378  1861  1883 E ApplicationHelper: Fail to get PackageManager
07-11 20:05:13.382  1861  1883 E ApplicationHelper: Fail to get PackageManager
07-11 20:05:14.140  1861  1896 W ActivityManager: Stopping service due to app idle: u0a252 -13m37s598ms com.whatsapp/.messageservice.messaging.MessageService
07-11 20:05:14.144  1861  1883 E ApplicationHelper: Fail to get PackageManager
07-11 20:05:14.147  1861  1883 E ApplicationHelper: Fail to get PackageManager
07-11 20:05:14.388  1861  1883 E ApplicationHelper: Fail to get PackageManager
07-11 20:05:14.392  1861  1883 E ApplicationHelper: Fail to get PackageManager
07-11 20:05:15.398  1861  1883 E ApplicationHelper: Fail to get PackageManager
07-11 20:05:15.402  1861  1883 E ApplicationHelper: Fail to get PackageManager
07-11 20:05:16.408  1861  1883 E ApplicationHelper: Fail to get PackageManager
07-11 20:05:16.413  1861  1883 E ApplicationHelper: Fail to get PackageManager
07-11 20:05:16.889  1861  2367 W AppOps  : Noting op not finished: uid 10150 pkg com.google.android.gms code 113 startTime of in progress event=1783778245016
07-11 20:05:16.893  1861  1883 E ApplicationHelper: Fail to get PackageManager
07-11 20:05:16.894  1861  1952 W AppOps  : Noting op not finished: uid 10150 pkg com.google.android.gms code 113 startTime of in progress event=1783778245016
07-11 20:05:16.896  1861  1883 E ApplicationHelper: Fail to get PackageManager
07-11 20:05:16.899  1861  1883 E ApplicationHelper: Fail to get PackageManager
07-11 20:05:16.901  1861  2367 W AppOps  : Noting op not finished: uid 10150 pkg com.google.android.gms code 113 startTime of in progress event=1783778245016
07-11 20:05:16.906  1861  2396 W AppOps  : Noting op not finished: uid 10150 pkg com.google.android.gms code 113 startTime of in progress event=1783778245016
07-11 20:05:16.912  1861  2604 W AppOps  : Noting op not finished: uid 10150 pkg com.google.android.gms code 113 startTime of in progress event=1783778245016
07-11 20:05:16.914  1861  1883 E ApplicationHelper: Fail to get PackageManager
07-11 20:05:16.916  1861  1883 E ApplicationHelper: Fail to get PackageManager
07-11 20:05:16.920  1861  1883 E ApplicationHelper: Fail to get PackageManager
07-11 20:05:17.419  1861  1883 E ApplicationHelper: Fail to get PackageManager
07-11 20:05:17.422  1861  1883 E ApplicationHelper: Fail to get PackageManager
07-11 20:05:18.429  1861  1883 E ApplicationHelper: Fail to get PackageManager
07-11 20:05:18.433  1861  1883 E ApplicationHelper: Fail to get PackageManager
07-11 20:05:19.441  1861  1883 E ApplicationHelper: Fail to get PackageManager
07-11 20:05:19.446  1861  1883 E ApplicationHelper: Fail to get PackageManager
07-11 20:05:20.453  1861  1883 E ApplicationHelper: Fail to get PackageManager
07-11 20:05:20.459  1861  1883 E ApplicationHelper: Fail to get PackageManager
07-11 20:05:21.465  1861  1883 E ApplicationHelper: Fail to get PackageManager
07-11 20:05:21.470  1861  1883 E ApplicationHelper: Fail to get PackageManager
07-11 20:05:22.478  1861  1883 E ApplicationHelper: Fail to get PackageManager
07-11 20:05:22.483  1861  1883 E ApplicationHelper: Fail to get PackageManager
07-11 20:05:23.491  1861  1883 E ApplicationHelper: Fail to get PackageManager
07-11 20:05:23.496  1861  1883 E ApplicationHelper: Fail to get PackageManager
07-11 20:05:23.936  1861  1883 E ApplicationHelper: Fail to get PackageManager
07-11 20:05:23.941  1861  1883 E ApplicationHelper: Fail to get PackageManager
07-11 20:05:24.502  1861  1883 E ApplicationHelper: Fail to get PackageManager
07-11 20:05:24.508  1861  1883 E ApplicationHelper: Fail to get PackageManager
07-11 20:05:25.515  1861  1883 E ApplicationHelper: Fail to get PackageManager
07-11 20:05:25.519  1861  1883 E ApplicationHelper: Fail to get PackageManager
07-11 20:05:26.525  1861  1883 E ApplicationHelper: Fail to get PackageManager
07-11 20:05:26.531  1861  1883 E ApplicationHelper: Fail to get PackageManager
07-11 20:05:27.537  1861  1883 E ApplicationHelper: Fail to get PackageManager
07-11 20:05:27.541  1861  1883 E ApplicationHelper: Fail to get PackageManager
07-11 20:05:28.548  1861  1883 E ApplicationHelper: Fail to get PackageManager
07-11 20:05:28.553  1861  1883 E ApplicationHelper: Fail to get PackageManager
07-11 20:05:29.560  1861  1883 E ApplicationHelper: Fail to get PackageManager
07-11 20:05:29.564  1861  1883 E ApplicationHelper: Fail to get PackageManager
07-11 20:05:29.939  1861  1883 E ApplicationHelper: Fail to get PackageManager
07-11 20:05:29.942  1861  1883 E ApplicationHelper: Fail to get PackageManager
07-11 20:05:30.568  1861  1952 I ActivityManager: Killing 11147:com.google.android.apps.photos/u0a175 (adj 965): empty #8
07-11 20:05:30.572  1861  1883 E ApplicationHelper: Fail to get PackageManager
07-11 20:05:30.575  1861  1883 E ApplicationHelper: Fail to get PackageManager
07-11 20:05:31.581  1861  1883 E ApplicationHelper: Fail to get PackageManager
07-11 20:05:31.584  1861  1883 E ApplicationHelper: Fail to get PackageManager
07-11 20:05:32.591  1861  1883 E ApplicationHelper: Fail to get PackageManager
07-11 20:05:32.595  1861  1883 E ApplicationHelper: Fail to get PackageManager
07-11 20:05:33.600  1861  1883 E ApplicationHelper: Fail to get PackageManager
07-11 20:05:33.606  1861  1883 E ApplicationHelper: Fail to get PackageManager
07-11 20:05:34.612  1861  1883 E ApplicationHelper: Fail to get PackageManager
07-11 20:05:34.615  1861  1883 E ApplicationHelper: Fail to get PackageManager
07-11 20:05:35.622  1861  1883 E ApplicationHelper: Fail to get PackageManager
07-11 20:05:35.627  1861  1883 E ApplicationHelper: Fail to get PackageManager
07-11 20:05:36.633  1861  1883 E ApplicationHelper: Fail to get PackageManager
07-11 20:05:36.637  1861  1883 E ApplicationHelper: Fail to get PackageManager
07-11 20:05:37.644  1861  1883 E ApplicationHelper: Fail to get PackageManager
07-11 20:05:37.650  1861  1883 E ApplicationHelper: Fail to get PackageManager
07-11 20:05:38.658  1861  1883 E ApplicationHelper: Fail to get PackageManager
07-11 20:05:38.660  1861  1883 E ApplicationHelper: Fail to get PackageManager
07-11 20:05:39.668  1861  1883 E ApplicationHelper: Fail to get PackageManager
07-11 20:05:39.673  1861  1883 E ApplicationHelper: Fail to get PackageManager
07-11 20:05:40.680  1861  1883 E ApplicationHelper: Fail to get PackageManager
07-11 20:05:40.686  1861  1883 E ApplicationHelper: Fail to get PackageManager
07-11 20:05:41.690  1861  1883 E ApplicationHelper: Fail to get PackageManager
07-11 20:05:41.693  1861  1883 E ApplicationHelper: Fail to get PackageManager
07-11 20:05:41.921  1861  1883 E ApplicationHelper: Fail to get PackageManager
07-11 20:05:41.934  1861  6433 I WindowManager: Relayout Window{9a23fdd u0 NotificationShade}: oldVis=4 newVis=0 focusMayChange = true requestedWidth = 720 requestedHeight = 1604 outFrames = ClientWindowFrames{frame=[0,0][720,1604] display=[0,0][720,1604] parentFrame=[0,0][0,0]} outSurfaceControl = Surface(name=NotificationShade)/@0x7a5183b
07-11 20:05:42.033  1861  6433 W WindowManager: Changing focus from Window{26c833f u0 bitpit.launcher/bitpit.launcher.ui.HomeActivity} to Window{9a23fdd u0 NotificationShade} displayId=0 Callers=com.android.server.wm.RootWindowContainer.updateFocusedWindowLocked:470 com.android.server.wm.WindowManagerService.updateFocusedWindowLocked:6676 com.android.server.wm.WindowManagerService.relayoutWindowInner:2694 com.android.server.wm.WindowManagerService.relayoutWindow:2362 
07-11 20:05:42.186  1861  1965 W ActivityManager: Unable to launch app app.morphe.android.youtube/10262 for service Intent { cmp=app.morphe.android.youtube/androidx.work.impl.background.systemjob.SystemJobService }: process is bad
07-11 20:05:42.191  1861  1965 E JobScheduler.Concurrency: Error executing JobStatus{22f1bd5 androidx.work.systemjobscheduler:u0a262/7006 @androidx.work.systemjobscheduler@app.morphe.android.youtube/androidx.work.impl.background.systemjob.SystemJobService u=0 s=10262 TIME=-33s547ms:none NET READY}
07-11 20:05:42.192  1861  1861 E JobServiceContext: Binding died for app.morphe.android.youtube but no running job on this context
07-11 20:05:42.465  1861  1885 W AccessibilityWindowsPopulator: Windows change within in 2 frames continuously over 500 ms and notify windows changed immediately
07-11 20:05:42.682  1861  1897 I ActivityManager: Start proc 11682:com.ape.dolby.settings/u0a71 for service {com.ape.dolby.settings/com.ape.dolby.settings.service.AudioEffectTileService}
07-11 20:05:42.696  1861  1883 E ApplicationHelper: Fail to get PackageManager
07-11 20:05:42.700  1861  1883 E ApplicationHelper: Fail to get PackageManager
07-11 20:05:42.743  1861  1883 E ApplicationHelper: Fail to get PackageManager
07-11 20:05:42.744  1861  1883 E ApplicationHelper: Fail to get PackageManager
07-11 20:05:42.868  1861  6433 I ActivityManager: Flag disabled. Ignoring finishAttachApplication from uid: 10071. pid: 11682
07-11 20:05:42.893  1861  1883 E ApplicationHelper: Fail to get PackageManager
07-11 20:05:43.298  1861  1919 I DisplayBrightnessStrategySelector: Changing the DisplayBrightnessStrategy from InvalidBrightnessStrategy to TemporaryBrightnessStrategy for display 0
07-11 20:05:43.301  1861  1919 I DisplayPowerController2[0]: BrightnessEvent: disp=0, physDisp=local:4627039422300187648, displayState=ON, displayPolicy=BRIGHT, brt=0.17688183, initBrt=0.17801255, rcmdBrt=NaN, preBrt=NaN, lux=0.0, preLux=0.0, hbmMax=1.0, hbmMode=off, rbcStrength=50, thrmMax=1.0, powerFactor=0.5, wasShortTermModelActive=false, flags=, reason=temporary, autoBrightness=false, strategy=TemporaryBrightnessStrategy, autoBrightnessMode=default
07-11 20:05:43.310  1861  1919 I DisplayBrightnessStrategySelector: Changing the DisplayBrightnessStrategy from TemporaryBrightnessStrategy to InvalidBrightnessStrategy for display 0
07-11 20:05:43.311  1861  1919 I DisplayPowerController2[0]: BrightnessEvent: disp=0, physDisp=local:4627039422300187648, displayState=ON, displayPolicy=BRIGHT, brt=0.07480016(user_set), initBrt=0.17688183, rcmdBrt=NaN, preBrt=NaN, lux=0.0, preLux=0.0, hbmMax=1.0, hbmMode=off, rbcStrength=50, thrmMax=1.0, powerFactor=0.5, wasShortTermModelActive=false, flags=user_set , reason=manual, autoBrightness=false, strategy=InvalidBrightnessStrategy, autoBrightnessMode=default
07-11 20:05:43.315  1861  1861 I BrightnessSynchronizer: [810] New Update 0.07480016(f) set brightness values:  20(i)
