07-11 20:43:18.148  1861  2605 W ActivityManager: Foreground service started from background can not have location/camera/microphone access: service com.huawei.health/com.huawei.hwservicesmgr.PhoneService
07-11 20:43:18.159  1861  1883 E ApplicationHelper: Fail to get PackageManager
07-11 20:43:18.165  1861  1883 E ApplicationHelper: Fail to get PackageManager
07-11 20:43:18.166  1861  1883 E ApplicationHelper: Fail to get PackageManager
07-11 20:43:18.169  1861  1883 E ApplicationHelper: Fail to get PackageManager
07-11 20:43:18.173  1861  1883 E ApplicationHelper: Fail to get PackageManager
07-11 20:43:18.177  1861  1883 E ApplicationHelper: Fail to get PackageManager
07-11 20:43:18.183  1861  1883 E ApplicationHelper: Fail to get PackageManager
07-11 20:43:18.293  1861  1991 E WindowManager: Display reconfigured outside of a transition: Display{#0 state=ON size=720x1604 ROTATION_0}
07-11 20:43:18.433  1861  1861 I Telecom-BluetoothStateReceiver: HFP device XX:XX:XX:XX:49:80 changed state to 0: BSR.oR@pY4
07-11 20:43:18.439  1861  1883 E ApplicationHelper: Fail to get PackageManager
07-11 20:43:18.454  1861  1883 E ApplicationHelper: Fail to get PackageManager
07-11 20:43:18.454  1861  1883 E ApplicationHelper: Fail to get PackageManager
07-11 20:43:18.454  1861  1883 E ApplicationHelper: Fail to get PackageManager
07-11 20:43:18.458  1861  1883 E ApplicationHelper: Fail to get PackageManager
07-11 20:43:18.463  1861  1883 E ApplicationHelper: Fail to get PackageManager
07-11 20:43:18.466  1861  1883 E ApplicationHelper: Fail to get PackageManager
07-11 20:43:18.471  1861  1883 E ApplicationHelper: Fail to get PackageManager
07-11 20:43:18.473  1861  1883 E ApplicationHelper: Fail to get PackageManager
07-11 20:43:18.476  1861  1883 E ApplicationHelper: Fail to get PackageManager
07-11 20:43:18.501  1861  5646 W AppOpService: Ignored setUidMode call for runtime permission app op: uid = 10251, code = RECEIVE_WAP_PUSH, mode = allow, callingUid = 1001, oldMode = allow
07-11 20:43:18.505  1861  2396 W AppOpService: Ignored setUidMode call for runtime permission app op: uid = 10251, code = READ_CELL_BROADCASTS, mode = allow, callingUid = 1001, oldMode = allow
07-11 20:43:18.505  1861  5646 I SettingsAccessControlPolicy: isDeviceSettingsChangeDisabled: value -> false
07-11 20:43:18.512  1861  1895 W MagnificationConnectionManager: requestConnection duplicated request: connect=false, mConnectionState=DISCONNECTED
07-11 20:43:18.515  1861  1878 W AppOpService: Ignored setUidMode call for runtime permission app op: uid = 1001, code = READ_SMS, mode = allow, callingUid = 1001, oldMode = allow
07-11 20:43:18.518  1861  2396 W AppOpService: Ignored setUidMode call for runtime permission app op: uid = 1001, code = RECEIVE_SMS, mode = allow, callingUid = 1001, oldMode = allow
07-11 20:43:18.520  1861  5646 W AppOpService: Ignored setUidMode call for runtime permission app op: uid = 1001, code = RECEIVE_WAP_PUSH, mode = allow, callingUid = 1001, oldMode = allow
07-11 20:43:18.521  1861  2603 W AppOpService: Ignored setUidMode call for runtime permission app op: uid = 1001, code = SEND_SMS, mode = allow, callingUid = 1001, oldMode = allow
07-11 20:43:18.522  1861  2396 W AppOpService: Ignored setUidMode call for runtime permission app op: uid = 1001, code = READ_CELL_BROADCASTS, mode = allow, callingUid = 1001, oldMode = allow
07-11 20:43:18.549  1861  2396 W WindowManager: Changing focus from Window{9a23fdd u0 NotificationShade} to Window{5abaecd u0 SystemUIDialog} displayId=0 Callers=com.android.server.wm.RootWindowContainer.updateFocusedWindowLocked:470 com.android.server.wm.WindowManagerService.updateFocusedWindowLocked:6676 com.android.server.wm.WindowManagerService.addWindow:1936 com.android.server.wm.Session.addToDisplayAsUser:257 
07-11 20:43:18.573  1861  2387 E AppOpService: Blocked setUidMode call for runtime permission app op: uid = 10130, code = FINE_LOCATION, mode = foreground, callingUid = 1000, oldMode = allow
07-11 20:43:18.573  1861  2387 E AppOpService: java.lang.RuntimeException
07-11 20:43:18.573  1861  2387 E AppOpService: 	at com.android.server.permission.access.appop.AppOpService.setUidMode(AppOpService.kt:268)
07-11 20:43:18.573  1861  2387 E AppOpService: 	at com.android.server.appop.AppOpsCheckingServiceTracingDecorator.setUidMode(AppOpsCheckingServiceTracingDecorator.java:120)
07-11 20:43:18.573  1861  2387 E AppOpService: 	at com.android.server.appop.AppOpsService.setUidMode(AppOpsService.java:2130)
07-11 20:43:18.573  1861  2387 E AppOpService: 	at com.android.server.appop.AppOpsService.setUidMode(AppOpsService.java:2059)
07-11 20:43:18.573  1861  2387 E AppOpService: 	at android.app.AppOpsManager.setUidMode(AppOpsManager.java:8107)
07-11 20:43:18.573  1861  2387 E AppOpService: 	at com.android.role.controller.model.Permissions.setAppOpModeAsUser(Permissions.java:908)
07-11 20:43:18.573  1861  2387 E AppOpService: 	at com.android.role.controller.model.Permissions.setAppOpUidModeAsUser(Permissions.java:885)
07-11 20:43:18.573  1861  2387 E AppOpService: 	at com.android.role.controller.model.Permissions.grantPermissionAndAppOpAsUser(Permissions.java:373)
07-11 20:43:18.573  1861  2387 E AppOpService: 	at com.android.role.controller.model.Permissions.grantSingleAsUser(Permissions.java:247)
07-11 20:43:18.573  1861  2387 E AppOpService: 	at com.android.role.controller.model.Permissions.grantAsUser(Permissions.java:205)
07-11 20:43:18.573  1861  2387 E AppOpService: 	at com.android.role.controller.model.Role.grantAsUser(Role.java:947)
07-11 20:43:18.573  1861  2387 E AppOpService: 	at com.android.role.controller.service.RoleControllerServiceImpl.addRoleHolderInternal(RoleControllerServiceImpl.java:380)
07-11 20:43:18.573  1861  2387 E AppOpService: 	at com.android.role.controller.service.RoleControllerServiceImpl.onGrantDefaultRoles(RoleControllerServiceImpl.java:163)
07-11 20:43:18.573  1861  2387 E AppOpService: 	at com.android.role.LocalRoleController.lambda$grantDefaultRoles$1(LocalRoleController.java:56)
07-11 20:43:18.573  1861  2387 E AppOpService: 	at com.android.role.LocalRoleController.$r8$lambda$ye-flP7Mf14AbTzwSmiTgndT6Cg(LocalRoleController.java:0)
07-11 20:43:18.573  1861  2387 E AppOpService: 	at com.android.role.LocalRoleController$$ExternalSyntheticLambda1.run(R8$$SyntheticClass:0)
07-11 20:43:18.573  1861  2387 E AppOpService: 	at android.os.Handler.handleCallback(Handler.java:959)
07-11 20:43:18.573  1861  2387 E AppOpService: 	at android.os.Handler.dispatchMessage(Handler.java:100)
07-11 20:43:18.573  1861  2387 E AppOpService: 	at android.os.Looper.loopOnce(Looper.java:234)
07-11 20:43:18.573  1861  2387 E AppOpService: 	at android.os.Looper.loop(Looper.java:319)
07-11 20:43:18.573  1861  2387 E AppOpService: 	at android.os.HandlerThread.run(HandlerThread.java:85)
07-11 20:43:18.575  1861  2387 E AppOpService: Blocked setUidMode call for runtime permission app op: uid = 10130, code = COARSE_LOCATION, mode = foreground, callingUid = 1000, oldMode = allow
07-11 20:43:18.575  1861  2387 E AppOpService: java.lang.RuntimeException
07-11 20:43:18.575  1861  2387 E AppOpService: 	at com.android.server.permission.access.appop.AppOpService.setUidMode(AppOpService.kt:268)
07-11 20:43:18.575  1861  2387 E AppOpService: 	at com.android.server.appop.AppOpsCheckingServiceTracingDecorator.setUidMode(AppOpsCheckingServiceTracingDecorator.java:120)
07-11 20:43:18.575  1861  2387 E AppOpService: 	at com.android.server.appop.AppOpsService.setUidMode(AppOpsService.java:2130)
07-11 20:43:18.575  1861  2387 E AppOpService: 	at com.android.server.appop.AppOpsService.setUidMode(AppOpsService.java:2059)
07-11 20:43:18.575  1861  2387 E AppOpService: 	at android.app.AppOpsManager.setUidMode(AppOpsManager.java:8107)
07-11 20:43:18.575  1861  2387 E AppOpService: 	at com.android.role.controller.model.Permissions.setAppOpModeAsUser(Permissions.java:908)
07-11 20:43:18.575  1861  2387 E AppOpService: 	at com.android.role.controller.model.Permissions.setAppOpUidModeAsUser(Permissions.java:885)
07-11 20:43:18.575  1861  2387 E AppOpService: 	at com.android.role.controller.model.Permissions.grantPermissionAndAppOpAsUser(Permissions.java:373)
07-11 20:43:18.575  1861  2387 E AppOpService: 	at com.android.role.controller.model.Permissions.grantSingleAsUser(Permissions.java:247)
07-11 20:43:18.575  1861  2387 E AppOpService: 	at com.android.role.controller.model.Permissions.grantAsUser(Permissions.java:205)
07-11 20:43:18.575  1861  2387 E AppOpService: 	at com.android.role.controller.model.Role.grantAsUser(Role.java:947)
07-11 20:43:18.575  1861  2387 E AppOpService: 	at com.android.role.controller.service.RoleControllerServiceImpl.addRoleHolderInternal(RoleControllerServiceImpl.java:380)
07-11 20:43:18.575  1861  2387 E AppOpService: 	at com.android.role.controller.service.RoleControllerServiceImpl.onGrantDefaultRoles(RoleControllerServiceImpl.java:163)
07-11 20:43:18.575  1861  2387 E AppOpService: 	at com.android.role.LocalRoleController.lambda$grantDefaultRoles$1(LocalRoleController.java:56)
07-11 20:43:18.575  1861  2387 E AppOpService: 	at com.android.role.LocalRoleController.$r8$lambda$ye-flP7Mf14AbTzwSmiTgndT6Cg(LocalRoleController.java:0)
07-11 20:43:18.575  1861  2387 E AppOpService: 	at com.android.role.LocalRoleController$$ExternalSyntheticLambda1.run(R8$$SyntheticClass:0)
07-11 20:43:18.575  1861  2387 E AppOpService: 	at android.os.Handler.handleCallback(Handler.java:959)
07-11 20:43:18.575  1861  2387 E AppOpService: 	at android.os.Handler.dispatchMessage(Handler.java:100)
07-11 20:43:18.575  1861  2387 E AppOpService: 	at android.os.Looper.loopOnce(Looper.java:234)
07-11 20:43:18.575  1861  2387 E AppOpService: 	at android.os.Looper.loop(Looper.java:319)
07-11 20:43:18.575  1861  2387 E AppOpService: 	at android.os.HandlerThread.run(HandlerThread.java:85)
07-11 20:43:18.590  1861  2387 E AppOpService: Blocked setUidMode call for runtime permission app op: uid = 10251, code = CAMERA, mode = foreground, callingUid = 1000, oldMode = allow
07-11 20:43:18.590  1861  2387 E AppOpService: java.lang.RuntimeException
07-11 20:43:18.590  1861  2387 E AppOpService: 	at com.android.server.permission.access.appop.AppOpService.setUidMode(AppOpService.kt:268)
07-11 20:43:18.590  1861  2387 E AppOpService: 	at com.android.server.appop.AppOpsCheckingServiceTracingDecorator.setUidMode(AppOpsCheckingServiceTracingDecorator.java:120)
07-11 20:43:18.590  1861  2387 E AppOpService: 	at com.android.server.appop.AppOpsService.setUidMode(AppOpsService.java:2130)
07-11 20:43:18.590  1861  2387 E AppOpService: 	at com.android.server.appop.AppOpsService.setUidMode(AppOpsService.java:2059)
07-11 20:43:18.590  1861  2387 E AppOpService: 	at android.app.AppOpsManager.setUidMode(AppOpsManager.java:8107)
07-11 20:43:18.590  1861  2387 E AppOpService: 	at com.android.role.controller.model.Permissions.setAppOpModeAsUser(Permissions.java:908)
07-11 20:43:18.590  1861  2387 E AppOpService: 	at com.android.role.controller.model.Permissions.setAppOpUidModeAsUser(Permissions.java:885)
07-11 20:43:18.590  1861  2387 E AppOpService: 	at com.android.role.controller.model.Permissions.grantPermissionAndAppOpAsUser(Permissions.java:373)
07-11 20:43:18.590  1861  2387 E AppOpService: 	at com.android.role.controller.model.Permissions.grantSingleAsUser(Permissions.java:247)
07-11 20:43:18.590  1861  2387 E AppOpService: 	at com.android.role.controller.model.Permissions.grantAsUser(Permissions.java:205)
07-11 20:43:18.590  1861  2387 E AppOpService: 	at com.android.role.controller.model.Role.grantAsUser(Role.java:947)
07-11 20:43:18.590  1861  2387 E AppOpService: 	at com.android.role.controller.service.RoleControllerServiceImpl.addRoleHolderInternal(RoleControllerServiceImpl.java:380)
07-11 20:43:18.590  1861  2387 E AppOpService: 	at com.android.role.controller.service.RoleControllerServiceImpl.onGrantDefaultRoles(RoleControllerServiceImpl.java:163)
07-11 20:43:18.590  1861  2387 E AppOpService: 	at com.android.role.LocalRoleController.lambda$grantDefaultRoles$1(LocalRoleController.java:56)
07-11 20:43:18.590  1861  2387 E AppOpService: 	at com.android.role.LocalRoleController.$r8$lambda$ye-flP7Mf14AbTzwSmiTgndT6Cg(LocalRoleController.java:0)
07-11 20:43:18.590  1861  2387 E AppOpService: 	at com.android.role.LocalRoleController$$ExternalSyntheticLambda1.run(R8$$SyntheticClass:0)
07-11 20:43:18.590  1861  2387 E AppOpService: 	at android.os.Handler.handleCallback(Handler.java:959)
07-11 20:43:18.590  1861  2387 E AppOpService: 	at android.os.Handler.dispatchMessage(Handler.java:100)
07-11 20:43:18.590  1861  2387 E AppOpService: 	at android.os.Looper.loopOnce(Looper.java:234)
07-11 20:43:18.590  1861  2387 E AppOpService: 	at android.os.Looper.loop(Looper.java:319)
07-11 20:43:18.590  1861  2387 E AppOpService: 	at android.os.HandlerThread.run(HandlerThread.java:85)
07-11 20:43:18.598  1861  2387 E AppOpService: Blocked setUidMode call for runtime permission app op: uid = 10251, code = CAMERA, mode = foreground, callingUid = 1000, oldMode = allow
07-11 20:43:18.598  1861  2387 E AppOpService: java.lang.RuntimeException
07-11 20:43:18.598  1861  2387 E AppOpService: 	at com.android.server.permission.access.appop.AppOpService.setUidMode(AppOpService.kt:268)
07-11 20:43:18.598  1861  2387 E AppOpService: 	at com.android.server.appop.AppOpsCheckingServiceTracingDecorator.setUidMode(AppOpsCheckingServiceTracingDecorator.java:120)
07-11 20:43:18.598  1861  2387 E AppOpService: 	at com.android.server.appop.AppOpsService.setUidMode(AppOpsService.java:2130)
07-11 20:43:18.598  1861  2387 E AppOpService: 	at com.android.server.appop.AppOpsService.setUidMode(AppOpsService.java:2059)
07-11 20:43:18.598  1861  2387 E AppOpService: 	at android.app.AppOpsManager.setUidMode(AppOpsManager.java:8107)
07-11 20:43:18.598  1861  2387 E AppOpService: 	at com.android.role.controller.model.Permissions.setAppOpModeAsUser(Permissions.java:908)
07-11 20:43:18.598  1861  2387 E AppOpService: 	at com.android.role.controller.model.Permissions.setAppOpUidModeAsUser(Permissions.java:885)
07-11 20:43:18.598  1861  2387 E AppOpService: 	at com.android.role.controller.model.Permissions.grantPermissionAndAppOpAsUser(Permissions.java:373)
07-11 20:43:18.598  1861  2387 E AppOpService: 	at com.android.role.controller.model.Permissions.grantSingleAsUser(Permissions.java:247)
07-11 20:43:18.598  1861  2387 E AppOpService: 	at com.android.role.controller.model.Permissions.grantAsUser(Permissions.java:205)
07-11 20:43:18.598  1861  2387 E AppOpService: 	at com.android.role.controller.model.Role.grantAsUser(Role.java:947)
07-11 20:43:18.598  1861  2387 E AppOpService: 	at com.android.role.controller.service.RoleControllerServiceImpl.addRoleHolderInternal(RoleControllerServiceImpl.java:380)
07-11 20:43:18.598  1861  2387 E AppOpService: 	at com.android.role.controller.service.RoleControllerServiceImpl.onGrantDefaultRoles(RoleControllerServiceImpl.java:163)
07-11 20:43:18.598  1861  2387 E AppOpService: 	at com.android.role.LocalRoleController.lambda$grantDefaultRoles$1(LocalRoleController.java:56)
07-11 20:43:18.598  1861  2387 E AppOpService: 	at com.android.role.LocalRoleController.$r8$lambda$ye-flP7Mf14AbTzwSmiTgndT6Cg(LocalRoleController.java:0)
07-11 20:43:18.598  1861  2387 E AppOpService: 	at com.android.role.LocalRoleController$$ExternalSyntheticLambda1.run(R8$$SyntheticClass:0)
07-11 20:43:18.598  1861  2387 E AppOpService: 	at android.os.Handler.handleCallback(Handler.java:959)
07-11 20:43:18.598  1861  2387 E AppOpService: 	at android.os.Handler.dispatchMessage(Handler.java:100)
07-11 20:43:18.598  1861  2387 E AppOpService: 	at android.os.Looper.loopOnce(Looper.java:234)
07-11 20:43:18.598  1861  2387 E AppOpService: 	at android.os.Looper.loop(Looper.java:319)
07-11 20:43:18.598  1861  2387 E AppOpService: 	at android.os.HandlerThread.run(HandlerThread.java:85)
07-11 20:43:18.986  1861  1883 E ApplicationHelper: Fail to get PackageManager
07-11 20:43:18.988  1861  1883 E ApplicationHelper: Fail to get PackageManager
07-11 20:43:18.994  1861  1883 E ApplicationHelper: Fail to get PackageManager
07-11 20:43:18.998  1861  1883 E ApplicationHelper: Fail to get PackageManager
07-11 20:43:19.295  1861  1883 E ApplicationHelper: Fail to get PackageManager
07-11 20:43:19.304  1861  1883 E ApplicationHelper: Fail to get PackageManager
07-11 20:43:19.304  1861  1883 E ApplicationHelper: Fail to get PackageManager
07-11 20:43:19.310  1861  1883 E ApplicationHelper: Fail to get PackageManager
07-11 20:43:19.312  1861  1883 E ApplicationHelper: Fail to get PackageManager
07-11 20:43:19.318  1861  1883 E ApplicationHelper: Fail to get PackageManager
07-11 20:43:19.320  1861  1883 E ApplicationHelper: Fail to get PackageManager
07-11 20:43:19.322  1861  1883 E ApplicationHelper: Fail to get PackageManager
07-11 20:43:19.329  1861  1883 E ApplicationHelper: Fail to get PackageManager
07-11 20:43:19.332  1861  1883 E ApplicationHelper: Fail to get PackageManager
07-11 20:43:19.593  1861  2396 I WindowManager: Relayout Window{21b157d u0 com.jamworks.dynamicspot}: oldVis=8 newVis=0 focusMayChange = true requestedWidth = 402 requestedHeight = 78 outFrames = ClientWindowFrames{frame=[159,1][561,79] display=[-100000,-100000][100000,100000] parentFrame=[0,0][0,0]} outSurfaceControl = Surface(name=)/@0x32b38ac
07-11 20:43:19.630  1861  1883 E ApplicationHelper: Fail to get PackageManager
07-11 20:43:19.635  1861  1885 I DisplayDeviceRepository: Display device changed: DisplayDeviceInfo{"Built-in Screen": uniqueId="local:4627039422300187648", 720 x 1604, modeId 1, renderFrameRate 60.0, defaultModeId 1, userPreferredModeId -1, supportedModes [{id=1, width=720, height=1604, fps=60.0, vsync=60.0, synthetic=false, alternativeRefreshRates=[90.0], supportedHdrTypes=[]}, {id=2, width=720, height=1604, fps=90.0, vsync=90.0, synthetic=false, alternativeRefreshRates=[60.0], supportedHdrTypes=[]}], colorMode 0, supportedColorModes [0], hdrCapabilities HdrCapabilities{mSupportedHdrTypes=[], mMaxLuminance=500.0, mMaxAverageLuminance=500.0, mMinLuminance=0.0}, allmSupported false, gameContentTypeSupported false, density 280, 268.9412 x 268.0368 dpi, appVsyncOff 2400001, presDeadline 28600000, cutout DisplayCutout{insets=Rect(0, 70 - 0, 0) waterfall=Insets{left=0, top=0, right=0, bottom=0} boundingRect={Bounds=[Rect(0, 0 - 0, 0), Rect(336, 0 - 384, 70), Rect(0, 0 - 0, 0), Rect(0, 0 - 0, 0)]} cutoutPathParserInfo={CutoutPathParserInfo{displayWidth=720 displayHeight=1604 physicalDisplayWidth=720 physicalDisplayHeight=1604 density={1.75} cutoutSpec={M -24,0 L 24,0 L 24,70 L -24,70 Z} rotation={0} scale={1.0} physicalPixelDisplaySizeRatio={1.0}}} sideOverrides={}}, touch INTERNAL, rotation 0, type INTERNAL, address {port=0, model=0x40368bd6e7ee6c}, deviceProductInfo DeviceProductInfo{name=MTKDEV, manufacturerPnpId=MTK, productId=35638, modelYear=null, manufactureDate=ManufactureDate{week=42, year=2021}, connectionToSinkType=0}, state ON, committedState ON, frameRateOverride {uid=10288 frameRateHz=60.0} , brightnessMinimum 0.0, brightnessMaximum 1.0, brightnessDefault 0.4685039, hdrSdrRatio NaN, FLAG_ALLOWED_TO_BE_DEFAULT_DISPLAY, FLAG_ROTATES_WITH_CONTENT, FLAG_SECURE, FLAG_SUPPORTS_PROTECTED_BUFFERS, FLAG_TRUSTED, installOrientation 0, displayShape DisplayShape{ spec=-757940771 displayWidth=720 displayHeight=1604 physicalPixelDisplaySizeRatio=1.0 rotation=0 offsetX=0 offsetY=0 scale=1.0}}
07-11 20:43:19.637  1861  1861 I Telecom-BluetoothStateReceiver: HFP device XX:XX:XX:XX:49:80 changed state to 1: BSR.oR@pZE
07-11 20:43:19.643  1861  1883 E ApplicationHelper: Fail to get PackageManager
07-11 20:43:19.643  1861  1883 E ApplicationHelper: Fail to get PackageManager
07-11 20:43:19.654  1861  1883 E ApplicationHelper: Fail to get PackageManager
07-11 20:43:19.654  1861  1883 E ApplicationHelper: Fail to get PackageManager
07-11 20:43:19.661  1861  1883 E ApplicationHelper: Fail to get PackageManager
07-11 20:43:19.663  1861  1883 E ApplicationHelper: Fail to get PackageManager
07-11 20:43:19.667  1861  1883 E ApplicationHelper: Fail to get PackageManager
07-11 20:43:19.670  1861  1883 E ApplicationHelper: Fail to get PackageManager
07-11 20:43:19.677  1861  1883 E ApplicationHelper: Fail to get PackageManager
07-11 20:43:19.681  1861  1883 E ApplicationHelper: Fail to get PackageManager
07-11 20:43:19.684  1861  1883 E ApplicationHelper: Fail to get PackageManager
07-11 20:43:19.772  1861  1883 E ApplicationHelper: Fail to get PackageManager
07-11 20:43:19.780  1861  1883 E ApplicationHelper: Fail to get PackageManager
07-11 20:43:19.780  1861  1883 E ApplicationHelper: Fail to get PackageManager
07-11 20:43:19.780  1861  1883 E ApplicationHelper: Fail to get PackageManager
07-11 20:43:19.782  1861  1883 E ApplicationHelper: Fail to get PackageManager
07-11 20:43:19.784  1861  1883 E ApplicationHelper: Fail to get PackageManager
07-11 20:43:19.788  1861  1883 E ApplicationHelper: Fail to get PackageManager
07-11 20:43:19.794  1861  1883 E ApplicationHelper: Fail to get PackageManager
07-11 20:43:19.795  1861  1883 E ApplicationHelper: Fail to get PackageManager
07-11 20:43:19.826  1861  1883 E ApplicationHelper: Fail to get PackageManager
07-11 20:43:19.909  1861  1861 I Telecom-BluetoothStateReceiver: HFP device XX:XX:XX:XX:49:80 changed state to 2: BSR.oR@pZI
07-11 20:43:19.909  1861  1861 I Telecom-BluetoothDeviceManager: Adding device with address: XX:XX:XX:XX:49:80 and devicetype=HFP: BSR.oR@pZI
07-11 20:43:19.910  1861  2644 I Telecom-BluetoothRouteManager: AudioOff received message: NEW_DEVICE_CONNECTED.: BSR.oR->BRM.pM_1@pZI
07-11 20:43:19.911  1861  2660 I Telecom-CallAudioRouteStateMachine: Message received: BLUETOOTH_DEVICE_LIST_CHANGED=7, arg1=0: BSR.oR->CARSM.pM_BLUETOOTH_DEVICE_LIST_CHANGED@pZI
07-11 20:43:19.911  1861  2660 I Telecom-CallAudioRouteStateMachine$QuiescentEarpieceRoute: Processing message BLUETOOTH_DEVICE_LIST_CHANGED: BSR.oR->CARSM.pM_BLUETOOTH_DEVICE_LIST_CHANGED@pZI
07-11 20:43:19.912  1861  2660 I Telecom : Logging.Events: Non-call EVENT: AUDIO_ROUTE, Bluetooth device list changed: BSR.oR->CARSM.pM_BLUETOOTH_DEVICE_LIST_CHANGED@pZI
07-11 20:43:19.913  1861  1883 E ApplicationHelper: Fail to get PackageManager
07-11 20:43:19.915  1861  1861 I Telecom-BluetoothStateReceiver: Device XX:XX:XX:XX:49:80 is now the preferred BT device for HFP: BSR.oR@pZM
07-11 20:43:19.929  1861  1883 E ApplicationHelper: Fail to get PackageManager
07-11 20:43:19.929  1861  1883 E ApplicationHelper: Fail to get PackageManager
07-11 20:43:19.936  1861  2660 I Telecom-CallAudioRouteStateMachine: Message received: BT_ACTIVE_DEVICE_PRESENT=8, arg1=0: BSR.oR->CARSM.pM_BT_ACTIVE_DEVICE_PRESENT@pZM
07-11 20:43:19.936  1861  2660 I Telecom-CallAudioRouteStateMachine$QuiescentEarpieceRoute: Processing message BT_ACTIVE_DEVICE_PRESENT: BSR.oR->CARSM.pM_BT_ACTIVE_DEVICE_PRESENT@pZM
07-11 20:43:19.936  1861  2660 I Telecom : Logging.Events: Non-call EVENT: AUDIO_ROUTE, Bluetooth active device present: BSR.oR->CARSM.pM_BT_ACTIVE_DEVICE_PRESENT@pZM
07-11 20:43:19.937  1861  2660 I Telecom-CallAudioRouteStateMachine: Message received: SWITCH_BLUETOOTH=1002, arg1=0: BSR.oR->CARSM.pM_BT_ACTIVE_DEVICE_PRESENT->CARSM.pM_SWITCH_BLUETOOTH@pZM
07-11 20:43:19.937  1861  2660 I Telecom-CallAudioRouteStateMachine$QuiescentEarpieceRoute: Processing message SWITCH_BLUETOOTH: BSR.oR->CARSM.pM_BT_ACTIVE_DEVICE_PRESENT->CARSM.pM_SWITCH_BLUETOOTH@pZM
07-11 20:43:19.937  1861  2660 I Telecom : Logging.Events: Non-call EVENT: AUDIO_ROUTE, Leaving state QuiescentEarpieceRoute: BSR.oR->CARSM.pM_BT_ACTIVE_DEVICE_PRESENT->CARSM.pM_SWITCH_BLUETOOTH@pZM
07-11 20:43:19.937  1861  2660 I Telecom : Logging.Events: Non-call EVENT: AUDIO_ROUTE, Entering state QuiescentBluetoothRoute: BSR.oR->CARSM.pM_BT_ACTIVE_DEVICE_PRESENT->CARSM.pM_SWITCH_BLUETOOTH@pZM
07-11 20:43:19.937  1861  2667 I Telecom-CallAudioModeStateMachine: Message received: BT_ACTIVE_DEVICE_PRESENT.: BSR.oR->CARSM.pM_BT_ACTIVE_DEVICE_PRESENT->CAMSM.pM_10005@pZM
07-11 20:43:19.952  1861  1883 E ApplicationHelper: Fail to get PackageManager
07-11 20:43:19.952  1861  1883 E ApplicationHelper: Fail to get PackageManager
07-11 20:43:19.968  1861  1883 E ApplicationHelper: Fail to get PackageManager
07-11 20:43:19.970  1861  1883 E ApplicationHelper: Fail to get PackageManager
07-11 20:43:19.973  1861  1883 E ApplicationHelper: Fail to get PackageManager
07-11 20:43:19.991  1861  1883 E ApplicationHelper: Fail to get PackageManager
07-11 20:43:19.996  1861  1883 E ApplicationHelper: Fail to get PackageManager
07-11 20:43:20.139  1861  2074 W LamuSarControl: lastReturnTime6348
07-11 20:43:20.139  1861  2074 W LamuSarControl: lastReturnTime continue
07-11 20:43:20.142  1861  2074 W LamuSarControl: onAudioPatchListUpdatefalse
07-11 20:43:20.147  1861  1883 E ApplicationHelper: Fail to get PackageManager
07-11 20:43:20.149  1861  1883 E ApplicationHelper: Fail to get PackageManager
07-11 20:43:20.328  1861  2074 W LamuSarControl: isInCommunicationOrInCall0
07-11 20:43:20.328  1861  2074 W LamuSarControl: onAudioPatchListUpdatefalse
07-11 20:43:20.329  1861  2074 W LamuSarControl: isInCommunicationOrInCall0
07-11 20:43:20.348  1861  2074 W LamuSarControl: onAudioPortListUpdate
07-11 20:43:20.351  1861  1861 I Telecom-WiredHeadsetManager: ACTION_HEADSET_PLUG event, plugged in: false, : WHC.oADA@pZU
07-11 20:43:20.368  1861  1883 E ApplicationHelper: Fail to get PackageManager
07-11 20:43:20.394  1861  1883 E ApplicationHelper: Fail to get PackageManager
07-11 20:43:20.462  1861  2098 I MR2ServiceImpl: addProviderRoutes | provider: com.android.server.media/.SystemMediaRoute2Provider, routes: [64:8F:DB:25:49:80 | OnePlus Nord Buds 2r]
07-11 20:43:20.491  1861  1883 E ApplicationHelper: Fail to get PackageManager
07-11 20:43:20.505  1861  1883 E ApplicationHelper: Fail to get PackageManager
07-11 20:43:20.515  1861  1883 E ApplicationHelper: Fail to get PackageManager
07-11 20:43:20.526  1861  1883 E ApplicationHelper: Fail to get PackageManager
07-11 20:43:20.530  1861  1883 E ApplicationHelper: Fail to get PackageManager
07-11 20:43:20.534  1861  1883 E ApplicationHelper: Fail to get PackageManager
07-11 20:43:21.818  1861  2605 W WindowManager: Changing focus from Window{5abaecd u0 SystemUIDialog EXITING} to Window{9a23fdd u0 NotificationShade} displayId=0 Callers=com.android.server.wm.RootWindowContainer.updateFocusedWindowLocked:470 com.android.server.wm.WindowManagerService.updateFocusedWindowLocked:6676 com.android.server.wm.WindowState.setupWindowForRemoveOnExit:2573 com.android.server.wm.WindowState.removeIfPossible:2535 
07-11 20:43:21.841  1861  1885 I DisplayDeviceRepository: Display device changed: DisplayDeviceInfo{"Built-in Screen": uniqueId="local:4627039422300187648", 720 x 1604, modeId 1, renderFrameRate 60.0, defaultModeId 1, userPreferredModeId -1, supportedModes [{id=1, width=720, height=1604, fps=60.0, vsync=60.0, synthetic=false, alternativeRefreshRates=[90.0], supportedHdrTypes=[]}, {id=2, width=720, height=1604, fps=90.0, vsync=90.0, synthetic=false, alternativeRefreshRates=[60.0], supportedHdrTypes=[]}], colorMode 0, supportedColorModes [0], hdrCapabilities HdrCapabilities{mSupportedHdrTypes=[], mMaxLuminance=500.0, mMaxAverageLuminance=500.0, mMinLuminance=0.0}, allmSupported false, gameContentTypeSupported false, density 280, 268.9412 x 268.0368 dpi, appVsyncOff 2400001, presDeadline 28600000, cutout DisplayCutout{insets=Rect(0, 70 - 0, 0) waterfall=Insets{left=0, top=0, right=0, bottom=0} boundingRect={Bounds=[Rect(0, 0 - 0, 0), Rect(336, 0 - 384, 70), Rect(0, 0 - 0, 0), Rect(0, 0 - 0, 0)]} cutoutPathParserInfo={CutoutPathParserInfo{displayWidth=720 displayHeight=1604 physicalDisplayWidth=720 physicalDisplayHeight=1604 density={1.75} cutoutSpec={M -24,0 L 24,0 L 24,70 L -24,70 Z} rotation={0} scale={1.0} physicalPixelDisplaySizeRatio={1.0}}} sideOverrides={}}, touch INTERNAL, rotation 0, type INTERNAL, address {port=0, model=0x40368bd6e7ee6c}, deviceProductInfo DeviceProductInfo{name=MTKDEV, manufacturerPnpId=MTK, productId=35638, modelYear=null, manufactureDate=ManufactureDate{week=42, year=2021}, connectionToSinkType=0}, state ON, committedState ON, frameRateOverride , brightnessMinimum 0.0, brightnessMaximum 1.0, brightnessDefault 0.4685039, hdrSdrRatio NaN, FLAG_ALLOWED_TO_BE_DEFAULT_DISPLAY, FLAG_ROTATES_WITH_CONTENT, FLAG_SECURE, FLAG_SUPPORTS_PROTECTED_BUFFERS, FLAG_TRUSTED, installOrientation 0, displayShape DisplayShape{ spec=-757940771 displayWidth=720 displayHeight=1604 physicalPixelDisplaySizeRatio=1.0 rotation=0 offsetX=0 offsetY=0 scale=1.0}}
07-11 20:43:22.010  1861  1885 I DisplayDeviceRepository: Display device changed: DisplayDeviceInfo{"Built-in Screen": uniqueId="local:4627039422300187648", 720 x 1604, modeId 1, renderFrameRate 60.0, defaultModeId 1, userPreferredModeId -1, supportedModes [{id=1, width=720, height=1604, fps=60.0, vsync=60.0, synthetic=false, alternativeRefreshRates=[90.0], supportedHdrTypes=[]}, {id=2, width=720, height=1604, fps=90.0, vsync=90.0, synthetic=false, alternativeRefreshRates=[60.0], supportedHdrTypes=[]}], colorMode 0, supportedColorModes [0], hdrCapabilities HdrCapabilities{mSupportedHdrTypes=[], mMaxLuminance=500.0, mMaxAverageLuminance=500.0, mMinLuminance=0.0}, allmSupported false, gameContentTypeSupported false, density 280, 268.9412 x 268.0368 dpi, appVsyncOff 2400001, presDeadline 28600000, cutout DisplayCutout{insets=Rect(0, 70 - 0, 0) waterfall=Insets{left=0, top=0, right=0, bottom=0} boundingRect={Bounds=[Rect(0, 0 - 0, 0), Rect(336, 0 - 384, 70), Rect(0, 0 - 0, 0), Rect(0, 0 - 0, 0)]} cutoutPathParserInfo={CutoutPathParserInfo{displayWidth=720 displayHeight=1604 physicalDisplayWidth=720 physicalDisplayHeight=1604 density={1.75} cutoutSpec={M -24,0 L 24,0 L 24,70 L -24,70 Z} rotation={0} scale={1.0} physicalPixelDisplaySizeRatio={1.0}}} sideOverrides={}}, touch INTERNAL, rotation 0, type INTERNAL, address {port=0, model=0x40368bd6e7ee6c}, deviceProductInfo DeviceProductInfo{name=MTKDEV, manufacturerPnpId=MTK, productId=35638, modelYear=null, manufactureDate=ManufactureDate{week=42, year=2021}, connectionToSinkType=0}, state ON, committedState ON, frameRateOverride {uid=10288 frameRateHz=60.0} , brightnessMinimum 0.0, brightnessMaximum 1.0, brightnessDefault 0.4685039, hdrSdrRatio NaN, FLAG_ALLOWED_TO_BE_DEFAULT_DISPLAY, FLAG_ROTATES_WITH_CONTENT, FLAG_SECURE, FLAG_SUPPORTS_PROTECTED_BUFFERS, FLAG_TRUSTED, installOrientation 0, displayShape DisplayShape{ spec=-757940771 displayWidth=720 displayHeight=1604 physicalPixelDisplaySizeRatio=1.0 rotation=0 offsetX=0 offsetY=0 scale=1.0}}
07-11 20:43:22.489  1861  4323 W ActivityManager: Unable to start service Intent { act=com.huawei.iconnect.action.DEVICE_BOND_STATE_CHANGED cmp=com.huawei.iconnect/.MessageIntentService (has extras) } U=0: not found
07-11 20:43:22.490  1861  1883 E ApplicationHelper: Fail to get PackageManager
07-11 20:43:22.492  1861  1883 E ApplicationHelper: Fail to get PackageManager
07-11 20:43:22.633  1861  2603 W WindowManager: Changing focus from Window{9a23fdd u0 NotificationShade} to Window{25e94ba u0 com.instagram.android/com.instagram.android.activity.MainTabActivity} displayId=0 Callers=com.android.server.wm.RootWindowContainer.updateFocusedWindowLocked:470 com.android.server.wm.WindowManagerService.updateFocusedWindowLocked:6676 com.android.server.wm.WindowManagerService.relayoutWindowInner:2694 com.android.server.wm.WindowManagerService.relayoutWindow:2362 
07-11 20:43:22.654  1861  1883 E ApplicationHelper: Fail to get PackageManager
07-11 20:43:22.702  1861  2603 W PackageConfigPersister: App-specific configuration not found for packageName: com.instagram.android and userId: 0
07-11 20:43:22.703  1861  2406 W ActivityManager: Foreground service started from background can not have location/camera/microphone access: service com.huawei.health/com.huawei.hwservicesmgr.PhoneService
07-11 20:43:22.743  1861  2605 W ActivityManager: Foreground service started from background can not have location/camera/microphone access: service com.huawei.health/com.huawei.hwservicesmgr.PhoneService
07-11 20:43:22.759  1861  1861 W NotificationHistory: Attempted to add notif for locked/gone/disabled user 0
07-11 20:43:22.770  1861  1883 E ApplicationHelper: Fail to get PackageManager
07-11 20:43:22.781  1861  1883 E ApplicationHelper: Fail to get PackageManager
07-11 20:43:22.790  1861  1883 E ApplicationHelper: Fail to get PackageManager
07-11 20:43:22.804  1861  1883 E ApplicationHelper: Fail to get PackageManager
07-11 20:43:22.854  1861  2605 W WindowManager: Changing focus from Window{25e94ba u0 com.instagram.android/com.instagram.android.activity.MainTabActivity} to Window{21b157d u0 com.jamworks.dynamicspot} displayId=0 Callers=com.android.server.wm.RootWindowContainer.updateFocusedWindowLocked:470 com.android.server.wm.WindowManagerService.updateFocusedWindowLocked:6676 com.android.server.wm.WindowManagerService.relayoutWindowInner:2694 com.android.server.wm.WindowManagerService.relayoutWindow:2362 
07-11 20:43:23.639  1861  1883 E ApplicationHelper: Fail to get PackageManager
07-11 20:43:23.743  1861  1883 E ApplicationHelper: Fail to get PackageManager
07-11 20:43:26.869  1861  4323 W WindowManager: Changing focus from Window{21b157d u0 com.jamworks.dynamicspot} to Window{25e94ba u0 com.instagram.android/com.instagram.android.activity.MainTabActivity} displayId=0 Callers=com.android.server.wm.RootWindowContainer.updateFocusedWindowLocked:470 com.android.server.wm.WindowManagerService.updateFocusedWindowLocked:6676 com.android.server.wm.WindowManagerService.relayoutWindowInner:2694 com.android.server.wm.WindowManagerService.relayoutWindow:2362 
07-11 20:43:26.945  1861  5646 W PackageConfigPersister: App-specific configuration not found for packageName: com.instagram.android and userId: 0
07-11 20:43:27.434  1861  1885 W AccessibilityWindowsPopulator: Windows change within in 2 frames continuously over 500 ms and notify windows changed immediately
07-11 20:43:27.674  1861  4323 I ActivityManager: Process com.whatsapp (pid 17005) has died: cch+5 CEM 
07-11 20:43:27.719  1861  1885 I DisplayDeviceRepository: Display device changed: DisplayDeviceInfo{"Built-in Screen": uniqueId="local:4627039422300187648", 720 x 1604, modeId 1, renderFrameRate 60.0, defaultModeId 1, userPreferredModeId -1, supportedModes [{id=1, width=720, height=1604, fps=60.0, vsync=60.0, synthetic=false, alternativeRefreshRates=[90.0], supportedHdrTypes=[]}, {id=2, width=720, height=1604, fps=90.0, vsync=90.0, synthetic=false, alternativeRefreshRates=[60.0], supportedHdrTypes=[]}], colorMode 0, supportedColorModes [0], hdrCapabilities HdrCapabilities{mSupportedHdrTypes=[], mMaxLuminance=500.0, mMaxAverageLuminance=500.0, mMinLuminance=0.0}, allmSupported false, gameContentTypeSupported false, density 280, 268.9412 x 268.0368 dpi, appVsyncOff 2400001, presDeadline 28600000, cutout DisplayCutout{insets=Rect(0, 70 - 0, 0) waterfall=Insets{left=0, top=0, right=0, bottom=0} boundingRect={Bounds=[Rect(0, 0 - 0, 0), Rect(336, 0 - 384, 70), Rect(0, 0 - 0, 0), Rect(0, 0 - 0, 0)]} cutoutPathParserInfo={CutoutPathParserInfo{displayWidth=720 displayHeight=1604 physicalDisplayWidth=720 physicalDisplayHeight=1604 density={1.75} cutoutSpec={M -24,0 L 24,0 L 24,70 L -24,70 Z} rotation={0} scale={1.0} physicalPixelDisplaySizeRatio={1.0}}} sideOverrides={}}, touch INTERNAL, rotation 0, type INTERNAL, address {port=0, model=0x40368bd6e7ee6c}, deviceProductInfo DeviceProductInfo{name=MTKDEV, manufacturerPnpId=MTK, productId=35638, modelYear=null, manufactureDate=ManufactureDate{week=42, year=2021}, connectionToSinkType=0}, state ON, committedState ON, frameRateOverride , brightnessMinimum 0.0, brightnessMaximum 1.0, brightnessDefault 0.4685039, hdrSdrRatio NaN, FLAG_ALLOWED_TO_BE_DEFAULT_DISPLAY, FLAG_ROTATES_WITH_CONTENT, FLAG_SECURE, FLAG_SUPPORTS_PROTECTED_BUFFERS, FLAG_TRUSTED, installOrientation 0, displayShape DisplayShape{ spec=-757940771 displayWidth=720 displayHeight=1604 physicalPixelDisplaySizeRatio=1.0 rotation=0 offsetX=0 offsetY=0 scale=1.0}}
07-11 20:43:27.814  1861  1883 E ApplicationHelper: Fail to get PackageManager
07-11 20:43:27.815  1861  1883 E ApplicationHelper: Fail to get PackageManager
07-11 20:43:28.527  1861  1883 E ApplicationHelper: Fail to get PackageManager
07-11 20:43:28.530  1861  1883 E ApplicationHelper: Fail to get PackageManager
07-11 20:43:30.602   594 29801 I keystore2: system/security/keystore2/watchdog/src/lib.rs:319 - Watchdog thread idle -> terminating. Have a great day.
07-11 20:43:32.890  1861  1883 E ApplicationHelper: Fail to get PackageManager
07-11 20:43:32.890  1861  1883 E ApplicationHelper: Fail to get PackageManager
07-11 20:43:32.894  1861  1883 E ApplicationHelper: Fail to get PackageManager
07-11 20:43:37.137  1861  1883 E ApplicationHelper: Fail to get PackageManager
07-11 20:43:39.926  1861  1883 E ApplicationHelper: Fail to get PackageManager
07-11 20:43:40.409  1861  1883 E ApplicationHelper: Fail to get PackageManager
07-11 20:43:42.749  1861  1883 E ApplicationHelper: Fail to get PackageManager
07-11 20:43:42.753  1861  1883 E ApplicationHelper: Fail to get PackageManager
07-11 20:44:00.302  1861  2393 I WindowManager: Relayout Window{71db53 u0 EdgeBackGestureHandler0}: oldVis=8 newVis=0 focusMayChange = true requestedWidth = 156 requestedHeight = 399 outFrames = ClientWindowFrames{frame=[0,625][156,1024] display=[0,70][720,1604] parentFrame=[0,0][0,0]} outSurfaceControl = Surface(name=EdgeBackGestureHandler0)/@0x5aa81d4
07-11 20:44:05.120  1861  2406 W BatteryExternalStatsWorker: error reading Bluetooth stats: 11
07-11 20:44:18.129  1861  1883 E ApplicationHelper: Fail to get PackageManager
07-11 20:44:18.131  1861  1883 E ApplicationHelper: Fail to get PackageManager
07-11 20:44:23.747  1861  1883 E ApplicationHelper: Fail to get PackageManager
07-11 20:44:28.528  1861  1883 E ApplicationHelper: Fail to get PackageManager
07-11 20:44:37.137  1861  1883 E ApplicationHelper: Fail to get PackageManager
07-11 20:44:39.927  1861  1883 E ApplicationHelper: Fail to get PackageManager
07-11 20:44:40.149  1861  1883 E ApplicationHelper: Fail to get PackageManager
07-11 20:45:13.140  1861  2350 W OptProp : Cannot read opt property android.window.PROPERTY_COMPAT_ALLOW_ORIENTATION_OVERRIDE
07-11 20:45:13.141  1861  2350 W OptProp : Cannot read opt property android.window.PROPERTY_COMPAT_ALLOW_RESIZEABLE_ACTIVITY_OVERRIDES
07-11 20:45:13.141  1861  2350 W OptProp : Cannot read opt property android.window.PROPERTY_COMPAT_ALLOW_MIN_ASPECT_RATIO_OVERRIDE
07-11 20:45:13.153  1861  2350 I ActivityTaskManager: START u0 {cmp=com.instagram.android/com.instagram.modal.ModalActivity (has extras)} with LAUNCH_MULTIPLE from uid 10322 (BAL_ALLOW_VISIBLE_WINDOW) result code=0
07-11 20:45:13.203  1861  4323 W WindowManager: Changing focus from Window{25e94ba u0 com.instagram.android/com.instagram.android.activity.MainTabActivity} to null displayId=0 Callers=com.android.server.wm.RootWindowContainer.updateFocusedWindowLocked:470 com.android.server.wm.WindowManagerService.updateFocusedWindowLocked:6676 com.android.server.wm.ActivityTaskManagerService.setLastResumedActivityUncheckLocked:5094 com.android.server.wm.ActivityTaskSupervisor.updateTopResumedActivityIfNeeded:2367 
07-11 20:45:13.215  1861  1885 I ActivityManager: Killing 16158:com.android.settings/1000 (adj 985): empty #8
07-11 20:45:13.217  1861  1885 I ActivityManager: Killing 20577:com.google.android.apps.turbo/u0a148 (adj 995): empty #9
07-11 20:45:13.221  1861  1883 E ApplicationHelper: Fail to get PackageManager
07-11 20:45:13.222  1861  1883 E ApplicationHelper: Fail to get PackageManager
07-11 20:45:13.222  1861  1883 E ApplicationHelper: Fail to get PackageManager
07-11 20:45:13.222  1861  1883 E ApplicationHelper: Fail to get PackageManager
07-11 20:45:13.222  1861  1883 E ApplicationHelper: Fail to get PackageManager
07-11 20:45:13.222  1861  1883 E ApplicationHelper: Fail to get PackageManager
07-11 20:45:13.223  1861  1883 E ApplicationHelper: Fail to get PackageManager
07-11 20:45:13.223  1861  1883 E ApplicationHelper: Fail to get PackageManager
07-11 20:45:13.223  1861  1883 E ApplicationHelper: Fail to get PackageManager
07-11 20:45:13.509  1861  4323 W WindowManager: Changing focus from null to Window{b9fd55e u0 com.instagram.android/com.instagram.modal.ModalActivity} displayId=0 Callers=com.android.server.wm.RootWindowContainer.updateFocusedWindowLocked:470 com.android.server.wm.WindowManagerService.updateFocusedWindowLocked:6676 com.android.server.wm.WindowManagerService.relayoutWindowInner:2694 com.android.server.wm.WindowManagerService.relayoutWindow:2362 
07-11 20:45:13.513  1861  4323 I WindowManager: Relayout Window{b9fd55e u0 com.instagram.android/com.instagram.modal.ModalActivity}: oldVis=4 newVis=0 focusMayChange = true requestedWidth = 720 requestedHeight = 1604 outFrames = ClientWindowFrames{frame=[0,0][720,1604] display=[0,0][720,1604] parentFrame=[0,0][0,0]} outSurfaceControl = Surface(name=com.instagram.android/com.instagram.modal.ModalActivity)/@0x3c50537
07-11 20:45:13.549  1861  4323 W UserManagerService: Requested status bar icon for non-badged user 0
07-11 20:45:13.865  1861  2335 W PackageConfigPersister: App-specific configuration not found for packageName: com.instagram.android and userId: 0
07-11 20:45:14.091  1861  1953 W UserManagerService: Requested status bar icon for non-badged user 0
07-11 20:45:14.093  1861  2335 W UserManagerService: Requested status bar icon for non-badged user 0
07-11 20:45:14.886  1861  5646 I WindowManager: Relayout Window{71db53 u0 EdgeBackGestureHandler0}: oldVis=8 newVis=0 focusMayChange = true requestedWidth = 156 requestedHeight = 399 outFrames = ClientWindowFrames{frame=[0,585][156,984] display=[0,70][720,1604] parentFrame=[0,0][0,0]} outSurfaceControl = Surface(name=EdgeBackGestureHandler0)/@0xd455abe
07-11 20:45:14.954  1861  2393 W WindowManager: Changing focus from Window{b9fd55e u0 com.instagram.android/com.instagram.modal.ModalActivity} to null displayId=0 Callers=com.android.server.wm.RootWindowContainer.updateFocusedWindowLocked:470 com.android.server.wm.WindowManagerService.updateFocusedWindowLocked:6676 com.android.server.wm.ActivityTaskManagerService.setLastResumedActivityUncheckLocked:5094 com.android.server.wm.ActivityTaskSupervisor.updateTopResumedActivityIfNeeded:2367 
07-11 20:45:15.121  1861  2393 I AS.FadeOutManager: unfadeOutUid() uid:10322
07-11 20:45:15.252  1861  1953 I WindowManager: Relayout Window{e7ff8c6 u0 KHCD.D9X}: oldVis=8 newVis=0 focusMayChange = true requestedWidth = 1 requestedHeight = 1498 outFrames = ClientWindowFrames{frame=[359,70][360,1568] display=[0,70][720,1568] parentFrame=[0,0][0,0]} outSurfaceControl = Surface(name=KHCD.D9X)/@0x8904f6
07-11 20:45:15.286  1861  5646 W WindowManager: Changing focus from null to Window{25e94ba u0 com.instagram.android/com.instagram.android.activity.MainTabActivity} displayId=0 Callers=com.android.server.wm.RootWindowContainer.updateFocusedWindowLocked:470 com.android.server.wm.WindowManagerService.updateFocusedWindowLocked:6676 com.android.server.wm.WindowManagerService.relayoutWindowInner:2694 com.android.server.wm.WindowManagerService.relayoutWindow:2362 
07-11 20:45:15.290  1861  5646 I WindowManager: Relayout Window{25e94ba u0 com.instagram.android/com.instagram.android.activity.MainTabActivity}: oldVis=8 newVis=0 focusMayChange = true requestedWidth = 720 requestedHeight = 1604 outFrames = ClientWindowFrames{frame=[0,0][720,1604] display=[0,0][720,1604] parentFrame=[0,0][0,0]} outSurfaceControl = Surface(name=com.instagram.android/com.instagram.android.activity.MainTabActivity)/@0xd7c89d0
07-11 20:45:15.413  1861  2335 W UserManagerService: Requested status bar icon for non-badged user 0
07-11 20:45:15.562  1861  4599 W PackageConfigPersister: App-specific configuration not found for packageName: com.instagram.android and userId: 0
07-11 20:45:15.982  1861  4599 W UserManagerService: Requested status bar icon for non-badged user 0
07-11 20:45:15.987  1861  4599 W UserManagerService: Requested status bar icon for non-badged user 0
07-11 20:45:16.027  1861  1885 W AccessibilityWindowsPopulator: Windows change within in 2 frames continuously over 500 ms and notify windows changed immediately
07-11 20:45:28.407  1861  4323 I WindowManager: Relayout Window{71db53 u0 EdgeBackGestureHandler0}: oldVis=8 newVis=0 focusMayChange = true requestedWidth = 156 requestedHeight = 399 outFrames = ClientWindowFrames{frame=[0,661][156,1060] display=[0,70][720,1604] parentFrame=[0,0][0,0]} outSurfaceControl = Surface(name=EdgeBackGestureHandler0)/@0x6ecefe1
07-11 20:45:30.653  1861  1897 I ActivityManager: Start proc 30153:com.whatsapp/u0a252 for service {com.whatsapp/com.whatsapp.accountlinking.ipc.service.WaAccountsCenterService}
07-11 20:45:30.714  1861  1883 E ApplicationHelper: Fail to get PackageManager
07-11 20:45:30.716  1861  1883 E ApplicationHelper: Fail to get PackageManager
07-11 20:45:30.986  1861  4599 I ActivityManager: Flag disabled. Ignoring finishAttachApplication from uid: 10252. pid: 30153
07-11 20:45:30.992  1861  1883 E ApplicationHelper: Fail to get PackageManager
07-11 20:45:31.077  1861  1883 E ApplicationHelper: Fail to get PackageManager
07-11 20:45:31.077  1861  2335 I ActivityManager: Killing 29585:com.google.android.projection.gearhead:shared/u0a130 (adj 975): empty #8
07-11 20:45:31.080  1861  1883 E ApplicationHelper: Fail to get PackageManager
07-11 20:45:33.091  1861  2350 I WindowManager: Relayout Window{71db53 u0 EdgeBackGestureHandler0}: oldVis=8 newVis=0 focusMayChange = true requestedWidth = 156 requestedHeight = 399 outFrames = ClientWindowFrames{frame=[0,887][156,1286] display=[0,70][720,1604] parentFrame=[0,0][0,0]} outSurfaceControl = Surface(name=EdgeBackGestureHandler0)/@0x32ca38b
07-11 20:45:33.535  1861  2350 W Telecom-TelecomServiceImpl$1: registerPhoneAccount - attempt to set a group from a non-system caller.: TSI.rPA(cw)@puI
07-11 20:45:33.535  1861  2350 I Telecom-TelecomServiceImpl$1: registerPhoneAccount: account=[[ ] PhoneAccount: ComponentInfo{com.whatsapp/com.whatsapp.calling.telecom.SelfManagedConnectionService}, ***, UserHandle{0} Capabilities: SelfManaged SuppVideo Video  Audio Routes: BESW Schemes: tel  Extras: Bundle[{android.telecom.extra.LOG_SELF_MANAGED_CALLS=false}] GroupId: *** SC Restrictions: [NONE]]: TSI.rPA(cw)@puI
07-11 20:45:33.536  1861  2350 I Telecom-PhoneAccountRegistrar: Modify account: [ComponentInfo{com.whatsapp/com.whatsapp.calling.telecom.SelfManagedConnectionService}, ***, UserHandle{0}]: TSI.rPA(cw)@puI
07-11 20:45:33.537  1861  2350 I Telecom : AppLabelProxy: package com.whatsapp: name is WhatsApp: TSI.rPA(cw)@puI
07-11 20:45:33.539  1861  2350 I Telecom-CallsManager: handlePhoneAccountChanged: phoneAccount=[[X] PhoneAccount: ComponentInfo{com.whatsapp/com.whatsapp.calling.telecom.SelfManagedConnectionService}, ***, UserHandle{0} Capabilities: SelfManaged SuppVideo Video  Audio Routes: BESW Schemes: tel  Extras: Bundle[{android.telecom.extra.LOG_SELF_MANAGED_CALLS=false}] GroupId: *** SC Restrictions: [NONE]]: TSI.rPA(cw)@puI
07-11 20:45:34.103  1861  1883 E ApplicationHelper: Fail to get PackageManager
07-11 20:45:34.109  1861  1883 E ApplicationHelper: Fail to get PackageManager
07-11 20:45:34.148  1861  1883 E ApplicationHelper: Fail to get PackageManager
07-11 20:45:34.152  1861  1883 E ApplicationHelper: Fail to get PackageManager
07-11 20:45:34.295  1861  1883 E ApplicationHelper: Fail to get PackageManager
07-11 20:45:34.297  1861  1883 E ApplicationHelper: Fail to get PackageManager
07-11 20:45:34.887  1861  1885 W AccessibilityWindowsPopulator: Windows change within in 2 frames continuously over 500 ms and notify windows changed immediately
07-11 20:45:35.179  1861  4599 W OptProp : Cannot read opt property android.window.PROPERTY_COMPAT_ALLOW_ORIENTATION_OVERRIDE
07-11 20:45:35.181  1861  4599 W OptProp : Cannot read opt property android.window.PROPERTY_COMPAT_ALLOW_RESIZEABLE_ACTIVITY_OVERRIDES
07-11 20:45:35.181  1861  4599 W OptProp : Cannot read opt property android.window.PROPERTY_COMPAT_ALLOW_MIN_ASPECT_RATIO_OVERRIDE
07-11 20:45:35.196  1861  4599 I ActivityTaskManager: START u0 {cmp=com.instagram.android/com.instagram.modal.ModalActivity (has extras)} with LAUNCH_MULTIPLE from uid 10322 (BAL_ALLOW_VISIBLE_WINDOW) result code=0
07-11 20:45:35.270  1861  2393 W WindowManager: Changing focus from Window{25e94ba u0 com.instagram.android/com.instagram.android.activity.MainTabActivity} to null displayId=0 Callers=com.android.server.wm.RootWindowContainer.updateFocusedWindowLocked:470 com.android.server.wm.WindowManagerService.updateFocusedWindowLocked:6676 com.android.server.wm.ActivityTaskManagerService.setLastResumedActivityUncheckLocked:5094 com.android.server.wm.ActivityTaskSupervisor.updateTopResumedActivityIfNeeded:2367 
07-11 20:45:35.285  1861  1883 E ApplicationHelper: Fail to get PackageManager
07-11 20:45:35.285  1861  1883 E ApplicationHelper: Fail to get PackageManager
07-11 20:45:35.285  1861  1883 E ApplicationHelper: Fail to get PackageManager
07-11 20:45:35.285  1861  1883 E ApplicationHelper: Fail to get PackageManager
07-11 20:45:35.285  1861  1883 E ApplicationHelper: Fail to get PackageManager
07-11 20:45:35.285  1861  1883 E ApplicationHelper: Fail to get PackageManager
07-11 20:45:35.285  1861  1883 E ApplicationHelper: Fail to get PackageManager
