07-11 20:05:54.236  1861  1861 E JobServiceContext: Binding died for app.morphe.android.youtube but no running job on this context
07-11 20:05:54.237  1861  2406 E PersistenceController: SettingNotFoundException: sv_custom_ai_icon_enabled
07-11 20:05:54.237 32163 12051 E ActivityThread: Failed to find provider info for com.motorola.freeform.settings
07-11 20:05:54.238  1861  1883 E ApplicationHelper: Fail to get PackageManager
07-11 20:05:54.239 32163 12052 E ActivityThread: Failed to find provider info for com.motorola.freeform.settings
07-11 20:05:54.240 32163 12054 E ActivityThread: Failed to find provider info for com.motorola.freeform.settings
07-11 20:05:54.242 32163 12053 E ActivityThread: Failed to find provider info for com.motorola.freeform.settings
07-11 20:05:54.250  1861  2406 I WindowManager: Relayout Window{91c544c u0 com.motorola.launcher3/com.android.quickstep.RecentsActivity}: oldVis=8 newVis=0 focusMayChange = true requestedWidth = 720 requestedHeight = 1604 outFrames = ClientWindowFrames{frame=[0,0][720,1604] display=[0,0][720,1604] parentFrame=[0,0][0,0]} outSurfaceControl = Surface(name=com.motorola.launcher3/com.android.quickstep.RecentsActivity)/@0xe8fb5e4
07-11 20:05:54.288  1861  1883 E ApplicationHelper: Fail to get PackageManager
07-11 20:05:54.289  1861  4479 W WindowManager: Changing focus from Window{9351554 u0 com.whatsapp/com.whatsapp.home.ui.HomeActivity} to Window{91c544c u0 com.motorola.launcher3/com.android.quickstep.RecentsActivity} displayId=0 Callers=com.android.server.wm.RootWindowContainer.updateFocusedWindowLocked:470 com.android.server.wm.WindowManagerService.updateFocusedWindowLocked:6676 com.android.server.wm.ActivityTaskManagerService.setLastResumedActivityUncheckLocked:5094 com.android.server.wm.ActivityTaskManagerService.setFocusedTask:2112 
07-11 20:05:54.299  1861  1997 E HandwritingModeController: Cannot get requestId: Handwriting was not initialized.
07-11 20:05:54.300  1861  1883 E ApplicationHelper: Fail to get PackageManager
07-11 20:05:54.300  1861  1883 E ApplicationHelper: Fail to get PackageManager
07-11 20:05:54.300  1861  2406 W UserManagerService: Requested status bar icon for non-badged user 0
07-11 20:05:54.578 32163 12056 E ActivityThread: Failed to find provider info for com.motorola.freeform.settings
07-11 20:05:54.579 32163 12057 E ActivityThread: Failed to find provider info for com.motorola.freeform.settings
07-11 20:05:54.836  1861  1883 E ApplicationHelper: Fail to get PackageManager
07-11 20:05:54.839  1861  1883 E ApplicationHelper: Fail to get PackageManager
07-11 20:05:55.134  1861  1885 W AccessibilityWindowsPopulator: Windows change within in 2 frames continuously over 500 ms and notify windows changed immediately
07-11 20:05:55.194  1861  1883 E ApplicationHelper: Fail to get PackageManager
07-11 20:05:55.205  1861  4479 W UserManagerService: Requested status bar icon for non-badged user 0
07-11 20:05:55.209  1861  2350 W UserManagerService: Requested status bar icon for non-badged user 0
07-11 20:05:55.211  1861  1883 E ApplicationHelper: Fail to get PackageManager
07-11 20:05:55.211  1861  1883 E ApplicationHelper: Fail to get PackageManager
07-11 20:05:55.218  1861  1965 W JobScheduler.Concurrency: Had fewer than 16 in existence
07-11 20:05:55.222  1861  4479 W ActivityStartInterceptor: Starting home with component specified, uid=10189
07-11 20:05:55.225  1861  1965 I AppsFilter: interaction: PackageSetting{70a0fbb com.android.microdroid.empty_payload/10221} -> PackageSetting{948102f app.morphe.android.youtube/10262} BLOCKED
07-11 20:05:55.226  1861  1965 I AppsFilter: interaction: PackageSetting{5d580b0 com.kaon.music/10303} -> PackageSetting{948102f app.morphe.android.youtube/10262} BLOCKED
07-11 20:05:55.226  1861  4479 W OptProp : Cannot read opt property android.window.PROPERTY_COMPAT_ALLOW_ORIENTATION_OVERRIDE
07-11 20:05:55.226  1861  1965 W ActivityManager: Unable to launch app app.morphe.android.youtube/10262 for service Intent { cmp=app.morphe.android.youtube/androidx.work.impl.background.systemjob.SystemJobService }: process is bad
07-11 20:05:55.227  1861  4479 W OptProp : Cannot read opt property android.window.PROPERTY_COMPAT_ALLOW_RESIZEABLE_ACTIVITY_OVERRIDES
07-11 20:05:55.227  1861  4479 W OptProp : Cannot read opt property android.window.PROPERTY_COMPAT_ALLOW_MIN_ASPECT_RATIO_OVERRIDE
07-11 20:05:55.229  1861  1965 E JobScheduler.Concurrency: Error executing JobStatus{22f1bd5 androidx.work.systemjobscheduler:u0a262/7006 @androidx.work.systemjobscheduler@app.morphe.android.youtube/androidx.work.impl.background.systemjob.SystemJobService u=0 s=10262 TIME=-46s585ms:none NET READY}
07-11 20:05:55.230  1861  1861 E JobServiceContext: Binding died for app.morphe.android.youtube but no running job on this context
07-11 20:05:55.237  1861  1861 E MBrainLocalService: notifyAppSwitch failed
07-11 20:05:55.241  1861  4479 W WindowManager: Changing focus from Window{91c544c u0 com.motorola.launcher3/com.android.quickstep.RecentsActivity} to null displayId=0 Callers=com.android.server.wm.RootWindowContainer.updateFocusedWindowLocked:470 com.android.server.wm.WindowManagerService.updateFocusedWindowLocked:6676 com.android.server.wm.ActivityTaskManagerService.setLastResumedActivityUncheckLocked:5094 com.android.server.wm.ActivityTaskSupervisor.updateTopResumedActivityIfNeeded:2367 
07-11 20:05:55.245  1861  4479 I ActivityTaskManager: START u0 {act=android.intent.action.MAIN cat=[android.intent.category.HOME] flg=0x10000000 cmp=bitpit.launcher/.ui.HomeActivity} with LAUNCH_SINGLE_TASK from uid 10189 (BAL_ALLOW_ALLOWLISTED_COMPONENT) result code=2
07-11 20:05:55.255  1861  1861 E MBrainLocalService: notifyAppSwitch failed
07-11 20:05:55.261  1861  1883 E ApplicationHelper: Fail to get PackageManager
07-11 20:05:55.262  1861  1883 E ApplicationHelper: Fail to get PackageManager
07-11 20:05:55.265  1861  6570 W WindowManager: Changing focus from null to Window{26c833f u0 bitpit.launcher/bitpit.launcher.ui.HomeActivity} displayId=0 Callers=com.android.server.wm.RootWindowContainer.updateFocusedWindowLocked:470 com.android.server.wm.WindowManagerService.updateFocusedWindowLocked:6676 com.android.server.wm.WindowManagerService.relayoutWindowInner:2694 com.android.server.wm.WindowManagerService.relayoutWindow:2362 
07-11 20:05:55.266  1861  1965 W JobScheduler.Concurrency: Had fewer than 16 in existence
07-11 20:05:55.269  1861  6570 I WindowManager: Relayout Window{26c833f u0 bitpit.launcher/bitpit.launcher.ui.HomeActivity}: oldVis=4 newVis=0 focusMayChange = true requestedWidth = 720 requestedHeight = 1604 outFrames = ClientWindowFrames{frame=[0,0][720,1604] display=[0,0][720,1604] parentFrame=[0,0][0,0]} outSurfaceControl = Surface(name=bitpit.launcher/bitpit.launcher.ui.HomeActivity)/@0x950b934
07-11 20:05:55.270  1861  1965 I AppsFilter: interaction: PackageSetting{70a0fbb com.android.microdroid.empty_payload/10221} -> PackageSetting{204e35d app.morphe.android.youtube/10262} BLOCKED
07-11 20:05:55.270  1861  1965 I AppsFilter: interaction: PackageSetting{5d580b0 com.kaon.music/10303} -> PackageSetting{204e35d app.morphe.android.youtube/10262} BLOCKED
07-11 20:05:55.270  1861  1965 W ActivityManager: Unable to launch app app.morphe.android.youtube/10262 for service Intent { cmp=app.morphe.android.youtube/androidx.work.impl.background.systemjob.SystemJobService }: process is bad
07-11 20:05:55.279  1861  1965 E JobScheduler.Concurrency: Error executing JobStatus{22f1bd5 androidx.work.systemjobscheduler:u0a262/7006 @androidx.work.systemjobscheduler@app.morphe.android.youtube/androidx.work.impl.background.systemjob.SystemJobService u=0 s=10262 TIME=-46s635ms:none NET READY}
07-11 20:05:55.280  1861  1861 E JobServiceContext: Binding died for app.morphe.android.youtube but no running job on this context
07-11 20:05:55.302  1861  2406 W PackageConfigPersister: App-specific configuration not found for packageName: com.motorola.launcher3 and userId: 0
07-11 20:05:55.303  1861  1883 E ApplicationHelper: Fail to get PackageManager
07-11 20:05:55.324  1861  1861 E MBrainLocalService: notifyAppSwitch failed
07-11 20:05:55.327  1861  2350 W UserManagerService: Requested status bar icon for non-badged user 0
07-11 20:05:55.327  1861  1883 E ApplicationHelper: Fail to get PackageManager
07-11 20:05:55.335  1861  1883 E ApplicationHelper: Fail to get PackageManager
07-11 20:05:55.348  1861  1883 E ApplicationHelper: Fail to get PackageManager
07-11 20:05:55.355 32163 12060 E ActivityThread: Failed to find provider info for com.motorola.freeform.settings
07-11 20:05:55.382  1861  1883 E ApplicationHelper: Fail to get PackageManager
07-11 20:05:55.384  1861  1964 W UsageStatsService: Unexpected activity event reported! (com.whatsapp/com.whatsapp.home.ui.HomeActivity event : 23 instanceId : 261522677)
07-11 20:05:55.390  1861  4479 W PackageConfigPersister: App-specific configuration not found for packageName: bitpit.launcher and userId: 0
07-11 20:05:55.594  1861  1883 E ApplicationHelper: Fail to get PackageManager
07-11 20:05:55.595 32163 12061 E ActivityThread: Failed to find provider info for com.motorola.freeform.settings
07-11 20:05:55.597  1861  1861 E MBrainLocalService: notifyAppSwitch failed
07-11 20:05:55.598  1861  5470 W UserManagerService: Requested status bar icon for non-badged user 0
07-11 20:05:55.599  1861  1883 E ApplicationHelper: Fail to get PackageManager
07-11 20:05:55.599  1861  1883 E ApplicationHelper: Fail to get PackageManager
07-11 20:05:55.599  1861  4479 W UserManagerService: Requested status bar icon for non-badged user 0
07-11 20:05:55.605  1861  1965 W JobScheduler.Concurrency: Had fewer than 16 in existence
07-11 20:05:55.609  1861  1965 I AppsFilter: interaction: PackageSetting{70a0fbb com.android.microdroid.empty_payload/10221} -> PackageSetting{9492392 app.morphe.android.youtube/10262} BLOCKED
07-11 20:05:55.609  1861  1965 I AppsFilter: interaction: PackageSetting{5d580b0 com.kaon.music/10303} -> PackageSetting{9492392 app.morphe.android.youtube/10262} BLOCKED
07-11 20:05:55.610  1861  1965 W ActivityManager: Unable to launch app app.morphe.android.youtube/10262 for service Intent { cmp=app.morphe.android.youtube/androidx.work.impl.background.systemjob.SystemJobService }: process is bad
07-11 20:05:55.612  1861  1965 E JobScheduler.Concurrency: Error executing JobStatus{22f1bd5 androidx.work.systemjobscheduler:u0a262/7006 @androidx.work.systemjobscheduler@app.morphe.android.youtube/androidx.work.impl.background.systemjob.SystemJobService u=0 s=10262 TIME=-46s969ms:none NET READY}
07-11 20:05:55.613  1861  1861 E JobServiceContext: Binding died for app.morphe.android.youtube but no running job on this context
07-11 20:05:55.846  1861  1883 E ApplicationHelper: Fail to get PackageManager
07-11 20:05:55.849  1861  1883 E ApplicationHelper: Fail to get PackageManager
07-11 20:05:56.389  1861  1885 W AccessibilityWindowsPopulator: Windows change within in 2 frames continuously over 500 ms and notify windows changed immediately
07-11 20:05:56.841  1861  1885 W AccessibilityWindowsPopulator: Windows change within in 2 frames continuously over 500 ms and notify windows changed immediately
07-11 20:05:56.853  1861  1883 E ApplicationHelper: Fail to get PackageManager
07-11 20:05:56.859  1861  1883 E ApplicationHelper: Fail to get PackageManager
07-11 20:05:57.193  1861  5470 W OptProp : Cannot read opt property android.window.PROPERTY_COMPAT_ALLOW_ORIENTATION_OVERRIDE
07-11 20:05:57.225  1861  5470 W OptProp : Cannot read opt property android.window.PROPERTY_COMPAT_ALLOW_RESIZEABLE_ACTIVITY_OVERRIDES
07-11 20:05:57.225  1861  5470 W OptProp : Cannot read opt property android.window.PROPERTY_COMPAT_ALLOW_MIN_ASPECT_RATIO_OVERRIDE
07-11 20:05:57.234  1861  1861 E MBrainLocalService: notifyAppSwitch failed
07-11 20:05:57.236  1861  5470 I ActivityTaskManager: START u0 {act=android.intent.action.MAIN cat=[android.intent.category.LAUNCHER] flg=0x10200000 cmp=com.instagram.android/.activity.MainTabActivity bnds=[41,716][643,796]} with LAUNCH_SINGLE_TOP from uid 10317 (BAL_ALLOW_VISIBLE_WINDOW) result code=0
07-11 20:05:57.246  1861  2350 W WindowManager: Changing focus from Window{26c833f u0 bitpit.launcher/bitpit.launcher.ui.HomeActivity} to null displayId=0 Callers=com.android.server.wm.RootWindowContainer.updateFocusedWindowLocked:470 com.android.server.wm.WindowManagerService.updateFocusedWindowLocked:6676 com.android.server.wm.ActivityTaskManagerService.setLastResumedActivityUncheckLocked:5094 com.android.server.wm.ActivityTaskSupervisor.updateTopResumedActivityIfNeeded:2367 
07-11 20:05:57.249  1861  1861 E MBrainLocalService: notifyAppSwitch failed
07-11 20:05:57.253  1861  1883 E ApplicationHelper: Fail to get PackageManager
07-11 20:05:57.262  1861  1883 E ApplicationHelper: Fail to get PackageManager
07-11 20:05:57.270  1861  1965 W JobScheduler.Concurrency: Had fewer than 16 in existence
07-11 20:05:57.274  1861  1883 E ApplicationHelper: Fail to get PackageManager
07-11 20:05:57.279  1861  1883 E ApplicationHelper: Fail to get PackageManager
07-11 20:05:57.279  1861  1883 E ApplicationHelper: Fail to get PackageManager
07-11 20:05:57.291  1861  1965 I AppsFilter: interaction: PackageSetting{70a0fbb com.android.microdroid.empty_payload/10221} -> PackageSetting{90cce4a app.morphe.android.youtube/10262} BLOCKED
07-11 20:05:57.291  1861  1965 I AppsFilter: interaction: PackageSetting{5d580b0 com.kaon.music/10303} -> PackageSetting{90cce4a app.morphe.android.youtube/10262} BLOCKED
07-11 20:05:57.292  1861  1965 W ActivityManager: Unable to launch app app.morphe.android.youtube/10262 for service Intent { cmp=app.morphe.android.youtube/androidx.work.impl.background.systemjob.SystemJobService }: process is bad
07-11 20:05:57.297  1861  1965 E JobScheduler.Concurrency: Error executing JobStatus{22f1bd5 androidx.work.systemjobscheduler:u0a262/7006 @androidx.work.systemjobscheduler@app.morphe.android.youtube/androidx.work.impl.background.systemjob.SystemJobService u=0 s=10262 TIME=-48s653ms:none NET READY}
07-11 20:05:57.353  1861  1883 E ApplicationHelper: Fail to get PackageManager
07-11 20:05:57.356  1861  1878 W UserManagerService: Requested status bar icon for non-badged user 0
07-11 20:05:57.585  1861  1878 W UserManagerService: Requested status bar icon for non-badged user 0
07-11 20:05:57.588  1861  5470 W UserManagerService: Requested status bar icon for non-badged user 0
07-11 20:05:57.631  1861  1883 E ApplicationHelper: Fail to get PackageManager
07-11 20:05:57.632  1861  1883 E ApplicationHelper: Fail to get PackageManager
07-11 20:05:57.638  1861  1883 E ApplicationHelper: Fail to get PackageManager
07-11 20:05:57.880  1861  2406 W WindowManager: Changing focus from null to Window{25e94ba u0 com.instagram.android/com.instagram.android.activity.MainTabActivity} displayId=0 Callers=com.android.server.wm.RootWindowContainer.updateFocusedWindowLocked:470 com.android.server.wm.WindowManagerService.updateFocusedWindowLocked:6676 com.android.server.wm.WindowManagerService.relayoutWindowInner:2694 com.android.server.wm.WindowManagerService.relayoutWindow:2362 
07-11 20:05:57.882  1861  2406 I WindowManager: Relayout Window{25e94ba u0 com.instagram.android/com.instagram.android.activity.MainTabActivity}: oldVis=4 newVis=0 focusMayChange = true requestedWidth = 720 requestedHeight = 1604 outFrames = ClientWindowFrames{frame=[0,0][720,1604] display=[0,0][720,1604] parentFrame=[0,0][0,0]} outSurfaceControl = Surface(name=com.instagram.android/com.instagram.android.activity.MainTabActivity)/@0xa6c5ae0
07-11 20:05:57.978  1861  1883 E ApplicationHelper: Fail to get PackageManager
07-11 20:05:57.993  1861  1883 E ApplicationHelper: Fail to get PackageManager
07-11 20:05:57.999  1861  1883 E ApplicationHelper: Fail to get PackageManager
07-11 20:05:58.001  1861  1883 E ApplicationHelper: Fail to get PackageManager
07-11 20:05:58.001  1861  1883 E ApplicationHelper: Fail to get PackageManager
07-11 20:05:58.001  1861  1883 E ApplicationHelper: Fail to get PackageManager
07-11 20:05:58.005  1861  1965 W JobScheduler.Concurrency: Had fewer than 16 in existence
07-11 20:05:58.009  1861  1965 I AppsFilter: interaction: PackageSetting{70a0fbb com.android.microdroid.empty_payload/10221} -> PackageSetting{291093c app.morphe.android.youtube/10262} BLOCKED
07-11 20:05:58.009  1861  1965 I AppsFilter: interaction: PackageSetting{5d580b0 com.kaon.music/10303} -> PackageSetting{291093c app.morphe.android.youtube/10262} BLOCKED
07-11 20:05:58.010  1861  1965 W ActivityManager: Unable to launch app app.morphe.android.youtube/10262 for service Intent { cmp=app.morphe.android.youtube/androidx.work.impl.background.systemjob.SystemJobService }: process is bad
07-11 20:05:58.013  1861  1965 E JobScheduler.Concurrency: Error executing JobStatus{22f1bd5 androidx.work.systemjobscheduler:u0a262/7006 @androidx.work.systemjobscheduler@app.morphe.android.youtube/androidx.work.impl.background.systemjob.SystemJobService u=0 s=10262 TIME=-49s369ms:none NET READY}
07-11 20:05:58.014  1861  1861 E JobServiceContext: Binding died for app.morphe.android.youtube but no running job on this context
07-11 20:05:58.108  1861  5470 W PackageConfigPersister: App-specific configuration not found for packageName: com.instagram.android and userId: 0
07-11 20:05:58.322  1861  1883 E ApplicationHelper: Fail to get PackageManager
07-11 20:05:58.324  1861  1883 E ApplicationHelper: Fail to get PackageManager
07-11 20:05:58.569  1861  1883 E ApplicationHelper: Fail to get PackageManager
07-11 20:05:58.569  1861  1883 E ApplicationHelper: Fail to get PackageManager
07-11 20:05:58.647  1861  1883 E ApplicationHelper: Fail to get PackageManager
07-11 20:05:58.647  1861  1883 E ApplicationHelper: Fail to get PackageManager
07-11 20:05:58.648  1861  1883 E ApplicationHelper: Fail to get PackageManager
07-11 20:05:58.648  1861  1883 E ApplicationHelper: Fail to get PackageManager
07-11 20:05:58.648  1861  1883 E ApplicationHelper: Fail to get PackageManager
07-11 20:05:58.648  1861  1883 E ApplicationHelper: Fail to get PackageManager
07-11 20:05:59.226  1861  1883 E ApplicationHelper: Fail to get PackageManager
07-11 20:05:59.289   594 11731 I keystore2: system/security/keystore2/watchdog/src/lib.rs:319 - Watchdog thread idle -> terminating. Have a great day.
07-11 20:05:59.312  1861  2406 W ContextImpl: Calling a method in the system process without a qualified user: android.app.ContextImpl.sendBroadcastMultiplePermissions:1299 android.content.Context.sendBroadcastMultiplePermissions:2527 com.android.server.TelephonyRegistry.broadcastServiceStateChanged:3734 com.android.server.TelephonyRegistry.notifyServiceStateForPhoneId:1763 com.android.internal.telephony.ITelephonyRegistry$Stub.onTransact:546 
07-11 20:05:59.314  1861  2406 W ContextImpl: Calling a method in the system process without a qualified user: android.app.ContextImpl.sendBroadcastMultiplePermissions:1332 com.android.server.TelephonyRegistry.broadcastServiceStateChanged:3738 com.android.server.TelephonyRegistry.notifyServiceStateForPhoneId:1763 com.android.internal.telephony.ITelephonyRegistry$Stub.onTransact:546 android.os.Binder.execTransactInternal:1500 
07-11 20:05:59.315  1861  2406 W ContextImpl: Calling a method in the system process without a qualified user: android.app.ContextImpl.sendBroadcastMultiplePermissions:1332 com.android.server.TelephonyRegistry.broadcastServiceStateChanged:3747 com.android.server.TelephonyRegistry.notifyServiceStateForPhoneId:1763 com.android.internal.telephony.ITelephonyRegistry$Stub.onTransact:546 android.os.Binder.execTransactInternal:1500 
07-11 20:05:59.318  1861  2406 W ContextImpl: Calling a method in the system process without a qualified user: android.app.ContextImpl.sendBroadcastMultiplePermissions:1332 com.android.server.TelephonyRegistry.broadcastServiceStateChanged:3753 com.android.server.TelephonyRegistry.notifyServiceStateForPhoneId:1763 com.android.internal.telephony.ITelephonyRegistry$Stub.onTransact:546 android.os.Binder.execTransactInternal:1500 
07-11 20:05:59.325  2199  2199 I EmergencyButton: show = true
07-11 20:05:59.327  1861  1897 I ActivityManager: Start proc 12181:com.huawei.health:PhoneService/u0a242 for service {com.huawei.health/com.huawei.hwservicesmgr.PhoneService}
07-11 20:05:59.330  1861  1883 E ApplicationHelper: Fail to get PackageManager
07-11 20:05:59.343  1861  1897 I ActivityManager: Start proc 12183:com.android.settings/1000 for broadcast {com.android.settings/com.android.settings.cellbroadcast.TeleStateReceiver}
07-11 20:05:59.391  1861  1883 E ApplicationHelper: Fail to get PackageManager
07-11 20:05:59.403  1861  1883 E ApplicationHelper: Fail to get PackageManager
07-11 20:05:59.426  1861  1897 I ActivityManager: Start proc 12206:com.google.android.cellbroadcastreceiver/u0a205 for broadcast {com.google.android.cellbroadcastreceiver/com.android.cellbroadcastreceiver.CellBroadcastReceiver}
07-11 20:05:59.469  1861  1883 E ApplicationHelper: Fail to get PackageManager
07-11 20:05:59.470  1861  1883 E ApplicationHelper: Fail to get PackageManager
07-11 20:05:59.490  1861  1883 E ApplicationHelper: Fail to get PackageManager
07-11 20:05:59.581  1861  5470 I ActivityManager: Flag disabled. Ignoring finishAttachApplication from uid: 10242. pid: 12181
07-11 20:05:59.696  1861  5470 I ActivityManager: Flag disabled. Ignoring finishAttachApplication from uid: 10205. pid: 12206
07-11 20:05:59.768  1861  2406 I ActivityManager: Killing 11215:com.google.android.apps.photos:mediametadataservice/u0a175 (adj 975): empty #8
07-11 20:05:59.773  1861  1883 E ApplicationHelper: Fail to get PackageManager
07-11 20:06:00.253 12181 12181 W PackageParsing: Unknown element under <manifest>: meta-data at /data/app/~~Ntl8jkZGH3RUEMoxcwtLGQ==/com.huawei.health-K96FlgiYftdwrSXaostxCA==/base.apk Binary XML file line #0
07-11 20:06:00.304  1861  2603 I ActivityManager: Flag disabled. Ignoring finishAttachApplication from uid: 1000. pid: 12183
07-11 20:06:00.310  1861  2603 I ActivityManager: Killing 10791:com.instagram.android:fbns/u0a322 (adj 965): empty #8
07-11 20:06:00.315  1861  1883 E ApplicationHelper: Fail to get PackageManager
07-11 20:06:00.335 12181 12181 W PackageParsing: Unknown element under <intent-filter>: state at /data/app/~~Ntl8jkZGH3RUEMoxcwtLGQ==/com.huawei.health-K96FlgiYftdwrSXaostxCA==/base.apk Binary XML file line #0
07-11 20:06:00.411 12181 12181 W PackageParsing: No actions in intent-filter at /data/app/~~Ntl8jkZGH3RUEMoxcwtLGQ==/com.huawei.health-K96FlgiYftdwrSXaostxCA==/base.apk Binary XML file line #0
07-11 20:06:00.411 12181 12181 W PackageParsing: No actions in intent-filter at /data/app/~~Ntl8jkZGH3RUEMoxcwtLGQ==/com.huawei.health-K96FlgiYftdwrSXaostxCA==/base.apk Binary XML file line #0
07-11 20:06:00.562  1861  1897 I ActivityManager: Start proc 12282:com.huawei.health/u0a242 for service {com.huawei.health/androidx.work.multiprocess.RemoteWorkManagerService}
07-11 20:06:00.662  1861  1883 E ApplicationHelper: Fail to get PackageManager
07-11 20:06:00.751  1861  1883 E ApplicationHelper: Fail to get PackageManager
07-11 20:06:00.992  1861  2335 I ActivityManager: Flag disabled. Ignoring finishAttachApplication from uid: 10242. pid: 12282
07-11 20:06:01.056  1861  1883 E ApplicationHelper: Fail to get PackageManager
07-11 20:06:01.160 12282 12282 W Looper  : Loop again would have the queued messages be executed before this one completed.
07-11 20:06:01.274  1861  1897 I ActivityManager: Start proc 12352:com.instagram.android:fbns/u0a322 for service {com.instagram.android/com.facebook.rti.pushv2.inapp.InappFbnsService}
07-11 20:06:01.333  1861  1878 W PackageConfigPersister: App-specific configuration not found for packageName: com.instagram.android and userId: 0
07-11 20:06:01.352  1861  1883 E ApplicationHelper: Fail to get PackageManager
07-11 20:06:01.625  1861  1883 E ApplicationHelper: Fail to get PackageManager
07-11 20:06:01.802  1861  1883 E ApplicationHelper: Fail to get PackageManager
07-11 20:06:01.818  1861  1883 E ApplicationHelper: Fail to get PackageManager
07-11 20:06:01.967  1861  1883 E ApplicationHelper: Fail to get PackageManager
07-11 20:06:02.173  1861  6237 W ActivityManager: Foreground service started from background can not have location/camera/microphone access: service com.huawei.health/.manager.DaemonService
07-11 20:06:02.174  1861  6237 I ActivityManager: Background started FGS: Allowed [callingPackage: com.huawei.health; callingUid: 10242; uidState: BFGS; uidBFSL: [BFSL]; intent: Intent { pkg=com.huawei.health cmp=com.huawei.health/.manager.DaemonService }; code:PROC_STATE_BFGS; tempAllowListReason:<,reasonCode:SYSTEM_ALLOW_LISTED,duration:9223372036854775807,callingUid:-1>; targetSdkVersion:34; callerTargetSdkVersion:34; startForegroundCount:0; bindFromPackage:null: isBindService:true]
07-11 20:06:02.183  1861  1883 E ApplicationHelper: Fail to get PackageManager
07-11 20:06:02.227  1861  1861 W NotificationHistory: Attempted to add notif for locked/gone/disabled user 0
07-11 20:06:02.270  1861  2603 W ActivityManager: Foreground service started from background can not have location/camera/microphone access: service com.huawei.health/com.huawei.hwservicesmgr.PhoneService
07-11 20:06:02.270  1861  2603 I ActivityManager: Background started FGS: Allowed [callingPackage: com.huawei.health; callingUid: 10242; uidState: BFGS; uidBFSL: [BFSL]; intent: Intent { act=com.huawei.bone.action.StartPhoneService pkg=com.huawei.health }; code:PROC_STATE_BFGS; tempAllowListReason:<,reasonCode:SYSTEM_ALLOW_LISTED,duration:9223372036854775807,callingUid:-1>; targetSdkVersion:34; callerTargetSdkVersion:34; startForegroundCount:0; bindFromPackage:null: isBindService:false]
07-11 20:06:02.301  1861  6570 I ActivityManager: Process com.google.android.gms.unstable (pid 11464) has died: cch+55 CEM 
07-11 20:06:02.304  1861  1883 E ApplicationHelper: Fail to get PackageManager
07-11 20:06:02.309  1861  1861 W NotificationHistory: Attempted to add notif for locked/gone/disabled user 0
07-11 20:06:02.357  1861  2603 W ActivityManager: Unable to start service Intent { cmp=com.huawei.systemserver/.activityrecognition.ActivityRecognitionService } U=0: not found
07-11 20:06:02.361  1861  1883 E ApplicationHelper: Fail to get PackageManager
07-11 20:06:02.395  1861  1883 E ApplicationHelper: Fail to get PackageManager
07-11 20:06:02.919  1861  6570 W ActivityManager: Foreground service started from background can not have location/camera/microphone access: service com.huawei.health/com.huawei.hwservicesmgr.PhoneService
07-11 20:06:02.919  1861  6570 I ActivityManager: Background started FGS: Allowed [callingPackage: com.huawei.health; callingUid: 10242; uidState: FGS ; uidBFSL: [BFSL]; intent: Intent { act=com.huawei.bone.action.StartPhoneService pkg=com.huawei.health }; code:PROC_STATE_FGS; tempAllowListReason:<,reasonCode:SYSTEM_ALLOW_LISTED,duration:9223372036854775807,callingUid:-1>; targetSdkVersion:34; callerTargetSdkVersion:34; startForegroundCount:1; bindFromPackage:null: isBindService:true]
07-11 20:06:02.937  1861  2528 I ActivityManager: Flag disabled. Ignoring finishAttachApplication from uid: 10322. pid: 12352
07-11 20:06:02.979  1861  1883 E ApplicationHelper: Fail to get PackageManager
07-11 20:06:03.355  1861  2406 I ActivityManager: Process com.ape.dolby.settings (pid 11682) has died: cch+45 CEM 
07-11 20:06:03.362  1861  2406 W ActivityManager: Scheduling restart of crashed service com.ape.dolby.settings/.service.AudioEffectTileService in 20000ms for connection
07-11 20:06:03.403  1861  1883 E ApplicationHelper: Fail to get PackageManager
07-11 20:06:03.958  1861  1883 E ApplicationHelper: Fail to get PackageManager
07-11 20:06:03.987  1861  1883 E ApplicationHelper: Fail to get PackageManager
07-11 20:06:04.362  1861  2604 W ActivityManager: Unable to start service Intent { cmp=com.huawei.systemserver/.activityrecognition.ActivityRecognitionService } U=0: not found
07-11 20:06:04.609  1861  1883 E ApplicationHelper: Fail to get PackageManager
07-11 20:06:04.777  1861  1883 E ApplicationHelper: Fail to get PackageManager
07-11 20:06:06.058  1861  2604 W ActivityManager: Unable to start service Intent { act=com.huawei.iconnect.action.DEVICE_BOND_STATE_CHANGED cmp=com.huawei.iconnect/.MessageIntentService (has extras) } U=0: not found
07-11 20:06:06.231  1861  7174 W ActivityManager: Foreground service started from background can not have location/camera/microphone access: service com.huawei.health/com.huawei.hwservicesmgr.PhoneService
07-11 20:06:06.314  1861  1883 E ApplicationHelper: Fail to get PackageManager
07-11 20:06:06.323  1861  1883 E ApplicationHelper: Fail to get PackageManager
07-11 20:06:06.346  1861  2406 W ActivityManager: Foreground service started from background can not have location/camera/microphone access: service com.huawei.health/com.huawei.hwservicesmgr.PhoneService
07-11 20:06:06.367  1861  1861 W NotificationHistory: Attempted to add notif for locked/gone/disabled user 0
07-11 20:06:06.377  1861  2406 W ActivityManager: Unable to start service Intent { cmp=com.huawei.systemserver/.activityrecognition.ActivityRecognitionService } U=0: not found
07-11 20:06:06.776  1861  1883 E ApplicationHelper: Fail to get PackageManager
07-11 20:06:06.781  1861  1883 E ApplicationHelper: Fail to get PackageManager
07-11 20:06:07.967  1861  1897 I ActivityManager: Start proc 12697:com.android.providers.calendar/u0a83 for content provider {com.android.providers.calendar/com.android.providers.calendar.CalendarProvider2}
07-11 20:06:08.017  1861  1883 E ApplicationHelper: Fail to get PackageManager
07-11 20:06:08.019  1861  1883 E ApplicationHelper: Fail to get PackageManager
07-11 20:06:08.095  1861  2604 I ActivityManager: Flag disabled. Ignoring finishAttachApplication from uid: 10083. pid: 12697
07-11 20:06:08.379  1861  4479 W ActivityManager: Unable to start service Intent { cmp=com.huawei.systemserver/.activityrecognition.ActivityRecognitionService } U=0: not found
07-11 20:06:08.476  1861  1897 I ActivityManager: Start proc 12720:com.ape.dolby.settings/u0a71 for service {com.ape.dolby.settings/com.ape.dolby.settings.service.AudioEffectTileService}
07-11 20:06:08.555  1861  1883 E ApplicationHelper: Fail to get PackageManager
07-11 20:06:08.555  1861  1883 E ApplicationHelper: Fail to get PackageManager
07-11 20:06:08.640  1861  4479 I ActivityManager: Flag disabled. Ignoring finishAttachApplication from uid: 10071. pid: 12720
07-11 20:06:08.668  1861  1883 E ApplicationHelper: Fail to get PackageManager
07-11 20:06:09.448  1861  1897 I ActivityManager: Start proc 12751:com.android.vending/u0a151 for service {com.android.vending/com.google.android.finsky.splitinstallservice.SplitInstallService}
07-11 20:06:09.496  1861  1883 E ApplicationHelper: Fail to get PackageManager
07-11 20:06:09.497  1861  1883 E ApplicationHelper: Fail to get PackageManager
07-11 20:06:10.114  1861  4479 I ActivityManager: Flag disabled. Ignoring finishAttachApplication from uid: 10151. pid: 12751
07-11 20:06:10.130  1861  1883 E ApplicationHelper: Fail to get PackageManager
07-11 20:06:10.184  1861  1883 E ApplicationHelper: Fail to get PackageManager
07-11 20:06:10.212  1861  1883 E ApplicationHelper: Fail to get PackageManager
07-11 20:06:10.217  1861  1883 E ApplicationHelper: Fail to get PackageManager
07-11 20:06:10.217  1861  1883 E ApplicationHelper: Fail to get PackageManager
07-11 20:06:10.307  1861  1883 E ApplicationHelper: Fail to get PackageManager
07-11 20:06:10.315  1861  1883 E ApplicationHelper: Fail to get PackageManager
07-11 20:06:10.315  1861  1883 E ApplicationHelper: Fail to get PackageManager
07-11 20:06:10.359  1861  1883 E ApplicationHelper: Fail to get PackageManager
07-11 20:06:10.370  1861  1883 E ApplicationHelper: Fail to get PackageManager
07-11 20:06:10.370  1861  1883 E ApplicationHelper: Fail to get PackageManager
07-11 20:06:10.384  1861  2604 W ActivityManager: Unable to start service Intent { cmp=com.huawei.systemserver/.activityrecognition.ActivityRecognitionService } U=0: not found
07-11 20:06:10.504  1861  7174 I ActivityManager: Process com.google.android.projection.gearhead:shared (pid 11912) has died: cch+15 CEM 
07-11 20:06:10.565  1861  1883 E ApplicationHelper: Fail to get PackageManager
07-11 20:06:10.567  1861  1883 E ApplicationHelper: Fail to get PackageManager
07-11 20:06:10.683  1861  1883 E ApplicationHelper: Fail to get PackageManager
07-11 20:06:10.688  1861  1883 E ApplicationHelper: Fail to get PackageManager
07-11 20:06:10.689  1861  1883 E ApplicationHelper: Fail to get PackageManager
07-11 20:06:10.689  1861  1883 E ApplicationHelper: Fail to get PackageManager
07-11 20:06:10.794  1861  1883 E ApplicationHelper: Fail to get PackageManager
07-11 20:06:10.797  1861  1883 E ApplicationHelper: Fail to get PackageManager
07-11 20:06:11.043  1861  1897 I ActivityManager: Start proc 12846:com.android.vending:background/u0a151 for service {com.android.vending/com.google.frameworks.client.data.android.server.play.BackgroundProcessEndpointService}
07-11 20:06:11.050  1861  1883 E ApplicationHelper: Fail to get PackageManager
07-11 20:06:11.104  1861  1883 E ApplicationHelper: Fail to get PackageManager
07-11 20:06:11.111  1861  1883 E ApplicationHelper: Fail to get PackageManager
07-11 20:06:11.114  1861  1883 E ApplicationHelper: Fail to get PackageManager
07-11 20:06:11.138  1861  2350 W JobScheduler.Concurrency: Had fewer than 16 in existence
07-11 20:06:11.140  1861  1883 E ApplicationHelper: Fail to get PackageManager
07-11 20:06:11.195  1861  1883 E ApplicationHelper: Fail to get PackageManager
07-11 20:06:11.232  1861  1883 E ApplicationHelper: Fail to get PackageManager
07-11 20:06:11.255  1861  1883 E ApplicationHelper: Fail to get PackageManager
07-11 20:06:11.530  1861  2335 I ActivityManager: Flag disabled. Ignoring finishAttachApplication from uid: 10151. pid: 12846
07-11 20:06:11.570  1861  1883 E ApplicationHelper: Fail to get PackageManager
07-11 20:06:11.571  1861  6237 I ActivityManager: Process com.google.android.permissioncontroller (pid 11835) has died: cch+5 CEM 
07-11 20:06:12.390  1861  6237 W ActivityManager: Unable to start service Intent { cmp=com.huawei.systemserver/.activityrecognition.ActivityRecognitionService } U=0: not found
07-11 20:06:12.646  1861  6237 I ActivityManager: Process com.google.android.cellbroadcastreceiver (pid 12206) has died: cch+5 CEM 
07-11 20:06:14.393  1861  7174 W ActivityManager: Unable to start service Intent { cmp=com.huawei.systemserver/.activityrecognition.ActivityRecognitionService } U=0: not found
07-11 20:06:16.397  1861  2350 W ActivityManager: Unable to start service Intent { cmp=com.huawei.systemserver/.activityrecognition.ActivityRecognitionService } U=0: not found
07-11 20:06:17.052  1861  1883 E ApplicationHelper: Fail to get PackageManager
07-11 20:06:17.070  1861  1883 E ApplicationHelper: Fail to get PackageManager
07-11 20:06:17.082  1861  1883 E ApplicationHelper: Fail to get PackageManager
07-11 20:06:17.160   594 12263 I keystore2: system/security/keystore2/watchdog/src/lib.rs:319 - Watchdog thread idle -> terminating. Have a great day.
07-11 20:06:17.233  1861  1883 E ApplicationHelper: Fail to get PackageManager
07-11 20:06:18.318  1861  1883 E ApplicationHelper: Fail to get PackageManager
07-11 20:06:18.318  1861  1883 E ApplicationHelper: Fail to get PackageManager
07-11 20:06:18.331  1861  1883 E ApplicationHelper: Fail to get PackageManager
07-11 20:06:18.331  1861  1883 E ApplicationHelper: Fail to get PackageManager
07-11 20:06:18.401  1861  2350 W ActivityManager: Unable to start service Intent { cmp=com.huawei.systemserver/.activityrecognition.ActivityRecognitionService } U=0: not found
07-11 20:06:18.658  1861  1861 W NotificationHistory: Attempted to add notif for locked/gone/disabled user 0
07-11 20:06:18.781  1861  6237 W ActivityManager: Permission Denial: get/set setting for user asks to run as user -2 but is calling from uid u0a288; this requires android.permission.INTERACT_ACROSS_USERS_FULL
07-11 20:06:18.808  1861  1883 E ApplicationHelper: Fail to get PackageManager
07-11 20:06:18.815  1861  1883 E ApplicationHelper: Fail to get PackageManager
07-11 20:06:19.335  1861  7174 W ActivityManager: Permission Denial: get/set setting for user asks to run as user -2 but is calling from uid u0a288; this requires android.permission.INTERACT_ACROSS_USERS_FULL
07-11 20:06:19.362  1861  1883 E ApplicationHelper: Fail to get PackageManager
07-11 20:06:19.433  1861  7174 I WindowManager: Relayout Window{21b157d u0 com.jamworks.dynamicspot}: oldVis=8 newVis=0 focusMayChange = true requestedWidth = 276 requestedHeight = 78 outFrames = ClientWindowFrames{frame=[222,1][498,79] display=[-100000,-100000][100000,100000] parentFrame=[0,0][0,0]} outSurfaceControl = Surface(name=)/@0x8ac88b
07-11 20:06:19.508  1861  1885 I DisplayDeviceRepository: Display device changed: DisplayDeviceInfo{"Built-in Screen": uniqueId="local:4627039422300187648", 720 x 1604, modeId 1, renderFrameRate 60.0, defaultModeId 1, userPreferredModeId -1, supportedModes [{id=1, width=720, height=1604, fps=60.0, vsync=60.0, synthetic=false, alternativeRefreshRates=[90.0], supportedHdrTypes=[]}, {id=2, width=720, height=1604, fps=90.0, vsync=90.0, synthetic=false, alternativeRefreshRates=[60.0], supportedHdrTypes=[]}], colorMode 0, supportedColorModes [0], hdrCapabilities HdrCapabilities{mSupportedHdrTypes=[], mMaxLuminance=500.0, mMaxAverageLuminance=500.0, mMinLuminance=0.0}, allmSupported false, gameContentTypeSupported false, density 280, 268.9412 x 268.0368 dpi, appVsyncOff 2400001, presDeadline 28600000, cutout DisplayCutout{insets=Rect(0, 70 - 0, 0) waterfall=Insets{left=0, top=0, right=0, bottom=0} boundingRect={Bounds=[Rect(0, 0 - 0, 0), Rect(336, 0 - 384, 70), Rect(0, 0 - 0, 0), Rect(0, 0 - 0, 0)]} cutoutPathParserInfo={CutoutPathParserInfo{displayWidth=720 displayHeight=1604 physicalDisplayWidth=720 physicalDisplayHeight=1604 density={1.75} cutoutSpec={M -24,0 L 24,0 L 24,70 L -24,70 Z} rotation={0} scale={1.0} physicalPixelDisplaySizeRatio={1.0}}} sideOverrides={}}, touch INTERNAL, rotation 0, type INTERNAL, address {port=0, model=0x40368bd6e7ee6c}, deviceProductInfo DeviceProductInfo{name=MTKDEV, manufacturerPnpId=MTK, productId=35638, modelYear=null, manufactureDate=ManufactureDate{week=42, year=2021}, connectionToSinkType=0}, state ON, committedState ON, frameRateOverride {uid=10288 frameRateHz=60.0} , brightnessMinimum 0.0, brightnessMaximum 1.0, brightnessDefault 0.4685039, hdrSdrRatio NaN, FLAG_ALLOWED_TO_BE_DEFAULT_DISPLAY, FLAG_ROTATES_WITH_CONTENT, FLAG_SECURE, FLAG_SUPPORTS_PROTECTED_BUFFERS, FLAG_TRUSTED, installOrientation 0, displayShape DisplayShape{ spec=-757940771 displayWidth=720 displayHeight=1604 physicalPixelDisplaySizeRatio=1.0 rotation=0 offsetX=0 offsetY=0 scale=1.0}}
07-11 20:06:20.361  1861  1883 E ApplicationHelper: Fail to get PackageManager
07-11 20:06:20.370  1861  1883 E ApplicationHelper: Fail to get PackageManager
07-11 20:06:20.386  1861  1883 E ApplicationHelper: Fail to get PackageManager
07-11 20:06:20.387  1861  1883 E ApplicationHelper: Fail to get PackageManager
07-11 20:06:20.403  1861  7174 W ActivityManager: Unable to start service Intent { cmp=com.huawei.systemserver/.activityrecognition.ActivityRecognitionService } U=0: not found
07-11 20:06:22.352  1861  1883 E ApplicationHelper: Fail to get PackageManager
07-11 20:06:22.354  1861  1883 E ApplicationHelper: Fail to get PackageManager
07-11 20:06:22.406  1861  7174 W ActivityManager: Unable to start service Intent { cmp=com.huawei.systemserver/.activityrecognition.ActivityRecognitionService } U=0: not found
07-11 20:06:25.374  1861  1883 E ApplicationHelper: Fail to get PackageManager
07-11 20:06:25.378  1861  1883 E ApplicationHelper: Fail to get PackageManager
07-11 20:06:29.872  1861  1885 I DisplayDeviceRepository: Display device changed: DisplayDeviceInfo{"Built-in Screen": uniqueId="local:4627039422300187648", 720 x 1604, modeId 1, renderFrameRate 60.0, defaultModeId 1, userPreferredModeId -1, supportedModes [{id=1, width=720, height=1604, fps=60.0, vsync=60.0, synthetic=false, alternativeRefreshRates=[90.0], supportedHdrTypes=[]}, {id=2, width=720, height=1604, fps=90.0, vsync=90.0, synthetic=false, alternativeRefreshRates=[60.0], supportedHdrTypes=[]}], colorMode 0, supportedColorModes [0], hdrCapabilities HdrCapabilities{mSupportedHdrTypes=[], mMaxLuminance=500.0, mMaxAverageLuminance=500.0, mMinLuminance=0.0}, allmSupported false, gameContentTypeSupported false, density 280, 268.9412 x 268.0368 dpi, appVsyncOff 2400001, presDeadline 28600000, cutout DisplayCutout{insets=Rect(0, 70 - 0, 0) waterfall=Insets{left=0, top=0, right=0, bottom=0} boundingRect={Bounds=[Rect(0, 0 - 0, 0), Rect(336, 0 - 384, 70), Rect(0, 0 - 0, 0), Rect(0, 0 - 0, 0)]} cutoutPathParserInfo={CutoutPathParserInfo{displayWidth=720 displayHeight=1604 physicalDisplayWidth=720 physicalDisplayHeight=1604 density={1.75} cutoutSpec={M -24,0 L 24,0 L 24,70 L -24,70 Z} rotation={0} scale={1.0} physicalPixelDisplaySizeRatio={1.0}}} sideOverrides={}}, touch INTERNAL, rotation 0, type INTERNAL, address {port=0, model=0x40368bd6e7ee6c}, deviceProductInfo DeviceProductInfo{name=MTKDEV, manufacturerPnpId=MTK, productId=35638, modelYear=null, manufactureDate=ManufactureDate{week=42, year=2021}, connectionToSinkType=0}, state ON, committedState ON, frameRateOverride , brightnessMinimum 0.0, brightnessMaximum 1.0, brightnessDefault 0.4685039, hdrSdrRatio NaN, FLAG_ALLOWED_TO_BE_DEFAULT_DISPLAY, FLAG_ROTATES_WITH_CONTENT, FLAG_SECURE, FLAG_SUPPORTS_PROTECTED_BUFFERS, FLAG_TRUSTED, installOrientation 0, displayShape DisplayShape{ spec=-757940771 displayWidth=720 displayHeight=1604 physicalPixelDisplaySizeRatio=1.0 rotation=0 offsetX=0 offsetY=0 scale=1.0}}
07-11 20:06:30.786  1861  1883 E ApplicationHelper: Fail to get PackageManager
07-11 20:06:30.812  1861  7174 I WindowManager: Relayout Window{9a23fdd u0 NotificationShade}: oldVis=4 newVis=0 focusMayChange = true requestedWidth = 720 requestedHeight = 1604 outFrames = ClientWindowFrames{frame=[0,0][720,1604] display=[0,0][720,1604] parentFrame=[0,0][0,0]} outSurfaceControl = Surface(name=NotificationShade)/@0xbcf9c35
07-11 20:06:30.973  1861  7174 W WindowManager: Changing focus from Window{25e94ba u0 com.instagram.android/com.instagram.android.activity.MainTabActivity} to Window{9a23fdd u0 NotificationShade} displayId=0 Callers=com.android.server.wm.RootWindowContainer.updateFocusedWindowLocked:470 com.android.server.wm.WindowManagerService.updateFocusedWindowLocked:6676 com.android.server.wm.WindowManagerService.relayoutWindowInner:2694 com.android.server.wm.WindowManagerService.relayoutWindow:2362 
07-11 20:06:31.000   594 12980 I keystore2: system/security/keystore2/watchdog/src/lib.rs:319 - Watchdog thread idle -> terminating. Have a great day.
07-11 20:06:31.581  1861  2335 W WindowManager: Changing focus from Window{9a23fdd u0 NotificationShade} to Window{8e8fb8 u0 SystemUIDialog} displayId=0 Callers=com.android.server.wm.RootWindowContainer.updateFocusedWindowLocked:470 com.android.server.wm.WindowManagerService.updateFocusedWindowLocked:6676 com.android.server.wm.WindowManagerService.addWindow:1936 com.android.server.wm.Session.addToDisplayAsUser:257 
07-11 20:06:32.652  1861  1861 I Telecom-BluetoothStateReceiver: HFP device XX:XX:XX:XX:49:80 changed state to 1: BSR.oR@hgg
07-11 20:06:32.669  1861  1897 I ActivityManager: Start proc 13024:com.google.android.projection.gearhead:shared/u0a130 for broadcast {com.google.android.projection.gearhead/com.google.android.apps.auto.wireless.bluetooth.WifiBluetoothReceiver}
07-11 20:06:32.716  1861  1883 E ApplicationHelper: Fail to get PackageManager
07-11 20:06:33.138  1861  7174 I ActivityManager: Flag disabled. Ignoring finishAttachApplication from uid: 10130. pid: 13024
07-11 20:06:33.283  1861  1883 E ApplicationHelper: Fail to get PackageManager
07-11 20:06:33.284  1861  1883 E ApplicationHelper: Fail to get PackageManager
07-11 20:06:33.284  1861  1883 E ApplicationHelper: Fail to get PackageManager
07-11 20:06:33.287  1861  1883 E ApplicationHelper: Fail to get PackageManager
07-11 20:06:33.399  1861  1883 E ApplicationHelper: Fail to get PackageManager
07-11 20:06:33.400  1861  1883 E ApplicationHelper: Fail to get PackageManager
07-11 20:06:33.412  1861  1883 E ApplicationHelper: Fail to get PackageManager
07-11 20:06:33.449  1861  1861 I Telecom-BluetoothStateReceiver: HFP device XX:XX:XX:XX:49:80 changed state to 2: BSR.oR@hgs
07-11 20:06:33.458  1861  1861 I Telecom-BluetoothDeviceManager: Adding device with address: XX:XX:XX:XX:49:80 and devicetype=HFP: BSR.oR@hgs
07-11 20:06:33.468  1861  1861 I Telecom-BluetoothStateReceiver: Device XX:XX:XX:XX:49:80 is now the preferred BT device for HFP: BSR.oR@hgw
07-11 20:06:33.472  1861  1883 E ApplicationHelper: Fail to get PackageManager
07-11 20:06:33.476  1861  1883 E ApplicationHelper: Fail to get PackageManager
07-11 20:06:33.502  1861  1883 E ApplicationHelper: Fail to get PackageManager
07-11 20:06:33.512  1861  2660 I Telecom-CallAudioRouteStateMachine: Message received: BLUETOOTH_DEVICE_LIST_CHANGED=7, arg1=0: BSR.oR->CARSM.pM_BLUETOOTH_DEVICE_LIST_CHANGED@hgs
07-11 20:06:33.512  1861  2660 I Telecom-CallAudioRouteStateMachine$QuiescentEarpieceRoute: Processing message BLUETOOTH_DEVICE_LIST_CHANGED: BSR.oR->CARSM.pM_BLUETOOTH_DEVICE_LIST_CHANGED@hgs
07-11 20:06:33.515  1861  2660 I Telecom : Logging.Events: Non-call EVENT: AUDIO_ROUTE, Bluetooth device list changed: BSR.oR->CARSM.pM_BLUETOOTH_DEVICE_LIST_CHANGED@hgs
07-11 20:06:33.518  1861  1883 E ApplicationHelper: Fail to get PackageManager
07-11 20:06:33.523  1861  2644 I Telecom-BluetoothRouteManager: AudioOff received message: NEW_DEVICE_CONNECTED.: BSR.oR->BRM.pM_1@hgs
07-11 20:06:33.523  1861  1883 E ApplicationHelper: Fail to get PackageManager
07-11 20:06:33.533  1861  6237 W WindowManager: Changing focus from Window{8e8fb8 u0 SystemUIDialog EXITING} to Window{9a23fdd u0 NotificationShade} displayId=0 Callers=com.android.server.wm.RootWindowContainer.updateFocusedWindowLocked:470 com.android.server.wm.WindowManagerService.updateFocusedWindowLocked:6676 com.android.server.wm.WindowState.setupWindowForRemoveOnExit:2573 com.android.server.wm.WindowState.removeIfPossible:2535 
07-11 20:06:33.547  1861  2660 I Telecom-CallAudioRouteStateMachine: Message received: BT_ACTIVE_DEVICE_PRESENT=8, arg1=0: BSR.oR->CARSM.pM_BT_ACTIVE_DEVICE_PRESENT@hgw
07-11 20:06:33.548  1861  2660 I Telecom-CallAudioRouteStateMachine$QuiescentEarpieceRoute: Processing message BT_ACTIVE_DEVICE_PRESENT: BSR.oR->CARSM.pM_BT_ACTIVE_DEVICE_PRESENT@hgw
07-11 20:06:33.548  1861  2660 I Telecom : Logging.Events: Non-call EVENT: AUDIO_ROUTE, Bluetooth active device present: BSR.oR->CARSM.pM_BT_ACTIVE_DEVICE_PRESENT@hgw
07-11 20:06:33.548  1861  2660 I Telecom-CallAudioRouteStateMachine: Message received: SWITCH_BLUETOOTH=1002, arg1=0: BSR.oR->CARSM.pM_BT_ACTIVE_DEVICE_PRESENT->CARSM.pM_SWITCH_BLUETOOTH@hgw
07-11 20:06:33.548  1861  2660 I Telecom-CallAudioRouteStateMachine$QuiescentEarpieceRoute: Processing message SWITCH_BLUETOOTH: BSR.oR->CARSM.pM_BT_ACTIVE_DEVICE_PRESENT->CARSM.pM_SWITCH_BLUETOOTH@hgw
07-11 20:06:33.549  1861  2660 I Telecom : Logging.Events: Non-call EVENT: AUDIO_ROUTE, Leaving state QuiescentEarpieceRoute: BSR.oR->CARSM.pM_BT_ACTIVE_DEVICE_PRESENT->CARSM.pM_SWITCH_BLUETOOTH@hgw
07-11 20:06:33.549  1861  2660 I Telecom : Logging.Events: Non-call EVENT: AUDIO_ROUTE, Entering state QuiescentBluetoothRoute: BSR.oR->CARSM.pM_BT_ACTIVE_DEVICE_PRESENT->CARSM.pM_SWITCH_BLUETOOTH@hgw
07-11 20:06:33.564  1861  2667 I Telecom-CallAudioModeStateMachine: Message received: BT_ACTIVE_DEVICE_PRESENT.: BSR.oR->CARSM.pM_BT_ACTIVE_DEVICE_PRESENT->CAMSM.pM_10005@hgw
07-11 20:06:33.620  1861  1883 E ApplicationHelper: Fail to get PackageManager
07-11 20:06:33.647  1861  1883 E ApplicationHelper: Fail to get PackageManager
07-11 20:06:33.699  1861  1883 E ApplicationHelper: Fail to get PackageManager
07-11 20:06:33.728  1861  1883 E ApplicationHelper: Fail to get PackageManager
07-11 20:06:33.840  1861  4833 W ActivityManager: pid 12846 com.android.vending:background sent binder code 2 with flags 1 to frozen apps and got error -32
07-11 20:06:33.841  1861  2367 I ActivityManager: Process com.android.vending (pid 12751) has died: cch+5 CEM 
07-11 20:06:33.844  1861  1883 E ApplicationHelper: Fail to get PackageManager
07-11 20:06:33.844  1861  1883 E ApplicationHelper: Fail to get PackageManager
07-11 20:06:33.869  1861  1883 E ApplicationHelper: Fail to get PackageManager
07-11 20:06:33.869  1861  1883 E ApplicationHelper: Fail to get PackageManager
07-11 20:06:33.869  1861  1883 E ApplicationHelper: Fail to get PackageManager
07-11 20:06:33.884  1861  1883 E ApplicationHelper: Fail to get PackageManager
07-11 20:06:33.884  1861  1883 E ApplicationHelper: Fail to get PackageManager
07-11 20:06:33.899  1861  1883 E ApplicationHelper: Fail to get PackageManager
07-11 20:06:33.911  1861  1883 E ApplicationHelper: Fail to get PackageManager
07-11 20:06:33.914  1861  1883 E ApplicationHelper: Fail to get PackageManager
07-11 20:06:33.948  1861  1883 E ApplicationHelper: Fail to get PackageManager
07-11 20:06:34.171  1861  2074 W LamuSarControl: onAudioPortListUpdate
07-11 20:06:34.173  1861  1861 I Telecom-WiredHeadsetManager: ACTION_HEADSET_PLUG event, plugged in: false, : WHC.oADA@hjU
07-11 20:06:34.174  1861  2098 I MR2ServiceImpl: addProviderRoutes | provider: com.android.server.media/.SystemMediaRoute2Provider, routes: [64:8F:DB:25:49:80 | OnePlus Nord Buds 2r]
07-11 20:06:34.183  1861  1883 E ApplicationHelper: Fail to get PackageManager
07-11 20:06:34.194  1861  1883 E ApplicationHelper: Fail to get PackageManager
