07-11 18:12:16.060 12061 12153 E AndroidRuntime: 	at androidx.room.RoomDatabase.useConnection(RoomDatabase.android.kt:619)
07-11 18:12:16.060 12061 12153 E AndroidRuntime: 	at androidx.room.util.DBUtil__DBUtil_androidKt$performInTransactionSuspending$2.invokeSuspend(DBUtil.android.kt:260)
07-11 18:12:16.060 12061 12153 E AndroidRuntime: 	at androidx.room.util.DBUtil__DBUtil_androidKt$performInTransactionSuspending$2.invoke(DBUtil.android.kt:8)
07-11 18:12:16.060 12061 12153 E AndroidRuntime: 	at androidx.room.util.DBUtil__DBUtil_androidKt$performInTransactionSuspending$2.invoke(DBUtil.android.kt:2)
07-11 18:12:16.060 12061 12153 E AndroidRuntime: 	at androidx.room.RoomDatabaseKt__RoomDatabase_androidKt$withTransactionContext$transactionBlock$1.invokeSuspend(RoomDatabase.android.kt:2058)
07-11 18:12:16.060 12061 12153 E AndroidRuntime: 	at androidx.room.RoomDatabaseKt__RoomDatabase_androidKt$withTransactionContext$transactionBlock$1.invoke(RoomDatabase.android.kt:8)
07-11 18:12:16.060 12061 12153 E AndroidRuntime: 	at androidx.room.RoomDatabaseKt__RoomDatabase_androidKt$withTransactionContext$transactionBlock$1.invoke(RoomDatabase.android.kt:4)
07-11 18:12:16.060 12061 12153 E AndroidRuntime: 	at kotlinx.coroutines.intrinsics.UndispatchedKt.startUndispatchedOrReturn(Undispatched.kt:42)
07-11 18:12:16.060 12061 12153 E AndroidRuntime: 	at kotlinx.coroutines.BuildersKt__Builders_commonKt.withContext(Builders.common.kt:164)
07-11 18:12:16.060 12061 12153 E AndroidRuntime: 	at kotlinx.coroutines.BuildersKt.withContext(dex-id-fc9e0c92f1ade7650716b75d8748165b5bacf67f:1)
07-11 18:12:16.062 12061 12153 E AndroidRuntime: 	at androidx.room.RoomDatabaseKt__RoomDatabase_androidKt$startTransactionCoroutine$2$1$1.invokeSuspend(RoomDatabase.android.kt:2087)
07-11 18:12:16.062 12061 12153 E AndroidRuntime: 	at kotlin.coroutines.jvm.internal.BaseContinuationImpl.resumeWith(ContinuationImpl.kt:34)
07-11 18:12:16.062 12061 12153 E AndroidRuntime: 	at kotlinx.coroutines.DispatchedTask.run(DispatchedTask.kt:101)
07-11 18:12:16.062 12061 12153 E AndroidRuntime: 	at kotlinx.coroutines.EventLoopImplBase.processNextEvent(EventLoop.common.kt:263)
07-11 18:12:16.062 12061 12153 E AndroidRuntime: 	at kotlinx.coroutines.BlockingCoroutine.joinBlocking(Builders.kt:95)
07-11 18:12:16.062 12061 12153 E AndroidRuntime: 	at kotlinx.coroutines.BuildersKt__BuildersKt.runBlocking(Builders.kt:69)
07-11 18:12:16.062 12061 12153 E AndroidRuntime: 	at kotlinx.coroutines.BuildersKt.runBlocking(dex-id-fc9e0c92f1ade7650716b75d8748165b5bacf67f:1)
07-11 18:12:16.062 12061 12153 E AndroidRuntime: 	at androidx.room.RoomDatabaseKt__RoomDatabase_androidKt$startTransactionCoroutine$2$1.run(RoomDatabase.android.kt:2084)
07-11 18:12:16.062 12061 12153 E AndroidRuntime: 	at androidx.room.TransactionExecutor.execute$lambda$1$lambda$0(TransactionExecutor.android.kt:38)
07-11 18:12:16.062 12061 12153 E AndroidRuntime: 	at androidx.room.TransactionExecutor$$ExternalSyntheticLambda0.run(D8$$SyntheticClass:0)
07-11 18:12:16.062 12061 12153 E AndroidRuntime: 	at java.util.concurrent.ThreadPoolExecutor.runWorker(ThreadPoolExecutor.java:1100)
07-11 18:12:16.062 12061 12153 E AndroidRuntime: 	at java.util.concurrent.ThreadPoolExecutor$Worker.run(ThreadPoolExecutor.java:624)
07-11 18:12:16.062 12061 12153 E AndroidRuntime: 	at java.lang.Thread.run(Thread.java:1572)
07-11 18:12:16.062 12061 12153 E AndroidRuntime: 	Suppressed: kotlinx.coroutines.internal.DiagnosticCoroutineContextException: [StandaloneCoroutine{Cancelling}@497243d, Dispatchers.IO]
--------- beginning of system
07-11 20:12:38.700  1861  6237 W WindowManager: Changing focus from Window{25854a u0 com.instagram.android/com.instagram.modal.TransparentModalActivity} to Window{cd30de8 u0 com.instagram.android/com.instagram.modal.ModalActivity} displayId=0 Callers=com.android.server.wm.RootWindowContainer.updateFocusedWindowLocked:470 com.android.server.wm.WindowManagerService.updateFocusedWindowLocked:6676 com.android.server.wm.ActivityTaskManagerService.setLastResumedActivityUncheckLocked:5094 com.android.server.wm.ActivityTaskSupervisor.updateTopResumedActivityIfNeeded:2367 
07-11 20:12:38.725  1861  4599 W UserManagerService: Requested status bar icon for non-badged user 0
07-11 20:12:38.763  1861  2396 W PackageConfigPersister: App-specific configuration not found for packageName: com.instagram.android and userId: 0
07-11 20:12:38.897  1861  1883 E ApplicationHelper: Fail to get PackageManager
07-11 20:12:38.897  1861  1883 E ApplicationHelper: Fail to get PackageManager
07-11 20:12:39.092  1861  2396 W UserManagerService: Requested status bar icon for non-badged user 0
07-11 20:12:39.153  1861  5646 W ActivityTaskManager: ActivityClientController onTransact aborts UID:10322 PID:10465
07-11 20:12:39.153  1861  5646 W ActivityTaskManager: java.lang.IllegalStateException: setPictureInPictureParams: Current activity does not support picture-in-picture.
07-11 20:12:39.153  1861  5646 W ActivityTaskManager: 	at com.android.server.wm.ActivityClientController.ensureValidPictureInPictureActivityParams(ActivityClientController.java:1063)
07-11 20:12:39.153  1861  5646 W ActivityTaskManager: 	at com.android.server.wm.ActivityClientController.setPictureInPictureParams(ActivityClientController.java:980)
07-11 20:12:39.153  1861  5646 W ActivityTaskManager: 	at android.app.IActivityClientController$Stub.onTransact(IActivityClientController.java:1077)
07-11 20:12:39.153  1861  5646 W ActivityTaskManager: 	at com.android.server.wm.ActivityClientController.onTransact(ActivityClientController.java:168)
07-11 20:12:39.153  1861  5646 W ActivityTaskManager: 	at android.os.Binder.execTransactInternal(Binder.java:1500)
07-11 20:12:39.153  1861  5646 W ActivityTaskManager: 	at android.os.Binder.execTransact(Binder.java:1444)
07-11 20:12:39.154  1861  5646 W ActivityTaskManager: ActivityClientController onTransact aborts UID:10322 PID:10465
07-11 20:12:39.154  1861  5646 W ActivityTaskManager: java.lang.IllegalStateException: setPictureInPictureParams: Current activity does not support picture-in-picture.
07-11 20:12:39.154  1861  5646 W ActivityTaskManager: 	at com.android.server.wm.ActivityClientController.ensureValidPictureInPictureActivityParams(ActivityClientController.java:1063)
07-11 20:12:39.154  1861  5646 W ActivityTaskManager: 	at com.android.server.wm.ActivityClientController.setPictureInPictureParams(ActivityClientController.java:980)
07-11 20:12:39.154  1861  5646 W ActivityTaskManager: 	at android.app.IActivityClientController$Stub.onTransact(IActivityClientController.java:1077)
07-11 20:12:39.154  1861  5646 W ActivityTaskManager: 	at com.android.server.wm.ActivityClientController.onTransact(ActivityClientController.java:168)
07-11 20:12:39.154  1861  5646 W ActivityTaskManager: 	at android.os.Binder.execTransactInternal(Binder.java:1500)
07-11 20:12:39.154  1861  5646 W ActivityTaskManager: 	at android.os.Binder.execTransact(Binder.java:1444)
07-11 20:12:39.155  1861  5646 W ActivityTaskManager: ActivityClientController onTransact aborts UID:10322 PID:10465
07-11 20:12:39.155  1861  5646 W ActivityTaskManager: java.lang.IllegalStateException: setPictureInPictureParams: Current activity does not support picture-in-picture.
07-11 20:12:39.155  1861  5646 W ActivityTaskManager: 	at com.android.server.wm.ActivityClientController.ensureValidPictureInPictureActivityParams(ActivityClientController.java:1063)
07-11 20:12:39.155  1861  5646 W ActivityTaskManager: 	at com.android.server.wm.ActivityClientController.setPictureInPictureParams(ActivityClientController.java:980)
07-11 20:12:39.155  1861  5646 W ActivityTaskManager: 	at android.app.IActivityClientController$Stub.onTransact(IActivityClientController.java:1077)
07-11 20:12:39.155  1861  5646 W ActivityTaskManager: 	at com.android.server.wm.ActivityClientController.onTransact(ActivityClientController.java:168)
07-11 20:12:39.155  1861  5646 W ActivityTaskManager: 	at android.os.Binder.execTransactInternal(Binder.java:1500)
07-11 20:12:39.155  1861  5646 W ActivityTaskManager: 	at android.os.Binder.execTransact(Binder.java:1444)
07-11 20:12:39.157  1861  6570 W ActivityTaskManager: ActivityClientController onTransact aborts UID:10322 PID:10465
07-11 20:12:39.157  1861  6570 W ActivityTaskManager: java.lang.IllegalStateException: setPictureInPictureParams: Current activity does not support picture-in-picture.
07-11 20:12:39.157  1861  6570 W ActivityTaskManager: 	at com.android.server.wm.ActivityClientController.ensureValidPictureInPictureActivityParams(ActivityClientController.java:1063)
07-11 20:12:39.157  1861  6570 W ActivityTaskManager: 	at com.android.server.wm.ActivityClientController.setPictureInPictureParams(ActivityClientController.java:980)
07-11 20:12:39.157  1861  6570 W ActivityTaskManager: 	at android.app.IActivityClientController$Stub.onTransact(IActivityClientController.java:1077)
07-11 20:12:39.157  1861  6570 W ActivityTaskManager: 	at com.android.server.wm.ActivityClientController.onTransact(ActivityClientController.java:168)
07-11 20:12:39.157  1861  6570 W ActivityTaskManager: 	at android.os.Binder.execTransactInternal(Binder.java:1500)
07-11 20:12:39.157  1861  6570 W ActivityTaskManager: 	at android.os.Binder.execTransact(Binder.java:1444)
07-11 20:12:39.161  1861  6570 W ActivityTaskManager: ActivityClientController onTransact aborts UID:10322 PID:10465
07-11 20:12:39.161  1861  6570 W ActivityTaskManager: java.lang.IllegalStateException: setPictureInPictureParams: Current activity does not support picture-in-picture.
07-11 20:12:39.161  1861  6570 W ActivityTaskManager: 	at com.android.server.wm.ActivityClientController.ensureValidPictureInPictureActivityParams(ActivityClientController.java:1063)
07-11 20:12:39.161  1861  6570 W ActivityTaskManager: 	at com.android.server.wm.ActivityClientController.setPictureInPictureParams(ActivityClientController.java:980)
07-11 20:12:39.161  1861  6570 W ActivityTaskManager: 	at android.app.IActivityClientController$Stub.onTransact(IActivityClientController.java:1077)
07-11 20:12:39.161  1861  6570 W ActivityTaskManager: 	at com.android.server.wm.ActivityClientController.onTransact(ActivityClientController.java:168)
07-11 20:12:39.161  1861  6570 W ActivityTaskManager: 	at android.os.Binder.execTransactInternal(Binder.java:1500)
07-11 20:12:39.161  1861  6570 W ActivityTaskManager: 	at android.os.Binder.execTransact(Binder.java:1444)
07-11 20:12:39.175  1861  2396 W WindowManager: Failed looking up window session=Session{d180d4f 10465:u0a10322} callers=com.android.server.wm.WindowManagerService.windowForClientLocked:6561 com.android.server.wm.Session.setOnBackInvokedCallbackInfo:1020 android.view.IWindowSession$Stub.onTransact:1207 
07-11 20:12:39.175  1861  2396 I WindowManager: setOnBackInvokedCallback(): No window state for package:com.instagram.android
07-11 20:12:39.175  1861  6237 W WindowManager: Cannot find window which accessibility connection is added to
07-11 20:12:39.175  1861  6237 W WindowManager: Failed looking up window session=Session{d180d4f 10465:u0a10322} callers=com.android.server.wm.WindowManagerService.removeClientToken:2118 com.android.server.wm.Session.remove:274 android.view.IWindowSession$Stub.onTransact:693 
07-11 20:12:39.831  1861  1885 W WindowManager: Unexpected ACTION_DOWN in drag layer
07-11 20:12:41.434  1861  5646 W OptProp : Cannot read opt property android.window.PROPERTY_COMPAT_ALLOW_ORIENTATION_OVERRIDE
07-11 20:12:41.435  1861  5646 W OptProp : Cannot read opt property android.window.PROPERTY_COMPAT_ALLOW_RESIZEABLE_ACTIVITY_OVERRIDES
07-11 20:12:41.436  1861  5646 W OptProp : Cannot read opt property android.window.PROPERTY_COMPAT_ALLOW_MIN_ASPECT_RATIO_OVERRIDE
07-11 20:12:41.455  1861  5646 I ActivityTaskManager: START u0 {cmp=com.instagram.android/com.instagram.modal.TransparentModalActivity (has extras)} with LAUNCH_MULTIPLE from uid 10322 (BAL_ALLOW_VISIBLE_WINDOW) result code=0
07-11 20:12:41.476  1861  6237 W WindowManager: Changing focus from Window{cd30de8 u0 com.instagram.android/com.instagram.modal.ModalActivity} to null displayId=0 Callers=com.android.server.wm.RootWindowContainer.updateFocusedWindowLocked:470 com.android.server.wm.WindowManagerService.updateFocusedWindowLocked:6676 com.android.server.wm.ActivityTaskManagerService.setLastResumedActivityUncheckLocked:5094 com.android.server.wm.ActivityTaskSupervisor.updateTopResumedActivityIfNeeded:2367 
07-11 20:12:41.581  1861  6570 W ActivityTaskManager: ActivityClientController onTransact aborts UID:10322 PID:10465
07-11 20:12:41.581  1861  6570 W ActivityTaskManager: java.lang.IllegalStateException: setPictureInPictureParams: Current activity does not support picture-in-picture.
07-11 20:12:41.581  1861  6570 W ActivityTaskManager: 	at com.android.server.wm.ActivityClientController.ensureValidPictureInPictureActivityParams(ActivityClientController.java:1063)
07-11 20:12:41.581  1861  6570 W ActivityTaskManager: 	at com.android.server.wm.ActivityClientController.setPictureInPictureParams(ActivityClientController.java:980)
07-11 20:12:41.581  1861  6570 W ActivityTaskManager: 	at android.app.IActivityClientController$Stub.onTransact(IActivityClientController.java:1077)
07-11 20:12:41.581  1861  6570 W ActivityTaskManager: 	at com.android.server.wm.ActivityClientController.onTransact(ActivityClientController.java:168)
07-11 20:12:41.581  1861  6570 W ActivityTaskManager: 	at android.os.Binder.execTransactInternal(Binder.java:1500)
07-11 20:12:41.581  1861  6570 W ActivityTaskManager: 	at android.os.Binder.execTransact(Binder.java:1444)
07-11 20:12:41.676  1861  6237 W ActivityTaskManager: ActivityClientController onTransact aborts UID:10322 PID:10465
07-11 20:12:41.676  1861  6237 W ActivityTaskManager: java.lang.IllegalStateException: setPictureInPictureParams: Current activity does not support picture-in-picture.
07-11 20:12:41.676  1861  6237 W ActivityTaskManager: 	at com.android.server.wm.ActivityClientController.ensureValidPictureInPictureActivityParams(ActivityClientController.java:1063)
07-11 20:12:41.676  1861  6237 W ActivityTaskManager: 	at com.android.server.wm.ActivityClientController.setPictureInPictureParams(ActivityClientController.java:980)
07-11 20:12:41.676  1861  6237 W ActivityTaskManager: 	at android.app.IActivityClientController$Stub.onTransact(IActivityClientController.java:1077)
07-11 20:12:41.676  1861  6237 W ActivityTaskManager: 	at com.android.server.wm.ActivityClientController.onTransact(ActivityClientController.java:168)
07-11 20:12:41.676  1861  6237 W ActivityTaskManager: 	at android.os.Binder.execTransactInternal(Binder.java:1500)
07-11 20:12:41.676  1861  6237 W ActivityTaskManager: 	at android.os.Binder.execTransact(Binder.java:1444)
07-11 20:12:41.678  1861  6237 W ActivityTaskManager: ActivityClientController onTransact aborts UID:10322 PID:10465
07-11 20:12:41.678  1861  6237 W ActivityTaskManager: java.lang.IllegalStateException: setPictureInPictureParams: Current activity does not support picture-in-picture.
07-11 20:12:41.678  1861  6237 W ActivityTaskManager: 	at com.android.server.wm.ActivityClientController.ensureValidPictureInPictureActivityParams(ActivityClientController.java:1063)
07-11 20:12:41.678  1861  6237 W ActivityTaskManager: 	at com.android.server.wm.ActivityClientController.setPictureInPictureParams(ActivityClientController.java:980)
07-11 20:12:41.678  1861  6237 W ActivityTaskManager: 	at android.app.IActivityClientController$Stub.onTransact(IActivityClientController.java:1077)
07-11 20:12:41.678  1861  6237 W ActivityTaskManager: 	at com.android.server.wm.ActivityClientController.onTransact(ActivityClientController.java:168)
07-11 20:12:41.678  1861  6237 W ActivityTaskManager: 	at android.os.Binder.execTransactInternal(Binder.java:1500)
07-11 20:12:41.678  1861  6237 W ActivityTaskManager: 	at android.os.Binder.execTransact(Binder.java:1444)
07-11 20:12:41.679  1861  6237 W ActivityTaskManager: ActivityClientController onTransact aborts UID:10322 PID:10465
07-11 20:12:41.679  1861  6237 W ActivityTaskManager: java.lang.IllegalStateException: setPictureInPictureParams: Current activity does not support picture-in-picture.
07-11 20:12:41.679  1861  6237 W ActivityTaskManager: 	at com.android.server.wm.ActivityClientController.ensureValidPictureInPictureActivityParams(ActivityClientController.java:1063)
07-11 20:12:41.679  1861  6237 W ActivityTaskManager: 	at com.android.server.wm.ActivityClientController.setPictureInPictureParams(ActivityClientController.java:980)
07-11 20:12:41.679  1861  6237 W ActivityTaskManager: 	at android.app.IActivityClientController$Stub.onTransact(IActivityClientController.java:1077)
07-11 20:12:41.679  1861  6237 W ActivityTaskManager: 	at com.android.server.wm.ActivityClientController.onTransact(ActivityClientController.java:168)
07-11 20:12:41.679  1861  6237 W ActivityTaskManager: 	at android.os.Binder.execTransactInternal(Binder.java:1500)
07-11 20:12:41.679  1861  6237 W ActivityTaskManager: 	at android.os.Binder.execTransact(Binder.java:1444)
07-11 20:12:41.681  1861  6237 W ActivityTaskManager: ActivityClientController onTransact aborts UID:10322 PID:10465
07-11 20:12:41.681  1861  6237 W ActivityTaskManager: java.lang.IllegalStateException: setPictureInPictureParams: Current activity does not support picture-in-picture.
07-11 20:12:41.681  1861  6237 W ActivityTaskManager: 	at com.android.server.wm.ActivityClientController.ensureValidPictureInPictureActivityParams(ActivityClientController.java:1063)
07-11 20:12:41.681  1861  6237 W ActivityTaskManager: 	at com.android.server.wm.ActivityClientController.setPictureInPictureParams(ActivityClientController.java:980)
07-11 20:12:41.681  1861  6237 W ActivityTaskManager: 	at android.app.IActivityClientController$Stub.onTransact(IActivityClientController.java:1077)
07-11 20:12:41.681  1861  6237 W ActivityTaskManager: 	at com.android.server.wm.ActivityClientController.onTransact(ActivityClientController.java:168)
07-11 20:12:41.681  1861  6237 W ActivityTaskManager: 	at android.os.Binder.execTransactInternal(Binder.java:1500)
07-11 20:12:41.681  1861  6237 W ActivityTaskManager: 	at android.os.Binder.execTransact(Binder.java:1444)
07-11 20:12:41.723  1861  6237 W WindowManager: Changing focus from null to Window{ac143c9 u0 com.instagram.android/com.instagram.modal.TransparentModalActivity} displayId=0 Callers=com.android.server.wm.RootWindowContainer.updateFocusedWindowLocked:470 com.android.server.wm.WindowManagerService.updateFocusedWindowLocked:6676 com.android.server.wm.WindowManagerService.relayoutWindowInner:2694 com.android.server.wm.WindowManagerService.relayoutWindow:2362 
07-11 20:12:41.726  1861  6237 I WindowManager: Relayout Window{ac143c9 u0 com.instagram.android/com.instagram.modal.TransparentModalActivity}: oldVis=4 newVis=0 focusMayChange = true requestedWidth = 720 requestedHeight = 1604 outFrames = ClientWindowFrames{frame=[0,0][720,1604] display=[0,0][720,1604] parentFrame=[0,0][0,0]} outSurfaceControl = Surface(name=com.instagram.android/com.instagram.modal.TransparentModalActivity)/@0xf82b632
07-11 20:12:41.818  1861  6570 W UserManagerService: Requested status bar icon for non-badged user 0
07-11 20:12:41.836  1861  6237 I AS.FadeOutManager: unfadeOutUid() uid:10322
07-11 20:12:41.900  1861  6237 W PackageConfigPersister: App-specific configuration not found for packageName: com.instagram.android and userId: 0
07-11 20:12:41.909  1861  1883 E ApplicationHelper: Fail to get PackageManager
07-11 20:12:41.909  1861  1883 E ApplicationHelper: Fail to get PackageManager
07-11 20:12:42.239  1861  1878 W UserManagerService: Requested status bar icon for non-badged user 0
07-11 20:13:06.750  1861  4599 I WindowManager: Relayout Window{71db53 u0 EdgeBackGestureHandler0}: oldVis=8 newVis=0 focusMayChange = true requestedWidth = 156 requestedHeight = 399 outFrames = ClientWindowFrames{frame=[0,556][156,955] display=[0,70][720,1604] parentFrame=[0,0][0,0]} outSurfaceControl = Surface(name=EdgeBackGestureHandler0)/@0xfb8a338
07-11 20:13:07.133  1861  4599 I WindowManager: Relayout Window{71db53 u0 EdgeBackGestureHandler0}: oldVis=8 newVis=0 focusMayChange = true requestedWidth = 156 requestedHeight = 399 outFrames = ClientWindowFrames{frame=[0,575][156,974] display=[0,70][720,1604] parentFrame=[0,0][0,0]} outSurfaceControl = Surface(name=EdgeBackGestureHandler0)/@0xe2cf56f
07-11 20:13:07.213  1861  1878 W ActivityTaskManager: ActivityClientController onTransact aborts UID:10322 PID:10465
07-11 20:13:07.213  1861  1878 W ActivityTaskManager: java.lang.IllegalStateException: setPictureInPictureParams: Current activity does not support picture-in-picture.
07-11 20:13:07.213  1861  1878 W ActivityTaskManager: 	at com.android.server.wm.ActivityClientController.ensureValidPictureInPictureActivityParams(ActivityClientController.java:1063)
07-11 20:13:07.213  1861  1878 W ActivityTaskManager: 	at com.android.server.wm.ActivityClientController.setPictureInPictureParams(ActivityClientController.java:980)
07-11 20:13:07.213  1861  1878 W ActivityTaskManager: 	at android.app.IActivityClientController$Stub.onTransact(IActivityClientController.java:1077)
07-11 20:13:07.213  1861  1878 W ActivityTaskManager: 	at com.android.server.wm.ActivityClientController.onTransact(ActivityClientController.java:168)
07-11 20:13:07.213  1861  1878 W ActivityTaskManager: 	at android.os.Binder.execTransactInternal(Binder.java:1500)
07-11 20:13:07.213  1861  1878 W ActivityTaskManager: 	at android.os.Binder.execTransact(Binder.java:1444)
07-11 20:13:07.214  1861  5646 W ActivityTaskManager: ActivityClientController onTransact aborts UID:10322 PID:10465
07-11 20:13:07.214  1861  5646 W ActivityTaskManager: java.lang.IllegalStateException: setPictureInPictureParams: Current activity does not support picture-in-picture.
07-11 20:13:07.214  1861  5646 W ActivityTaskManager: 	at com.android.server.wm.ActivityClientController.ensureValidPictureInPictureActivityParams(ActivityClientController.java:1063)
07-11 20:13:07.214  1861  5646 W ActivityTaskManager: 	at com.android.server.wm.ActivityClientController.setPictureInPictureParams(ActivityClientController.java:980)
07-11 20:13:07.214  1861  5646 W ActivityTaskManager: 	at android.app.IActivityClientController$Stub.onTransact(IActivityClientController.java:1077)
07-11 20:13:07.214  1861  5646 W ActivityTaskManager: 	at com.android.server.wm.ActivityClientController.onTransact(ActivityClientController.java:168)
07-11 20:13:07.214  1861  5646 W ActivityTaskManager: 	at android.os.Binder.execTransactInternal(Binder.java:1500)
07-11 20:13:07.214  1861  5646 W ActivityTaskManager: 	at android.os.Binder.execTransact(Binder.java:1444)
07-11 20:13:07.224  1861  1878 W WindowManager: Changing focus from Window{ac143c9 u0 com.instagram.android/com.instagram.modal.TransparentModalActivity} to Window{cd30de8 u0 com.instagram.android/com.instagram.modal.ModalActivity} displayId=0 Callers=com.android.server.wm.RootWindowContainer.updateFocusedWindowLocked:470 com.android.server.wm.WindowManagerService.updateFocusedWindowLocked:6676 com.android.server.wm.ActivityTaskManagerService.setLastResumedActivityUncheckLocked:5094 com.android.server.wm.ActivityTaskSupervisor.updateTopResumedActivityIfNeeded:2367 
07-11 20:13:07.250  1861  1878 W UserManagerService: Requested status bar icon for non-badged user 0
07-11 20:13:07.305  1861  1878 W PackageConfigPersister: App-specific configuration not found for packageName: com.instagram.android and userId: 0
07-11 20:13:07.610  1861  1878 W UserManagerService: Requested status bar icon for non-badged user 0
07-11 20:13:07.682  1861  6237 W ActivityTaskManager: ActivityClientController onTransact aborts UID:10322 PID:10465
07-11 20:13:07.682  1861  6237 W ActivityTaskManager: java.lang.IllegalStateException: setPictureInPictureParams: Current activity does not support picture-in-picture.
07-11 20:13:07.682  1861  6237 W ActivityTaskManager: 	at com.android.server.wm.ActivityClientController.ensureValidPictureInPictureActivityParams(ActivityClientController.java:1063)
07-11 20:13:07.682  1861  6237 W ActivityTaskManager: 	at com.android.server.wm.ActivityClientController.setPictureInPictureParams(ActivityClientController.java:980)
07-11 20:13:07.682  1861  6237 W ActivityTaskManager: 	at android.app.IActivityClientController$Stub.onTransact(IActivityClientController.java:1077)
07-11 20:13:07.682  1861  6237 W ActivityTaskManager: 	at com.android.server.wm.ActivityClientController.onTransact(ActivityClientController.java:168)
07-11 20:13:07.682  1861  6237 W ActivityTaskManager: 	at android.os.Binder.execTransactInternal(Binder.java:1500)
07-11 20:13:07.682  1861  6237 W ActivityTaskManager: 	at android.os.Binder.execTransact(Binder.java:1444)
07-11 20:13:07.683  1861  4314 W ActivityTaskManager: ActivityClientController onTransact aborts UID:10322 PID:10465
07-11 20:13:07.683  1861  4314 W ActivityTaskManager: java.lang.IllegalStateException: setPictureInPictureParams: Current activity does not support picture-in-picture.
07-11 20:13:07.683  1861  4314 W ActivityTaskManager: 	at com.android.server.wm.ActivityClientController.ensureValidPictureInPictureActivityParams(ActivityClientController.java:1063)
07-11 20:13:07.683  1861  4314 W ActivityTaskManager: 	at com.android.server.wm.ActivityClientController.setPictureInPictureParams(ActivityClientController.java:980)
07-11 20:13:07.683  1861  4314 W ActivityTaskManager: 	at android.app.IActivityClientController$Stub.onTransact(IActivityClientController.java:1077)
07-11 20:13:07.683  1861  4314 W ActivityTaskManager: 	at com.android.server.wm.ActivityClientController.onTransact(ActivityClientController.java:168)
07-11 20:13:07.683  1861  4314 W ActivityTaskManager: 	at android.os.Binder.execTransactInternal(Binder.java:1500)
07-11 20:13:07.683  1861  4314 W ActivityTaskManager: 	at android.os.Binder.execTransact(Binder.java:1444)
07-11 20:13:07.684  1861  6237 W ActivityTaskManager: ActivityClientController onTransact aborts UID:10322 PID:10465
07-11 20:13:07.684  1861  6237 W ActivityTaskManager: java.lang.IllegalStateException: setPictureInPictureParams: Current activity does not support picture-in-picture.
07-11 20:13:07.684  1861  6237 W ActivityTaskManager: 	at com.android.server.wm.ActivityClientController.ensureValidPictureInPictureActivityParams(ActivityClientController.java:1063)
07-11 20:13:07.684  1861  6237 W ActivityTaskManager: 	at com.android.server.wm.ActivityClientController.setPictureInPictureParams(ActivityClientController.java:980)
07-11 20:13:07.684  1861  6237 W ActivityTaskManager: 	at android.app.IActivityClientController$Stub.onTransact(IActivityClientController.java:1077)
07-11 20:13:07.684  1861  6237 W ActivityTaskManager: 	at com.android.server.wm.ActivityClientController.onTransact(ActivityClientController.java:168)
07-11 20:13:07.684  1861  6237 W ActivityTaskManager: 	at android.os.Binder.execTransactInternal(Binder.java:1500)
07-11 20:13:07.684  1861  6237 W ActivityTaskManager: 	at android.os.Binder.execTransact(Binder.java:1444)
07-11 20:13:07.685  1861  4314 W ActivityTaskManager: ActivityClientController onTransact aborts UID:10322 PID:10465
07-11 20:13:07.685  1861  4314 W ActivityTaskManager: java.lang.IllegalStateException: setPictureInPictureParams: Current activity does not support picture-in-picture.
07-11 20:13:07.685  1861  4314 W ActivityTaskManager: 	at com.android.server.wm.ActivityClientController.ensureValidPictureInPictureActivityParams(ActivityClientController.java:1063)
07-11 20:13:07.685  1861  4314 W ActivityTaskManager: 	at com.android.server.wm.ActivityClientController.setPictureInPictureParams(ActivityClientController.java:980)
07-11 20:13:07.685  1861  4314 W ActivityTaskManager: 	at android.app.IActivityClientController$Stub.onTransact(IActivityClientController.java:1077)
07-11 20:13:07.685  1861  4314 W ActivityTaskManager: 	at com.android.server.wm.ActivityClientController.onTransact(ActivityClientController.java:168)
07-11 20:13:07.685  1861  4314 W ActivityTaskManager: 	at android.os.Binder.execTransactInternal(Binder.java:1500)
07-11 20:13:07.685  1861  4314 W ActivityTaskManager: 	at android.os.Binder.execTransact(Binder.java:1444)
07-11 20:13:07.689  1861  6237 W ActivityTaskManager: ActivityClientController onTransact aborts UID:10322 PID:10465
07-11 20:13:07.689  1861  6237 W ActivityTaskManager: java.lang.IllegalStateException: setPictureInPictureParams: Current activity does not support picture-in-picture.
07-11 20:13:07.689  1861  6237 W ActivityTaskManager: 	at com.android.server.wm.ActivityClientController.ensureValidPictureInPictureActivityParams(ActivityClientController.java:1063)
07-11 20:13:07.689  1861  6237 W ActivityTaskManager: 	at com.android.server.wm.ActivityClientController.setPictureInPictureParams(ActivityClientController.java:980)
07-11 20:13:07.689  1861  6237 W ActivityTaskManager: 	at android.app.IActivityClientController$Stub.onTransact(IActivityClientController.java:1077)
07-11 20:13:07.689  1861  6237 W ActivityTaskManager: 	at com.android.server.wm.ActivityClientController.onTransact(ActivityClientController.java:168)
07-11 20:13:07.689  1861  6237 W ActivityTaskManager: 	at android.os.Binder.execTransactInternal(Binder.java:1500)
07-11 20:13:07.689  1861  6237 W ActivityTaskManager: 	at android.os.Binder.execTransact(Binder.java:1444)
07-11 20:13:07.701  1861  6237 W WindowManager: Failed looking up window session=Session{d180d4f 10465:u0a10322} callers=com.android.server.wm.WindowManagerService.windowForClientLocked:6561 com.android.server.wm.Session.setOnBackInvokedCallbackInfo:1020 android.view.IWindowSession$Stub.onTransact:1207 
07-11 20:13:07.701  1861  6237 I WindowManager: setOnBackInvokedCallback(): No window state for package:com.instagram.android
07-11 20:13:07.701  1861  4314 W WindowManager: Cannot find window which accessibility connection is added to
07-11 20:13:07.702  1861  4314 W WindowManager: Failed looking up window session=Session{d180d4f 10465:u0a10322} callers=com.android.server.wm.WindowManagerService.removeClientToken:2118 com.android.server.wm.Session.remove:274 android.view.IWindowSession$Stub.onTransact:693 
07-11 20:13:08.414  1861  1885 W WindowManager: Unexpected ACTION_DOWN in drag layer
07-11 20:13:10.554  1861  1885 W WindowManager: Unexpected ACTION_DOWN in drag layer
07-11 20:13:11.710  1861  6237 W PackageConfigPersister: App-specific configuration not found for packageName: com.instagram.android and userId: 0
07-11 20:13:11.866  1861  1883 E ApplicationHelper: Fail to get PackageManager
07-11 20:13:11.870  1861  1883 E ApplicationHelper: Fail to get PackageManager
07-11 20:13:11.896  1861  1883 E ApplicationHelper: Fail to get PackageManager
07-11 20:13:11.899  1861  1883 E ApplicationHelper: Fail to get PackageManager
07-11 20:13:11.924  1861  1883 E ApplicationHelper: Fail to get PackageManager
07-11 20:13:11.929  1861  1883 E ApplicationHelper: Fail to get PackageManager
07-11 20:13:11.932  1861  1861 E RemoteAugmentedAutofillService: Bad service name for flags 1048704: com.google.android.as/com.google.android.apps.miphone.aiai.app.AiAiAugmentedAutofillService
07-11 20:13:11.934  1861  1861 W FillRequestEventLogger: Shouldn't be logging AutofillFillRequestReported again for same event
07-11 20:13:11.934  1861  1861 W FillResponseEventLogger: Shouldn't be logging AutofillFillRequestReported again for same event
07-11 20:13:11.937  1861  1883 E ApplicationHelper: Fail to get PackageManager
07-11 20:13:11.938  1861  1883 E ApplicationHelper: Fail to get PackageManager
07-11 20:13:14.021  1861  6237 I WindowManager: Relayout Window{71db53 u0 EdgeBackGestureHandler0}: oldVis=8 newVis=0 focusMayChange = true requestedWidth = 156 requestedHeight = 399 outFrames = ClientWindowFrames{frame=[0,723][156,1122] display=[0,70][720,1604] parentFrame=[0,0][0,0]} outSurfaceControl = Surface(name=EdgeBackGestureHandler0)/@0xd331e83
07-11 20:13:14.068  1861  4314 W WindowManager: Changing focus from Window{cd30de8 u0 com.instagram.android/com.instagram.modal.ModalActivity} to null displayId=0 Callers=com.android.server.wm.RootWindowContainer.updateFocusedWindowLocked:470 com.android.server.wm.WindowManagerService.updateFocusedWindowLocked:6676 com.android.server.wm.ActivityTaskManagerService.setLastResumedActivityUncheckLocked:5094 com.android.server.wm.ActivityTaskSupervisor.updateTopResumedActivityIfNeeded:2367 
07-11 20:13:14.173  1861  5646 W WindowManager: Changing focus from null to Window{25e94ba u0 com.instagram.android/com.instagram.android.activity.MainTabActivity} displayId=0 Callers=com.android.server.wm.RootWindowContainer.updateFocusedWindowLocked:470 com.android.server.wm.WindowManagerService.updateFocusedWindowLocked:6676 com.android.server.wm.WindowManagerService.relayoutWindowInner:2694 com.android.server.wm.WindowManagerService.relayoutWindow:2362 
07-11 20:13:14.176  1861  5646 I WindowManager: Relayout Window{25e94ba u0 com.instagram.android/com.instagram.android.activity.MainTabActivity}: oldVis=8 newVis=0 focusMayChange = true requestedWidth = 720 requestedHeight = 1604 outFrames = ClientWindowFrames{frame=[0,0][720,1604] display=[0,0][720,1604] parentFrame=[0,0][0,0]} outSurfaceControl = Surface(name=com.instagram.android/com.instagram.android.activity.MainTabActivity)/@0x549f9bf
07-11 20:13:14.262  1861  2396 W UserManagerService: Requested status bar icon for non-badged user 0
07-11 20:13:14.321  1861  2396 W PackageConfigPersister: App-specific configuration not found for packageName: com.instagram.android and userId: 0
07-11 20:13:14.628  1861  5646 W UserManagerService: Requested status bar icon for non-badged user 0
07-11 20:13:14.630  1861  5646 W UserManagerService: Requested status bar icon for non-badged user 0
07-11 20:13:15.712  1861  5646 W PackageConfigPersister: App-specific configuration not found for packageName: com.instagram.android and userId: 0
07-11 20:13:15.848  1861  5646 I AS.FadeOutManager: unfadeOutUid() uid:10322
07-11 20:13:15.953  1861  1883 E ApplicationHelper: Fail to get PackageManager
07-11 20:13:19.843  1861  6433 W BatteryExternalStatsWorker: error reading Bluetooth stats: 11
07-11 20:13:23.125 32163 14572 E ActivityThread: Failed to find provider info for com.motorola.freeform.settings
07-11 20:13:23.126  1861  1861 E MBrainLocalService: notifyAppSwitch failed
07-11 20:13:23.130  1861  1883 E ApplicationHelper: Fail to get PackageManager
07-11 20:13:23.142  1861  4599 E PersistenceController: SettingNotFoundException: sv_custom_ai_icon_enabled
07-11 20:13:23.158 32163 14573 E ActivityThread: Failed to find provider info for com.motorola.freeform.settings
07-11 20:13:23.159  1861  6433 I WindowManager: Relayout Window{91c544c u0 com.motorola.launcher3/com.android.quickstep.RecentsActivity}: oldVis=8 newVis=0 focusMayChange = true requestedWidth = 720 requestedHeight = 1604 outFrames = ClientWindowFrames{frame=[0,0][720,1604] display=[0,0][720,1604] parentFrame=[0,0][0,0]} outSurfaceControl = Surface(name=com.motorola.launcher3/com.android.quickstep.RecentsActivity)/@0x9113fb4
07-11 20:13:23.160  1861  1965 W JobScheduler.Concurrency: Had fewer than 16 in existence
07-11 20:13:23.161 32163 14575 E ActivityThread: Failed to find provider info for com.motorola.freeform.settings
07-11 20:13:23.167  1861  1965 I AppsFilter: interaction: PackageSetting{70a0fbb com.android.microdroid.empty_payload/10221} -> PackageSetting{ce564d9 app.morphe.android.youtube/10262} BLOCKED
07-11 20:13:23.167  1861  1965 I AppsFilter: interaction: PackageSetting{5d580b0 com.kaon.music/10303} -> PackageSetting{ce564d9 app.morphe.android.youtube/10262} BLOCKED
07-11 20:13:23.169  1861  1965 W ActivityManager: Unable to launch app app.morphe.android.youtube/10262 for service Intent { cmp=app.morphe.android.youtube/androidx.work.impl.background.systemjob.SystemJobService }: process is bad
07-11 20:13:23.174  1861  1965 E JobScheduler.Concurrency: Error executing JobStatus{22f1bd5 androidx.work.systemjobscheduler:u0a262/7006 @androidx.work.systemjobscheduler@app.morphe.android.youtube/androidx.work.impl.background.systemjob.SystemJobService u=0 s=10262 TIME=-8m14s530ms:none NET READY}
07-11 20:13:23.175  1861  1861 E JobServiceContext: Binding died for app.morphe.android.youtube but no running job on this context
07-11 20:13:23.181 32163 14574 E ActivityThread: Failed to find provider info for com.motorola.freeform.settings
07-11 20:13:23.211 32163 14577 E ActivityThread: Failed to find provider info for com.motorola.freeform.settings
07-11 20:13:23.245  1861  2350 W UserManagerService: Requested status bar icon for non-badged user 0
07-11 20:13:23.248 32163 14576 E ActivityThread: Failed to find provider info for com.motorola.freeform.settings
07-11 20:13:23.270  1861  1885 I ActivityManager: updateOomAdj start time is before than pendingPid added, don't delete it
07-11 20:13:23.270  1861  1883 E ApplicationHelper: Fail to get PackageManager
07-11 20:13:23.296  1861  1883 E ApplicationHelper: Fail to get PackageManager
07-11 20:13:23.296  1861  1883 E ApplicationHelper: Fail to get PackageManager
07-11 20:13:23.300  1861  1861 E MBrainLocalService: notifyAppSwitch failed
07-11 20:13:23.300  1861  1861 E MBrainLocalService: notifyAppSwitch failed
07-11 20:13:23.300  1861  1878 W UserManagerService: Requested status bar icon for non-badged user 0
07-11 20:13:23.323  1861  2350 W UserManagerService: Requested status bar icon for non-badged user 0
07-11 20:13:23.437 32163 14580 E ActivityThread: Failed to find provider info for com.motorola.freeform.settings
07-11 20:13:23.438  1861  1883 E ApplicationHelper: Fail to get PackageManager
07-11 20:13:23.459  1861  1965 W JobScheduler.Concurrency: Had fewer than 16 in existence
07-11 20:13:23.463  1861  1965 I AppsFilter: interaction: PackageSetting{70a0fbb com.android.microdroid.empty_payload/10221} -> PackageSetting{bf67228 app.morphe.android.youtube/10262} BLOCKED
07-11 20:13:23.463  1861  1965 I AppsFilter: interaction: PackageSetting{5d580b0 com.kaon.music/10303} -> PackageSetting{bf67228 app.morphe.android.youtube/10262} BLOCKED
07-11 20:13:23.463  1861  1965 W ActivityManager: Unable to launch app app.morphe.android.youtube/10262 for service Intent { cmp=app.morphe.android.youtube/androidx.work.impl.background.systemjob.SystemJobService }: process is bad
07-11 20:13:23.469  1861  1965 E JobScheduler.Concurrency: Error executing JobStatus{22f1bd5 androidx.work.systemjobscheduler:u0a262/7006 @androidx.work.systemjobscheduler@app.morphe.android.youtube/androidx.work.impl.background.systemjob.SystemJobService u=0 s=10262 TIME=-8m14s825ms:none NET READY}
07-11 20:13:26.974  1861  1883 E ApplicationHelper: Fail to get PackageManager
07-11 20:13:26.975  1861  1883 E ApplicationHelper: Fail to get PackageManager
07-11 20:13:26.979  1861  1883 E ApplicationHelper: Fail to get PackageManager
07-11 20:13:26.980  1861  1883 E ApplicationHelper: Fail to get PackageManager
07-11 20:13:26.982  1861  1883 E ApplicationHelper: Fail to get PackageManager
07-11 20:13:26.987  1861  1883 E ApplicationHelper: Fail to get PackageManager
07-11 20:13:33.306  1861  1883 E ApplicationHelper: Fail to get PackageManager
07-11 20:13:33.306  1861  1883 E ApplicationHelper: Fail to get PackageManager
07-11 20:13:55.242  1861  2396 W ContextImpl: Calling a method in the system process without a qualified user: android.app.ContextImpl.sendBroadcastMultiplePermissions:1299 android.content.Context.sendBroadcastMultiplePermissions:2527 com.android.server.TelephonyRegistry.broadcastServiceStateChanged:3734 com.android.server.TelephonyRegistry.notifyServiceStateForPhoneId:1763 com.android.internal.telephony.ITelephonyRegistry$Stub.onTransact:546 
07-11 20:13:55.243  1861  2396 W ContextImpl: Calling a method in the system process without a qualified user: android.app.ContextImpl.sendBroadcastMultiplePermissions:1332 com.android.server.TelephonyRegistry.broadcastServiceStateChanged:3738 com.android.server.TelephonyRegistry.notifyServiceStateForPhoneId:1763 com.android.internal.telephony.ITelephonyRegistry$Stub.onTransact:546 android.os.Binder.execTransactInternal:1500 
07-11 20:13:55.244  1861  2396 W ContextImpl: Calling a method in the system process without a qualified user: android.app.ContextImpl.sendBroadcastMultiplePermissions:1332 com.android.server.TelephonyRegistry.broadcastServiceStateChanged:3747 com.android.server.TelephonyRegistry.notifyServiceStateForPhoneId:1763 com.android.internal.telephony.ITelephonyRegistry$Stub.onTransact:546 android.os.Binder.execTransactInternal:1500 
07-11 20:13:55.245  1861  2396 W ContextImpl: Calling a method in the system process without a qualified user: android.app.ContextImpl.sendBroadcastMultiplePermissions:1332 com.android.server.TelephonyRegistry.broadcastServiceStateChanged:3753 com.android.server.TelephonyRegistry.notifyServiceStateForPhoneId:1763 com.android.internal.telephony.ITelephonyRegistry$Stub.onTransact:546 android.os.Binder.execTransactInternal:1500 
07-11 20:13:55.259  2199  2199 I EmergencyButton: show = true
07-11 20:13:55.269  1861  1897 I ActivityManager: Start proc 14602:com.android.settings/1000 for broadcast {com.android.settings/com.android.settings.cellbroadcast.TeleStateReceiver}
07-11 20:13:55.357  1861  1883 E ApplicationHelper: Fail to get PackageManager
07-11 20:13:55.376  1861  1897 I ActivityManager: Start proc 14615:com.google.android.cellbroadcastreceiver/u0a205 for broadcast {com.google.android.cellbroadcastreceiver/com.android.cellbroadcastreceiver.CellBroadcastReceiver}
07-11 20:13:55.420  1861  1883 E ApplicationHelper: Fail to get PackageManager
07-11 20:13:55.421  1861  1883 E ApplicationHelper: Fail to get PackageManager
07-11 20:13:55.600  1861  6433 I ActivityManager: Flag disabled. Ignoring finishAttachApplication from uid: 10205. pid: 14615
07-11 20:13:55.634  1861  1883 E ApplicationHelper: Fail to get PackageManager
07-11 20:13:55.936  1861  6433 I ActivityManager: Flag disabled. Ignoring finishAttachApplication from uid: 1000. pid: 14602
07-11 20:13:55.940  1861  1883 E ApplicationHelper: Fail to get PackageManager
07-11 20:13:56.638  1861  1964 I UsageStatsService: User[0] Flushing usage stats to disk
07-11 20:13:58.017  1861  6433 I WindowManager: Relayout Window{71db53 u0 EdgeBackGestureHandler0}: oldVis=8 newVis=0 focusMayChange = true requestedWidth = 156 requestedHeight = 399 outFrames = ClientWindowFrames{frame=[564,254][720,653] display=[0,70][720,1604] parentFrame=[0,0][0,0]} outSurfaceControl = Surface(name=EdgeBackGestureHandler0)/@0xd02b387
07-11 20:14:12.455  1861  1883 E ApplicationHelper: Fail to get PackageManager
07-11 20:14:12.460  1861  1883 E ApplicationHelper: Fail to get PackageManager
07-11 20:14:12.468  1861  1897 I ActivityManager: Start proc 14665:com.android.vending/u0a151 for broadcast {com.android.vending/com.google.android.finsky.gamestreaks.notification.GameStreaksAlarmReceiver}
07-11 20:14:12.521  1861  1883 E ApplicationHelper: Fail to get PackageManager
07-11 20:14:12.522  1861  1883 E ApplicationHelper: Fail to get PackageManager
07-11 20:14:13.121  1861  2396 I ActivityManager: Flag disabled. Ignoring finishAttachApplication from uid: 10151. pid: 14665
07-11 20:14:13.131  1861  1883 E ApplicationHelper: Fail to get PackageManager
07-11 20:14:14.602  1861  2396 I ActivityManager: Process android.process.acore (pid 10315) has died: cch+25 CEM 
07-11 20:14:14.683  1861  1883 E ApplicationHelper: Fail to get PackageManager
07-11 20:14:16.288  1861  1883 E ApplicationHelper: Fail to get PackageManager
07-11 20:14:16.288  1861  1883 E ApplicationHelper: Fail to get PackageManager
07-11 20:14:20.980  1861  1883 E ApplicationHelper: Fail to get PackageManager
07-11 20:14:20.984  1861  1883 E ApplicationHelper: Fail to get PackageManager
07-11 20:14:23.156  1861  4314 W BatteryExternalStatsWorker: error reading Bluetooth stats: 11
07-11 20:14:23.263  1861  1883 E ApplicationHelper: Fail to get PackageManager
07-11 20:14:23.266  1861  1883 E ApplicationHelper: Fail to get PackageManager
07-11 20:14:23.494  1861  1897 I ActivityManager: Start proc 14785:com.android.vending:background/u0a151 for service {com.android.vending/com.google.frameworks.client.data.android.server.play.BackgroundProcessEndpointService}
07-11 20:14:23.557  1861  1883 E ApplicationHelper: Fail to get PackageManager
07-11 20:14:24.003  1861  2396 I ActivityManager: Flag disabled. Ignoring finishAttachApplication from uid: 10151. pid: 14785
07-11 20:14:24.066  1861  1883 E ApplicationHelper: Fail to get PackageManager
07-11 20:14:24.490  1861  4599 W AppOps  : Noting op not finished: uid 10150 pkg com.google.android.gms code 113 startTime of in progress event=1783778245016
07-11 20:14:24.501  1861  1883 E ApplicationHelper: Fail to get PackageManager
07-11 20:14:24.507  1861  1883 E ApplicationHelper: Fail to get PackageManager
07-11 20:14:24.508  1861  4599 W AppOps  : Noting op not finished: uid 10150 pkg com.google.android.gms code 113 startTime of in progress event=1783778245016
07-11 20:14:24.514  1861  1883 E ApplicationHelper: Fail to get PackageManager
07-11 20:14:24.516  1861  4314 W AppOps  : Noting op not finished: uid 10150 pkg com.google.android.gms code 113 startTime of in progress event=1783778245016
07-11 20:14:24.525  1861  4599 W AppOps  : Noting op not finished: uid 10150 pkg com.google.android.gms code 113 startTime of in progress event=1783778245016
07-11 20:14:24.538  1861  1952 W AppOps  : Noting op not finished: uid 10150 pkg com.google.android.gms code 113 startTime of in progress event=1783778245016
07-11 20:14:24.564  1861  1883 E ApplicationHelper: Fail to get PackageManager
07-11 20:14:24.569  1861  1883 E ApplicationHelper: Fail to get PackageManager
07-11 20:14:24.583  1861  1883 E ApplicationHelper: Fail to get PackageManager
07-11 20:14:38.313  1861  1883 E ApplicationHelper: Fail to get PackageManager
07-11 20:14:38.315  1861  1883 E ApplicationHelper: Fail to get PackageManager
07-11 20:14:40.073  1861  1952 I WindowManager: Relayout Window{71db53 u0 EdgeBackGestureHandler0}: oldVis=8 newVis=0 focusMayChange = true requestedWidth = 156 requestedHeight = 399 outFrames = ClientWindowFrames{frame=[564,196][720,595] display=[0,70][720,1604] parentFrame=[0,0][0,0]} outSurfaceControl = Surface(name=EdgeBackGestureHandler0)/@0x3086b52
07-11 20:14:51.839  1861  1861 E ChargeIntentReceiver: notifyChange failed
07-11 20:14:51.849  1861  1883 E ApplicationHelper: Fail to get PackageManager
07-11 20:14:51.874  1861  1897 I ActivityManager: Start proc 14891:com.google.android.apps.turbo/u0a148 for broadcast {com.google.android.apps.turbo/com.google.android.apps.turbo.nudges.broadcasts.BatteryStatusChangedReceiver}
07-11 20:14:51.909  1861  1883 E ApplicationHelper: Fail to get PackageManager
07-11 20:14:51.950  1861  1883 E ApplicationHelper: Fail to get PackageManager
07-11 20:14:51.951  1861  1883 E ApplicationHelper: Fail to get PackageManager
07-11 20:14:52.112  1861  4314 I ActivityManager: Flag disabled. Ignoring finishAttachApplication from uid: 10148. pid: 14891
07-11 20:14:52.118  1861  1883 E ApplicationHelper: Fail to get PackageManager
07-11 20:14:55.420  1861  1883 E ApplicationHelper: Fail to get PackageManager
07-11 20:15:12.233  1861  4599 W ContextImpl: Calling a method in the system process without a qualified user: android.app.ContextImpl.sendBroadcastMultiplePermissions:1299 android.content.Context.sendBroadcastMultiplePermissions:2527 com.android.server.TelephonyRegistry.broadcastServiceStateChanged:3734 com.android.server.TelephonyRegistry.notifyServiceStateForPhoneId:1763 com.android.internal.telephony.ITelephonyRegistry$Stub.onTransact:546 
07-11 20:15:12.233  1861  4599 W ContextImpl: Calling a method in the system process without a qualified user: android.app.ContextImpl.sendBroadcastMultiplePermissions:1332 com.android.server.TelephonyRegistry.broadcastServiceStateChanged:3738 com.android.server.TelephonyRegistry.notifyServiceStateForPhoneId:1763 com.android.internal.telephony.ITelephonyRegistry$Stub.onTransact:546 android.os.Binder.execTransactInternal:1500 
07-11 20:15:12.234  1861  4599 W ContextImpl: Calling a method in the system process without a qualified user: android.app.ContextImpl.sendBroadcastMultiplePermissions:1332 com.android.server.TelephonyRegistry.broadcastServiceStateChanged:3747 com.android.server.TelephonyRegistry.notifyServiceStateForPhoneId:1763 com.android.internal.telephony.ITelephonyRegistry$Stub.onTransact:546 android.os.Binder.execTransactInternal:1500 
07-11 20:15:12.238  1861  4599 W ContextImpl: Calling a method in the system process without a qualified user: android.app.ContextImpl.sendBroadcastMultiplePermissions:1332 com.android.server.TelephonyRegistry.broadcastServiceStateChanged:3753 com.android.server.TelephonyRegistry.notifyServiceStateForPhoneId:1763 com.android.internal.telephony.ITelephonyRegistry$Stub.onTransact:546 android.os.Binder.execTransactInternal:1500 
07-11 20:15:12.244  1861  1883 E ApplicationHelper: Fail to get PackageManager
07-11 20:15:12.248  1861  1883 E ApplicationHelper: Fail to get PackageManager
07-11 20:15:12.250  1861  1883 E ApplicationHelper: Fail to get PackageManager
07-11 20:15:12.257  1861  1883 E ApplicationHelper: Fail to get PackageManager
07-11 20:15:12.256  2199  2199 I EmergencyButton: show = true
07-11 20:15:12.519  1861  1883 E ApplicationHelper: Fail to get PackageManager
07-11 20:15:23.560  1861  4599 W BatteryExternalStatsWorker: error reading Bluetooth stats: 11
07-11 20:15:39.382  1861  1883 E ApplicationHelper: Fail to get PackageManager
07-11 20:15:39.392  1861  1883 E ApplicationHelper: Fail to get PackageManager
07-11 20:15:40.644  1861  6570 I ActivityManager: Process com.android.vending (pid 14665) has died: cch+15 CEM 
07-11 20:15:51.950  1861  1883 E ApplicationHelper: Fail to get PackageManager
