07-11 20:18:29.794  1861  1861 W InputMethodManagerService: 	at android.app.LoadedApk$ServiceDispatcher$RunConnection.run(LoadedApk.java:2268)
07-11 20:18:29.794  1861  1861 W InputMethodManagerService: 	at android.os.Handler.handleCallback(Handler.java:959)
07-11 20:18:29.794  1861  1861 W InputMethodManagerService: 	at android.os.Handler.dispatchMessage(Handler.java:100)
07-11 20:18:29.794  1861  1861 W InputMethodManagerService: 	at android.os.Looper.loopOnce(Looper.java:234)
07-11 20:18:29.794  1861  1861 W InputMethodManagerService: 	at android.os.Looper.loop(Looper.java:319)
07-11 20:18:29.794  1861  1861 W InputMethodManagerService: 	at com.android.server.SystemServer.run(SystemServer.java:1015)
07-11 20:18:29.794  1861  1861 W InputMethodManagerService: 	at com.android.server.SystemServer.main(SystemServer.java:692)
07-11 20:18:29.794  1861  1861 W InputMethodManagerService: 	at java.lang.reflect.Method.invoke(Native Method)
07-11 20:18:29.794  1861  1861 W InputMethodManagerService: 	at com.android.internal.os.RuntimeInit$MethodAndArgsCaller.run(RuntimeInit.java:602)
07-11 20:18:29.794  1861  1861 W InputMethodManagerService: 	at com.android.internal.os.ZygoteInit.main(ZygoteInit.java:940)
07-11 20:18:29.795  1861  1861 W ActivityManager: pid 1861 system sent binder code 7 with flags 1 to frozen apps and got error -32
07-11 20:18:29.796  1861  1861 W InputMethodManagerService: Session failed to close due to remote exception
07-11 20:18:29.796  1861  1861 W InputMethodManagerService: android.os.DeadObjectException
07-11 20:18:29.796  1861  1861 W InputMethodManagerService: 	at android.os.BinderProxy.transactNative(Native Method)
07-11 20:18:29.796  1861  1861 W InputMethodManagerService: 	at android.os.BinderProxy.transact(BinderProxy.java:586)
07-11 20:18:29.796  1861  1861 W InputMethodManagerService: 	at com.android.internal.inputmethod.IInputMethodSession$Stub$Proxy.finishSession(IInputMethodSession.java:356)
07-11 20:18:29.796  1861  1861 W InputMethodManagerService: 	at com.android.server.inputmethod.InputMethodManagerService.finishSessionLocked(InputMethodManagerService.java:2603)
07-11 20:18:29.796  1861  1861 W InputMethodManagerService: 	at com.android.server.inputmethod.InputMethodManagerService.clearClientSessionLocked(InputMethodManagerService.java:2575)
07-11 20:18:29.796  1861  1861 W InputMethodManagerService: 	at com.android.server.inputmethod.InputMethodManagerService.lambda$clearClientSessionsLocked$9(InputMethodManagerService.java:2636)
07-11 20:18:29.796  1861  1861 W InputMethodManagerService: 	at com.android.server.inputmethod.InputMethodManagerService.$r8$lambda$8ZQ2nu2-aBxC49RVGN6PZWSEoPg(InputMethodManagerService.java:0)
07-11 20:18:29.796  1861  1861 W InputMethodManagerService: 	at com.android.server.inputmethod.InputMethodManagerService$$ExternalSyntheticLambda17.accept(R8$$SyntheticClass:0)
07-11 20:18:29.796  1861  1861 W InputMethodManagerService: 	at com.android.server.inputmethod.ClientController.forAllClients(ClientController.java:132)
07-11 20:18:29.796  1861  1861 W InputMethodManagerService: 	at com.android.server.inputmethod.InputMethodManagerService.clearClientSessionsLocked(InputMethodManagerService.java:2639)
07-11 20:18:29.796  1861  1861 W InputMethodManagerService: 	at com.android.server.inputmethod.InputMethodBindingController.clearCurMethodAndSessions(InputMethodBindingController.java:486)
07-11 20:18:29.796  1861  1861 W InputMethodManagerService: 	at com.android.server.inputmethod.InputMethodBindingController.-$$Nest$mclearCurMethodAndSessions(InputMethodBindingController.java:0)
07-11 20:18:29.796  1861  1861 W InputMethodManagerService: 	at com.android.server.inputmethod.InputMethodBindingController$2.onServiceDisconnected(InputMethodBindingController.java:438)
07-11 20:18:29.796  1861  1861 W InputMethodManagerService: 	at android.app.LoadedApk$ServiceDispatcher.doDeath(LoadedApk.java:2253)
07-11 20:18:29.796  1861  1861 W InputMethodManagerService: 	at android.app.LoadedApk$ServiceDispatcher$RunConnection.run(LoadedApk.java:2268)
07-11 20:18:29.796  1861  1861 W InputMethodManagerService: 	at android.os.Handler.handleCallback(Handler.java:959)
07-11 20:18:29.796  1861  1861 W InputMethodManagerService: 	at android.os.Handler.dispatchMessage(Handler.java:100)
07-11 20:18:29.796  1861  1861 W InputMethodManagerService: 	at android.os.Looper.loopOnce(Looper.java:234)
07-11 20:18:29.796  1861  1861 W InputMethodManagerService: 	at android.os.Looper.loop(Looper.java:319)
07-11 20:18:29.796  1861  1861 W InputMethodManagerService: 	at com.android.server.SystemServer.run(SystemServer.java:1015)
07-11 20:18:29.796  1861  1861 W InputMethodManagerService: 	at com.android.server.SystemServer.main(SystemServer.java:692)
07-11 20:18:29.796  1861  1861 W InputMethodManagerService: 	at java.lang.reflect.Method.invoke(Native Method)
07-11 20:18:29.796  1861  1861 W InputMethodManagerService: 	at com.android.internal.os.RuntimeInit$MethodAndArgsCaller.run(RuntimeInit.java:602)
07-11 20:18:29.796  1861  1861 W InputMethodManagerService: 	at com.android.internal.os.ZygoteInit.main(ZygoteInit.java:940)
07-11 20:18:29.797  1861  1861 W ActivityManager: pid 1861 system sent binder code 7 with flags 1 to frozen apps and got error -32
07-11 20:18:29.798  1861  1861 W InputMethodManagerService: Session failed to close due to remote exception
07-11 20:18:29.798  1861  1861 W InputMethodManagerService: android.os.DeadObjectException
07-11 20:18:29.798  1861  1861 W InputMethodManagerService: 	at android.os.BinderProxy.transactNative(Native Method)
07-11 20:18:29.798  1861  1861 W InputMethodManagerService: 	at android.os.BinderProxy.transact(BinderProxy.java:586)
07-11 20:18:29.798  1861  1861 W InputMethodManagerService: 	at com.android.internal.inputmethod.IInputMethodSession$Stub$Proxy.finishSession(IInputMethodSession.java:356)
07-11 20:18:29.798  1861  1861 W InputMethodManagerService: 	at com.android.server.inputmethod.InputMethodManagerService.finishSessionLocked(InputMethodManagerService.java:2603)
07-11 20:18:29.798  1861  1861 W InputMethodManagerService: 	at com.android.server.inputmethod.InputMethodManagerService.clearClientSessionLocked(InputMethodManagerService.java:2575)
07-11 20:18:29.798  1861  1861 W InputMethodManagerService: 	at com.android.server.inputmethod.InputMethodManagerService.lambda$clearClientSessionsLocked$9(InputMethodManagerService.java:2636)
07-11 20:18:29.798  1861  1861 W InputMethodManagerService: 	at com.android.server.inputmethod.InputMethodManagerService.$r8$lambda$8ZQ2nu2-aBxC49RVGN6PZWSEoPg(InputMethodManagerService.java:0)
07-11 20:18:29.798  1861  1861 W InputMethodManagerService: 	at com.android.server.inputmethod.InputMethodManagerService$$ExternalSyntheticLambda17.accept(R8$$SyntheticClass:0)
07-11 20:18:29.798  1861  1861 W InputMethodManagerService: 	at com.android.server.inputmethod.ClientController.forAllClients(ClientController.java:132)
07-11 20:18:29.798  1861  1861 W InputMethodManagerService: 	at com.android.server.inputmethod.InputMethodManagerService.clearClientSessionsLocked(InputMethodManagerService.java:2639)
07-11 20:18:29.798  1861  1861 W InputMethodManagerService: 	at com.android.server.inputmethod.InputMethodBindingController.clearCurMethodAndSessions(InputMethodBindingController.java:486)
07-11 20:18:29.798  1861  1861 W InputMethodManagerService: 	at com.android.server.inputmethod.InputMethodBindingController.-$$Nest$mclearCurMethodAndSessions(InputMethodBindingController.java:0)
07-11 20:18:29.798  1861  1861 W InputMethodManagerService: 	at com.android.server.inputmethod.InputMethodBindingController$2.onServiceDisconnected(InputMethodBindingController.java:438)
07-11 20:18:29.798  1861  1861 W InputMethodManagerService: 	at android.app.LoadedApk$ServiceDispatcher.doDeath(LoadedApk.java:2253)
07-11 20:18:29.798  1861  1861 W InputMethodManagerService: 	at android.app.LoadedApk$ServiceDispatcher$RunConnection.run(LoadedApk.java:2268)
07-11 20:18:29.798  1861  1861 W InputMethodManagerService: 	at android.os.Handler.handleCallback(Handler.java:959)
07-11 20:18:29.798  1861  1861 W InputMethodManagerService: 	at android.os.Handler.dispatchMessage(Handler.java:100)
07-11 20:18:29.798  1861  1861 W InputMethodManagerService: 	at android.os.Looper.loopOnce(Looper.java:234)
07-11 20:18:29.798  1861  1861 W InputMethodManagerService: 	at android.os.Looper.loop(Looper.java:319)
07-11 20:18:29.798  1861  1861 W InputMethodManagerService: 	at com.android.server.SystemServer.run(SystemServer.java:1015)
07-11 20:18:29.798  1861  1861 W InputMethodManagerService: 	at com.android.server.SystemServer.main(SystemServer.java:692)
07-11 20:18:29.798  1861  1861 W InputMethodManagerService: 	at java.lang.reflect.Method.invoke(Native Method)
07-11 20:18:29.798  1861  1861 W InputMethodManagerService: 	at com.android.internal.os.RuntimeInit$MethodAndArgsCaller.run(RuntimeInit.java:602)
07-11 20:18:29.798  1861  1861 W InputMethodManagerService: 	at com.android.internal.os.ZygoteInit.main(ZygoteInit.java:940)
07-11 20:18:29.798  1861  1861 W ActivityManager: pid 1861 system sent binder code 7 with flags 1 to frozen apps and got error -32
07-11 20:18:29.799  1861  1861 W InputMethodManagerService: Session failed to close due to remote exception
07-11 20:18:29.799  1861  1861 W InputMethodManagerService: android.os.DeadObjectException
07-11 20:18:29.799  1861  1861 W InputMethodManagerService: 	at android.os.BinderProxy.transactNative(Native Method)
07-11 20:18:29.799  1861  1861 W InputMethodManagerService: 	at android.os.BinderProxy.transact(BinderProxy.java:586)
07-11 20:18:29.799  1861  1861 W InputMethodManagerService: 	at com.android.internal.inputmethod.IInputMethodSession$Stub$Proxy.finishSession(IInputMethodSession.java:356)
07-11 20:18:29.799  1861  1861 W InputMethodManagerService: 	at com.android.server.inputmethod.InputMethodManagerService.finishSessionLocked(InputMethodManagerService.java:2603)
07-11 20:18:29.799  1861  1861 W InputMethodManagerService: 	at com.android.server.inputmethod.InputMethodManagerService.clearClientSessionLocked(InputMethodManagerService.java:2575)
07-11 20:18:29.799  1861  1861 W InputMethodManagerService: 	at com.android.server.inputmethod.InputMethodManagerService.lambda$clearClientSessionsLocked$9(InputMethodManagerService.java:2636)
07-11 20:18:29.799  1861  1861 W InputMethodManagerService: 	at com.android.server.inputmethod.InputMethodManagerService.$r8$lambda$8ZQ2nu2-aBxC49RVGN6PZWSEoPg(InputMethodManagerService.java:0)
07-11 20:18:29.799  1861  1861 W InputMethodManagerService: 	at com.android.server.inputmethod.InputMethodManagerService$$ExternalSyntheticLambda17.accept(R8$$SyntheticClass:0)
07-11 20:18:29.799  1861  1861 W InputMethodManagerService: 	at com.android.server.inputmethod.ClientController.forAllClients(ClientController.java:132)
07-11 20:18:29.799  1861  1861 W InputMethodManagerService: 	at com.android.server.inputmethod.InputMethodManagerService.clearClientSessionsLocked(InputMethodManagerService.java:2639)
07-11 20:18:29.799  1861  1861 W InputMethodManagerService: 	at com.android.server.inputmethod.InputMethodBindingController.clearCurMethodAndSessions(InputMethodBindingController.java:486)
07-11 20:18:29.799  1861  1861 W InputMethodManagerService: 	at com.android.server.inputmethod.InputMethodBindingController.-$$Nest$mclearCurMethodAndSessions(InputMethodBindingController.java:0)
07-11 20:18:29.799  1861  1861 W InputMethodManagerService: 	at com.android.server.inputmethod.InputMethodBindingController$2.onServiceDisconnected(InputMethodBindingController.java:438)
07-11 20:18:29.799  1861  1861 W InputMethodManagerService: 	at android.app.LoadedApk$ServiceDispatcher.doDeath(LoadedApk.java:2253)
07-11 20:18:29.799  1861  1861 W InputMethodManagerService: 	at android.app.LoadedApk$ServiceDispatcher$RunConnection.run(LoadedApk.java:2268)
07-11 20:18:29.799  1861  1861 W InputMethodManagerService: 	at android.os.Handler.handleCallback(Handler.java:959)
07-11 20:18:29.799  1861  1861 W InputMethodManagerService: 	at android.os.Handler.dispatchMessage(Handler.java:100)
07-11 20:18:29.799  1861  1861 W InputMethodManagerService: 	at android.os.Looper.loopOnce(Looper.java:234)
07-11 20:18:29.799  1861  1861 W InputMethodManagerService: 	at android.os.Looper.loop(Looper.java:319)
07-11 20:18:29.799  1861  1861 W InputMethodManagerService: 	at com.android.server.SystemServer.run(SystemServer.java:1015)
07-11 20:18:29.799  1861  1861 W InputMethodManagerService: 	at com.android.server.SystemServer.main(SystemServer.java:692)
07-11 20:18:29.799  1861  1861 W InputMethodManagerService: 	at java.lang.reflect.Method.invoke(Native Method)
07-11 20:18:29.799  1861  1861 W InputMethodManagerService: 	at com.android.internal.os.RuntimeInit$MethodAndArgsCaller.run(RuntimeInit.java:602)
07-11 20:18:29.799  1861  1861 W InputMethodManagerService: 	at com.android.internal.os.ZygoteInit.main(ZygoteInit.java:940)
07-11 20:18:29.843  1861  4599 I ActivityManager: Process com.huawei.health:PhoneService (pid 12181) has died: prcp FGS 
07-11 20:18:29.847  1861  4599 W ActivityManager: Scheduling restart of crashed service com.huawei.health/com.huawei.hwservicesmgr.PhoneService in 109797ms for start-requested
07-11 20:18:29.924  1861  5646 I ActivityManager: Process com.huawei.health:DaemonService (pid 11913) has died: prcp FGS 
07-11 20:18:29.927  1861  5646 W ActivityManager: Scheduling restart of crashed service com.huawei.health/com.huawei.bone.ui.setting.CompanionDeviceDaemonService in 149718ms for connection
07-11 20:18:29.927  1861  4599 I CDM_DevicePresenceProcessor: onBinderDied() u0/com.huawei.health isPrimary: true
07-11 20:18:29.927  1861  5646 W ActivityManager: Scheduling restart of crashed service com.huawei.health/.manager.DaemonService in 189717ms for start-requested
07-11 20:18:29.927  1861  5646 W ActivityManager: Scheduling restart of crashed service com.huawei.health/com.huawei.bone.ui.setting.NotificationPushListener in 229717ms for connection
07-11 20:18:29.928  1861  4599 I CDM_CompanionAppBinder: scheduleRebinding() 0/com.huawei.health
07-11 20:18:29.929  1861  1883 E ApplicationHelper: Fail to get PackageManager
07-11 20:18:29.953  1861  4599 W ActivityManager: Permission Denial: get/set setting for user asks to run as user -2 but is calling from uid u0a288; this requires android.permission.INTERACT_ACROSS_USERS_FULL
07-11 20:18:30.266  1861  2393 I ActivityManager: Process com.motorola.ccc (pid 5366) has died: prcp SVC 
07-11 20:18:30.269  1861  2393 W ActivityManager: Scheduling restart of crashed service com.motorola.ccc.devicemanagement/com.motorola.ccc.checkin.CheckinService in 269376ms for start-requested
07-11 20:18:30.269  1861  2393 W ActivityManager: Scheduling restart of crashed service com.motorola.ccc.devicemanagement/com.motorola.blur.service.blur.BlurServiceMother in 309375ms for connection
07-11 20:18:30.270  1861  1883 E ApplicationHelper: Fail to get PackageManager
07-11 20:18:30.354  1861  1897 I ActivityManager: Start proc 15164:com.motorola.ccc/u0a178 for service {com.motorola.ccc.devicemanagement/com.motorola.blur.service.blur.BlurServiceMother}
07-11 20:18:30.421  1861  1883 E ApplicationHelper: Fail to get PackageManager
07-11 20:18:30.422  1861  1896 W ActivityManager: Rescheduling restart of crashed service com.instagram.android/com.facebook.rti.pushv2.inapp.InappFbnsService in 29223ms for other
07-11 20:18:30.422  1861  1896 W ActivityManager: Rescheduling restart of crashed service com.google.android.inputmethod.latin/com.android.inputmethod.latin.LatinIME in 69223ms for other
07-11 20:18:30.422  1861  1896 W ActivityManager: Rescheduling restart of crashed service com.huawei.health/com.huawei.hwservicesmgr.PhoneService in 109223ms for other
07-11 20:18:30.422  1861  1896 W ActivityManager: Rescheduling restart of crashed service com.huawei.health/.manager.DaemonService in 149223ms for other
07-11 20:18:30.422  1861  1896 W ActivityManager: Rescheduling restart of crashed service com.huawei.health/com.huawei.bone.ui.setting.NotificationPushListener in 189223ms for other
07-11 20:18:30.604  1861  2393 I ActivityManager: Flag disabled. Ignoring finishAttachApplication from uid: 10178. pid: 15164
07-11 20:18:30.628  1861  1883 E ApplicationHelper: Fail to get PackageManager
07-11 20:18:31.552  1861  1883 E ApplicationHelper: Fail to get PackageManager
07-11 20:18:31.552  1861  1883 E ApplicationHelper: Fail to get PackageManager
07-11 20:18:31.597  1861  1883 E ApplicationHelper: Fail to get PackageManager
07-11 20:18:31.597  1861  1883 E ApplicationHelper: Fail to get PackageManager
07-11 20:18:31.668  1861  1883 E ApplicationHelper: Fail to get PackageManager
07-11 20:18:31.669  1861  1883 E ApplicationHelper: Fail to get PackageManager
07-11 20:18:31.671  1861  1883 E ApplicationHelper: Fail to get PackageManager
07-11 20:18:31.671  1861  1883 E ApplicationHelper: Fail to get PackageManager
07-11 20:18:34.361  1861  1895 W ActivityManager: Rescheduling restart of crashed service com.instagram.android/com.facebook.rti.pushv2.inapp.InappFbnsService in 0ms for mem-pressure-event
07-11 20:18:34.361  1861  1895 W ActivityManager: Rescheduling restart of crashed service com.google.android.inputmethod.latin/com.android.inputmethod.latin.LatinIME in 0ms for mem-pressure-event
07-11 20:18:34.361  1861  1895 W ActivityManager: Rescheduling restart of crashed service com.huawei.health/com.huawei.hwservicesmgr.PhoneService in 0ms for mem-pressure-event
07-11 20:18:34.361  1861  1895 W ActivityManager: Rescheduling restart of crashed service com.huawei.health/.manager.DaemonService in 0ms for mem-pressure-event
07-11 20:18:34.361  1861  1895 W ActivityManager: Rescheduling restart of crashed service com.huawei.health/com.huawei.bone.ui.setting.NotificationPushListener in 0ms for mem-pressure-event
07-11 20:18:34.382  1861  1897 I ActivityManager: Start proc 15192:com.instagram.android:fbns/u0a322 for service {com.instagram.android/com.facebook.rti.pushv2.inapp.InappFbnsService}
07-11 20:18:34.400  1861  1897 I ActivityManager: Start proc 15193:com.google.android.inputmethod.latin/u0a162 for service {com.google.android.inputmethod.latin/com.android.inputmethod.latin.LatinIME}
07-11 20:18:34.420  1861  1897 W ActivityManager: Slow operation: 51ms so far, now at startProcess: building log message
07-11 20:18:34.420  1861  1897 I ActivityManager: Start proc 15194:com.huawei.health:PhoneService/u0a242 for service {com.huawei.health/com.huawei.hwservicesmgr.PhoneService}
07-11 20:18:34.420  1861  1897 W ActivityManager: Slow operation: 51ms so far, now at startProcess: starting to update pids map
07-11 20:18:34.421  1861  1897 W ActivityManager: Slow operation: 52ms so far, now at startProcess: done updating pids map
07-11 20:18:34.438  1861  1897 W ActivityManager: Slow operation: 63ms so far, now at startProcess: returned from zygote!
07-11 20:18:34.440  1861  1883 E ApplicationHelper: Fail to get PackageManager
07-11 20:18:34.442  1861  1897 W ActivityManager: Slow operation: 67ms so far, now at startProcess: done updating battery stats
07-11 20:18:34.442  1861  1897 W ActivityManager: Slow operation: 67ms so far, now at startProcess: building log message
07-11 20:18:34.442  1861  1897 I ActivityManager: Start proc 15204:com.huawei.health:DaemonService/u0a242 for service {com.huawei.health/com.huawei.health.manager.DaemonService}
07-11 20:18:34.442  1861  1897 W ActivityManager: Slow operation: 67ms so far, now at startProcess: starting to update pids map
07-11 20:18:34.443  1861  1897 W ActivityManager: Slow operation: 67ms so far, now at startProcess: done updating pids map
07-11 20:18:34.494  1861  1883 E ApplicationHelper: Fail to get PackageManager
07-11 20:18:34.497  1861  1883 E ApplicationHelper: Fail to get PackageManager
07-11 20:18:34.503  1861  1883 E ApplicationHelper: Fail to get PackageManager
07-11 20:18:34.507  1861  1883 E ApplicationHelper: Fail to get PackageManager
07-11 20:18:34.536  1861  1883 E ApplicationHelper: Fail to get PackageManager
07-11 20:18:34.537  1861  1883 E ApplicationHelper: Fail to get PackageManager
07-11 20:18:34.742  1861  1861 W NotificationHistory: Attempted to add notif for locked/gone/disabled user 0
07-11 20:18:34.742  1861  1861 W Looper  : Slow dispatch took 228ms main h=com.android.server.notification.NotificationManagerService$WorkerHandler c=com.android.server.notification.NotificationManagerService$PostNotificationRunnable@30999a8 m=0
07-11 20:18:34.751  1861  1861 W Looper  : Slow delivery took 214ms main h=com.android.server.notification.NotificationManagerService$WorkerHandler c=com.android.server.notification.NotificationManagerService$$ExternalSyntheticLambda0@7d7ccc1 m=0
07-11 20:18:34.751  1861  1861 W Looper  : Drained
07-11 20:18:34.754  1861  1861 W NotificationHistory: Attempted to add notif for locked/gone/disabled user 0
07-11 20:18:35.068  1861  2350 I ActivityManager: Flag disabled. Ignoring finishAttachApplication from uid: 10242. pid: 15204
07-11 20:18:35.328  1861  1953 I ActivityManager: Flag disabled. Ignoring finishAttachApplication from uid: 10242. pid: 15194
07-11 20:18:35.629  1861  1897 I ActivityManager: Start proc 15304:com.google.android.setupwizard:remote/u0a197 for content provider {com.google.android.setupwizard/com.google.android.setupwizard.deviceorigin.provider.DeviceOriginProvider}
07-11 20:18:35.756  1861  1883 E ApplicationHelper: Fail to get PackageManager
07-11 20:18:35.756  1861  1883 E ApplicationHelper: Fail to get PackageManager
07-11 20:18:35.780  1861  2350 I ActivityManager: Flag disabled. Ignoring finishAttachApplication from uid: 10162. pid: 15193
07-11 20:18:35.866  1861  2350 W ActivityManager: Foreground service started from background can not have location/camera/microphone access: service com.huawei.health/.manager.DaemonService
07-11 20:18:36.049  1861  2393 W ActivityManager: Unable to start service Intent { cmp=com.huawei.systemserver/.activityrecognition.ActivityRecognitionService } U=0: not found
07-11 20:18:36.191  1861  1883 E ApplicationHelper: Fail to get PackageManager
07-11 20:18:36.327  1861  2605 I ActivityManager: Flag disabled. Ignoring finishAttachApplication from uid: 10197. pid: 15304
07-11 20:18:36.476  1861  1897 W ActivityManager: Slow operation: 52ms so far, now at startProcess: returned from zygote!
07-11 20:18:36.480  1861  1897 W ActivityManager: Slow operation: 56ms so far, now at startProcess: done updating battery stats
07-11 20:18:36.481  1861  1897 W ActivityManager: Slow operation: 57ms so far, now at startProcess: building log message
07-11 20:18:36.481  1861  1897 I ActivityManager: Start proc 15374:com.huawei.health/u0a242 for service {com.huawei.health/androidx.work.multiprocess.RemoteWorkManagerService}
07-11 20:18:36.481  1861  1897 W ActivityManager: Slow operation: 57ms so far, now at startProcess: starting to update pids map
07-11 20:18:36.482  1861  1897 W ActivityManager: Slow operation: 58ms so far, now at startProcess: done updating pids map
07-11 20:18:36.602  1861  1883 E ApplicationHelper: Fail to get PackageManager
07-11 20:18:36.602  1861  1883 E ApplicationHelper: Fail to get PackageManager
07-11 20:18:36.615  1861  1883 E ApplicationHelper: Fail to get PackageManager
07-11 20:18:36.647  1861  2528 I ActivityManager: Flag disabled. Ignoring finishAttachApplication from uid: 10322. pid: 15192
07-11 20:18:36.656  1861  1883 E ApplicationHelper: Fail to get PackageManager
07-11 20:18:36.753  1861  2605 W ActivityManager: pid 1861 system sent binder code 8 with flags 1 to frozen apps and got error -32
07-11 20:18:36.767  1861  2605 W ActivityManager: Failed delivering service starts
07-11 20:18:36.767  1861  2605 W ActivityManager: android.os.DeadObjectException
07-11 20:18:36.767  1861  2605 W ActivityManager: 	at android.os.BinderProxy.transactNative(Native Method)
07-11 20:18:36.767  1861  2605 W ActivityManager: 	at android.os.BinderProxy.transact(BinderProxy.java:586)
07-11 20:18:36.767  1861  2605 W ActivityManager: 	at android.app.IApplicationThread$Stub$Proxy.scheduleServiceArgs(IApplicationThread.java:1458)
07-11 20:18:36.767  1861  2605 W ActivityManager: 	at com.android.server.am.ActiveServices.sendServiceArgsLocked(ActiveServices.java:6272)
07-11 20:18:36.767  1861  2605 W ActivityManager: 	at com.android.server.am.ActiveServices.bringUpServiceInnerLocked(ActiveServices.java:5782)
07-11 20:18:36.767  1861  2605 W ActivityManager: 	at com.android.server.am.ActiveServices.bringUpServiceLocked(ActiveServices.java:5768)
07-11 20:18:36.767  1861  2605 W ActivityManager: 	at com.android.server.am.ActiveServices.startServiceInnerLocked(ActiveServices.java:1548)
07-11 20:18:36.767  1861  2605 W ActivityManager: 	at com.android.server.am.ActiveServices.startServiceInnerLocked(ActiveServices.java:1325)
07-11 20:18:36.767  1861  2605 W ActivityManager: 	at com.android.server.am.ActiveServices.startServiceLocked(ActiveServices.java:1181)
07-11 20:18:36.767  1861  2605 W ActivityManager: 	at com.android.server.am.ActiveServices.startServiceLocked(ActiveServices.java:929)
07-11 20:18:36.767  1861  2605 W ActivityManager: 	at com.android.server.am.ActivityManagerService.startService(ActivityManagerService.java:14299)
07-11 20:18:36.767  1861  2605 W ActivityManager: 	at com.android.server.am.ActivityManagerService.startService(ActivityManagerService.java:14250)
07-11 20:18:36.767  1861  2605 W ActivityManager: 	at android.app.IActivityManager$Stub.onTransact(IActivityManager.java:3053)
07-11 20:18:36.767  1861  2605 W ActivityManager: 	at com.android.server.am.ActivityManagerService.onTransact(ActivityManagerService.java:2909)
07-11 20:18:36.767  1861  2605 W ActivityManager: 	at android.os.Binder.execTransactInternal(Binder.java:1500)
07-11 20:18:36.767  1861  2605 W ActivityManager: 	at android.os.Binder.execTransact(Binder.java:1444)
07-11 20:18:36.784  1861  2605 I ActivityManager: Process com.huawei.health:PhoneService (pid 15194) has died: prcp FGS 
07-11 20:18:36.786  1861  2605 W ActivityManager: Scheduling restart of crashed service com.huawei.health/com.huawei.hwservicesmgr.PhoneService in 1254ms for start-requested
07-11 20:18:36.918  1861  1895 W ActivityManager: Rescheduling restart of crashed service com.huawei.health/com.huawei.hwservicesmgr.PhoneService in 29867ms for mem-pressure-event
07-11 20:18:36.929  1861  1883 E ApplicationHelper: Fail to get PackageManager
07-11 20:18:37.164  1861  1895 W ActivityManager: Rescheduling restart of crashed service com.huawei.health/com.huawei.hwservicesmgr.PhoneService in 9621ms for mem-pressure-event
07-11 20:18:37.223  1861  1883 E ApplicationHelper: Fail to get PackageManager
07-11 20:18:37.228  1861  1883 E ApplicationHelper: Fail to get PackageManager
07-11 20:18:37.381  1861  1883 E ApplicationHelper: Fail to get PackageManager
07-11 20:18:37.524  1861  1883 E ApplicationHelper: Fail to get PackageManager
07-11 20:18:37.638  1861  1883 E ApplicationHelper: Fail to get PackageManager
07-11 20:18:37.649  1861  1883 E ApplicationHelper: Fail to get PackageManager
07-11 20:18:37.744  1861  2350 I ActivityManager: Flag disabled. Ignoring finishAttachApplication from uid: 10242. pid: 15374
07-11 20:18:37.807  1861  1883 E ApplicationHelper: Fail to get PackageManager
07-11 20:18:37.886  1861  2350 I ActivityManager: Process com.instagram.android:fbns (pid 15192) has died: svc SVC 
07-11 20:18:37.887  1861  2350 W ActivityManager: Scheduling restart of crashed service com.instagram.android/com.facebook.rti.pushv2.inapp.InappFbnsService in 28898ms for start-requested
07-11 20:18:38.051 15374 15374 W Looper  : Loop again would have the queued messages be executed before this one completed.
07-11 20:18:38.653  1861  1895 W ActivityManager: Rescheduling restart of crashed service com.huawei.health/com.huawei.hwservicesmgr.PhoneService in 28132ms for mem-pressure-event
07-11 20:18:38.657  1861  1895 W ActivityManager: Rescheduling restart of crashed service com.instagram.android/com.facebook.rti.pushv2.inapp.InappFbnsService in 68132ms for mem-pressure-event
07-11 20:18:38.668  1861  1953 W ActivityManager: Unable to start service Intent { cmp=com.huawei.systemserver/.activityrecognition.ActivityRecognitionService } U=0: not found
07-11 20:18:38.835  1861  1953 I ActivityManager: Process com.huawei.health (pid 15374) has died: prcp FGS 
07-11 20:18:38.836  1861  1953 W ActivityManager: Scheduling restart of crashed service com.huawei.health/androidx.work.multiprocess.RemoteWorkManagerService in 107949ms for connection
07-11 20:18:39.424  1861  4314 W PackageConfigPersister: App-specific configuration not found for packageName: com.instagram.android and userId: 0
07-11 20:18:39.435  1861  4314 I ActivityManager: com.android.providers.userdictionary is exempt from freezer
07-11 20:18:39.468  1861  1897 I ActivityManager: Start proc 15475:android.process.acore/u0a63 for content provider {com.android.providers.userdictionary/com.android.providers.userdictionary.UserDictionaryProvider}
07-11 20:18:39.621  1861  1895 W ActivityManager: Rescheduling restart of crashed service com.huawei.health/com.huawei.hwservicesmgr.PhoneService in 17164ms for mem-pressure-event
07-11 20:18:39.621  1861  1895 W ActivityManager: Rescheduling restart of crashed service com.instagram.android/com.facebook.rti.pushv2.inapp.InappFbnsService in 47164ms for mem-pressure-event
07-11 20:18:39.621  1861  1895 W ActivityManager: Rescheduling restart of crashed service com.huawei.health/androidx.work.multiprocess.RemoteWorkManagerService in 77164ms for mem-pressure-event
07-11 20:18:39.622  1861  1883 E ApplicationHelper: Fail to get PackageManager
07-11 20:18:39.624  1861  1883 E ApplicationHelper: Fail to get PackageManager
07-11 20:18:39.914  1861  2603 I ActivityManager: Flag disabled. Ignoring finishAttachApplication from uid: 10063. pid: 15475
07-11 20:18:40.671  1861  4323 W ActivityManager: Unable to start service Intent { cmp=com.huawei.systemserver/.activityrecognition.ActivityRecognitionService } U=0: not found
07-11 20:18:42.676  1861  2393 W ActivityManager: Unable to start service Intent { cmp=com.huawei.systemserver/.activityrecognition.ActivityRecognitionService } U=0: not found
07-11 20:18:44.423  1861  1883 E ApplicationHelper: Fail to get PackageManager
07-11 20:18:44.424  1861  1895 W ActivityManager: Rescheduling restart of crashed service com.huawei.health/com.huawei.hwservicesmgr.PhoneService in 0ms for mem-pressure-event
07-11 20:18:44.424  1861  1895 W ActivityManager: Rescheduling restart of crashed service com.instagram.android/com.facebook.rti.pushv2.inapp.InappFbnsService in 0ms for mem-pressure-event
07-11 20:18:44.424  1861  1895 W ActivityManager: Rescheduling restart of crashed service com.huawei.health/androidx.work.multiprocess.RemoteWorkManagerService in 0ms for mem-pressure-event
07-11 20:18:44.446  1861  1897 I ActivityManager: Start proc 15513:com.huawei.health:PhoneService/u0a242 for service {com.huawei.health/com.huawei.hwservicesmgr.PhoneService}
07-11 20:18:44.469  1861  1897 I ActivityManager: Start proc 15514:com.instagram.android:fbns/u0a322 for service {com.instagram.android/com.facebook.rti.pushv2.inapp.InappFbnsService}
07-11 20:18:44.492  1861  1897 W ActivityManager: Slow operation: 62ms so far, now at startProcess: returned from zygote!
07-11 20:18:44.494  1861  1897 W ActivityManager: Slow operation: 64ms so far, now at startProcess: done updating battery stats
07-11 20:18:44.495  1861  1897 W ActivityManager: Slow operation: 65ms so far, now at startProcess: building log message
07-11 20:18:44.495  1861  1897 I ActivityManager: Start proc 15523:com.huawei.health/u0a242 for service {com.huawei.health/androidx.work.multiprocess.RemoteWorkManagerService}
07-11 20:18:44.495  1861  1897 W ActivityManager: Slow operation: 65ms so far, now at startProcess: starting to update pids map
07-11 20:18:44.496  1861  1897 W ActivityManager: Slow operation: 66ms so far, now at startProcess: done updating pids map
07-11 20:18:44.510  1861  1883 E ApplicationHelper: Fail to get PackageManager
07-11 20:18:44.514  1861  1883 E ApplicationHelper: Fail to get PackageManager
07-11 20:18:44.537  1861  1861 W NotificationHistory: Attempted to add notif for locked/gone/disabled user 0
07-11 20:18:44.552  1861  1883 E ApplicationHelper: Fail to get PackageManager
07-11 20:18:44.568  1861  1883 E ApplicationHelper: Fail to get PackageManager
07-11 20:18:44.678  1861  2603 W ActivityManager: Unable to start service Intent { cmp=com.huawei.systemserver/.activityrecognition.ActivityRecognitionService } U=0: not found
07-11 20:18:44.777  1861  2603 I ActivityManager: Flag disabled. Ignoring finishAttachApplication from uid: 10242. pid: 15513
07-11 20:18:44.829  1861  1883 E ApplicationHelper: Fail to get PackageManager
07-11 20:18:45.033  1861  4314 I ActivityManager: Flag disabled. Ignoring finishAttachApplication from uid: 10242. pid: 15523
07-11 20:18:45.071  1861  1883 E ApplicationHelper: Fail to get PackageManager
07-11 20:18:45.103 15523 15523 W Looper  : Loop again would have the queued messages be executed before this one completed.
07-11 20:18:45.878 15513 15513 W PackageParsing: Unknown element under <manifest>: meta-data at /data/app/~~Ntl8jkZGH3RUEMoxcwtLGQ==/com.huawei.health-K96FlgiYftdwrSXaostxCA==/base.apk Binary XML file line #0
07-11 20:18:45.962  1861  1883 E ApplicationHelper: Fail to get PackageManager
07-11 20:18:46.061 15513 15513 W PackageParsing: Unknown element under <intent-filter>: state at /data/app/~~Ntl8jkZGH3RUEMoxcwtLGQ==/com.huawei.health-K96FlgiYftdwrSXaostxCA==/base.apk Binary XML file line #0
07-11 20:18:46.199 15513 15513 W PackageParsing: No actions in intent-filter at /data/app/~~Ntl8jkZGH3RUEMoxcwtLGQ==/com.huawei.health-K96FlgiYftdwrSXaostxCA==/base.apk Binary XML file line #0
07-11 20:18:46.199 15513 15513 W PackageParsing: No actions in intent-filter at /data/app/~~Ntl8jkZGH3RUEMoxcwtLGQ==/com.huawei.health-K96FlgiYftdwrSXaostxCA==/base.apk Binary XML file line #0
07-11 20:18:46.237  1861  1953 I ActivityManager: Flag disabled. Ignoring finishAttachApplication from uid: 10322. pid: 15514
07-11 20:18:46.405  1861  1883 E ApplicationHelper: Fail to get PackageManager
07-11 20:18:46.687  1861  1953 W ActivityManager: Unable to start service Intent { cmp=com.huawei.systemserver/.activityrecognition.ActivityRecognitionService } U=0: not found
07-11 20:18:47.058  1861  2528 W ActivityManager: Foreground service started from background can not have location/camera/microphone access: service com.huawei.health/com.huawei.hwservicesmgr.PhoneService
07-11 20:18:47.465  1861  1883 E ApplicationHelper: Fail to get PackageManager
07-11 20:18:47.511  1861  2528 W ActivityManager: Foreground service started from background can not have location/camera/microphone access: service com.huawei.health/com.huawei.hwservicesmgr.PhoneService
07-11 20:18:47.522  1861  1861 W NotificationHistory: Attempted to add notif for locked/gone/disabled user 0
07-11 20:18:48.304  1861  1883 E ApplicationHelper: Fail to get PackageManager
07-11 20:18:48.689  1861  2528 W ActivityManager: Unable to start service Intent { cmp=com.huawei.systemserver/.activityrecognition.ActivityRecognitionService } U=0: not found
07-11 20:18:49.886  1861  1883 E ApplicationHelper: Fail to get PackageManager
07-11 20:18:49.897  1861  1883 E ApplicationHelper: Fail to get PackageManager
07-11 20:18:50.693  1861  4314 W ActivityManager: Unable to start service Intent { cmp=com.huawei.systemserver/.activityrecognition.ActivityRecognitionService } U=0: not found
07-11 20:18:52.698  1861  1953 W ActivityManager: Unable to start service Intent { cmp=com.huawei.systemserver/.activityrecognition.ActivityRecognitionService } U=0: not found
07-11 20:18:54.701  1861  1953 W ActivityManager: Unable to start service Intent { cmp=com.huawei.systemserver/.activityrecognition.ActivityRecognitionService } U=0: not found
07-11 20:18:56.704  1861  4323 W ActivityManager: Unable to start service Intent { cmp=com.huawei.systemserver/.activityrecognition.ActivityRecognitionService } U=0: not found
07-11 20:18:57.894  1861  1953 W ActivityManager: Unable to start service Intent { act=com.huawei.iconnect.action.DEVICE_BOND_STATE_CHANGED cmp=com.huawei.iconnect/.MessageIntentService (has extras) } U=0: not found
07-11 20:18:58.094  1861  4323 W ActivityManager: Foreground service started from background can not have location/camera/microphone access: service com.huawei.health/com.huawei.hwservicesmgr.PhoneService
07-11 20:18:58.152  1861  2528 W ActivityManager: Foreground service started from background can not have location/camera/microphone access: service com.huawei.health/com.huawei.hwservicesmgr.PhoneService
07-11 20:18:58.178  1861  1883 E ApplicationHelper: Fail to get PackageManager
07-11 20:18:58.181  1861  1883 E ApplicationHelper: Fail to get PackageManager
07-11 20:18:58.188  1861  1861 W NotificationHistory: Attempted to add notif for locked/gone/disabled user 0
07-11 20:18:58.484  1861  1883 E ApplicationHelper: Fail to get PackageManager
07-11 20:18:58.485  1861  1883 E ApplicationHelper: Fail to get PackageManager
07-11 20:18:58.807  1861  1883 E ApplicationHelper: Fail to get PackageManager
07-11 20:18:58.810  1861  1883 E ApplicationHelper: Fail to get PackageManager
07-11 20:19:01.985  1861  2350 W AppOps  : Noting op not finished: uid 10150 pkg com.google.android.gms code 113 startTime of in progress event=1783778245016
07-11 20:19:01.996  1861  1883 E ApplicationHelper: Fail to get PackageManager
07-11 20:19:01.998  1861  1953 W AppOps  : Noting op not finished: uid 10150 pkg com.google.android.gms code 113 startTime of in progress event=1783778245016
07-11 20:19:02.000  1861  1883 E ApplicationHelper: Fail to get PackageManager
07-11 20:19:02.004  1861  1883 E ApplicationHelper: Fail to get PackageManager
07-11 20:19:02.006  1861  2603 W AppOps  : Noting op not finished: uid 10150 pkg com.google.android.gms code 113 startTime of in progress event=1783778245016
07-11 20:19:02.011  1861  2603 W AppOps  : Noting op not finished: uid 10150 pkg com.google.android.gms code 113 startTime of in progress event=1783778245016
07-11 20:19:02.025  1861  2350 W AppOps  : Noting op not finished: uid 10150 pkg com.google.android.gms code 113 startTime of in progress event=1783778245016
07-11 20:19:02.027  1861  1883 E ApplicationHelper: Fail to get PackageManager
07-11 20:19:02.031  1861  1883 E ApplicationHelper: Fail to get PackageManager
07-11 20:19:02.036  1861  1883 E ApplicationHelper: Fail to get PackageManager
07-11 20:19:02.038  1861  1953 W AppOps  : Noting op not finished: uid 10150 pkg com.google.android.gms code 113 startTime of in progress event=1783778245016
07-11 20:19:02.041  1861  1883 E ApplicationHelper: Fail to get PackageManager
07-11 20:19:02.044  1861  2605 W AppOps  : Noting op not finished: uid 10150 pkg com.google.android.gms code 113 startTime of in progress event=1783778245016
07-11 20:19:02.045  1861  1883 E ApplicationHelper: Fail to get PackageManager
07-11 20:19:02.049  1861  1883 E ApplicationHelper: Fail to get PackageManager
07-11 20:19:02.050  1861  2350 W AppOps  : Noting op not finished: uid 10150 pkg com.google.android.gms code 113 startTime of in progress event=1783778245016
07-11 20:19:02.051  1861  1883 E ApplicationHelper: Fail to get PackageManager
07-11 20:19:02.054  1861  1883 E ApplicationHelper: Fail to get PackageManager
07-11 20:19:02.055  1861  2350 W AppOps  : Noting op not finished: uid 10150 pkg com.google.android.gms code 113 startTime of in progress event=1783778245016
07-11 20:19:02.057  1861  1883 E ApplicationHelper: Fail to get PackageManager
07-11 20:19:02.060  1861  1883 E ApplicationHelper: Fail to get PackageManager
07-11 20:19:02.061  1861  2350 W AppOps  : Noting op not finished: uid 10150 pkg com.google.android.gms code 113 startTime of in progress event=1783778245016
07-11 20:19:02.062  1861  1883 E ApplicationHelper: Fail to get PackageManager
07-11 20:19:02.064  1861  1883 E ApplicationHelper: Fail to get PackageManager
07-11 20:19:02.066  1861  1883 E ApplicationHelper: Fail to get PackageManager
07-11 20:19:03.157  1861  1897 I ActivityManager: Start proc 15874:com.android.providers.calendar/u0a83 for content provider {com.android.providers.calendar/com.android.providers.calendar.CalendarProvider2}
07-11 20:19:03.202  1861  1883 E ApplicationHelper: Fail to get PackageManager
07-11 20:19:03.204  1861  1883 E ApplicationHelper: Fail to get PackageManager
07-11 20:19:03.260  1861  2603 I ActivityManager: Flag disabled. Ignoring finishAttachApplication from uid: 10083. pid: 15874
07-11 20:19:08.523   594 15359 I keystore2: system/security/keystore2/watchdog/src/lib.rs:319 - Watchdog thread idle -> terminating. Have a great day.
07-11 20:19:09.080  1861  1883 E ApplicationHelper: Fail to get PackageManager
07-11 20:19:09.087  1861  1883 E ApplicationHelper: Fail to get PackageManager
07-11 20:19:09.975  1861  1883 E ApplicationHelper: Fail to get PackageManager
07-11 20:19:21.692  1861  4314 W BatteryExternalStatsWorker: error reading Bluetooth stats: 11
07-11 20:19:30.421  1861  1883 E ApplicationHelper: Fail to get PackageManager
07-11 20:19:37.055  1861  2350 I WindowManager: Relayout Window{71db53 u0 EdgeBackGestureHandler0}: oldVis=8 newVis=0 focusMayChange = true requestedWidth = 156 requestedHeight = 399 outFrames = ClientWindowFrames{frame=[0,466][156,865] display=[0,70][720,1604] parentFrame=[0,0][0,0]} outSurfaceControl = Surface(name=EdgeBackGestureHandler0)/@0xe807c77
07-11 20:19:44.421  1861  1883 E ApplicationHelper: Fail to get PackageManager
07-11 20:19:45.964  1861  1883 E ApplicationHelper: Fail to get PackageManager
07-11 20:19:51.825  1861  4314 W BatteryExternalStatsWorker: error reading Bluetooth stats: 11
07-11 20:20:09.978  1861  1883 E ApplicationHelper: Fail to get PackageManager
07-11 20:20:17.599  1861  2079 I LamuSarControl: sendBroadcastToStopAlarm success
07-11 20:20:32.932 15164 15188 W PowerProfile: ambient.on is deprecated! Use ambient.on.display0 instead.
07-11 20:20:32.932 15164 15188 W PowerProfile: screen.on is deprecated! Use screen.on.display0 instead.
07-11 20:20:32.932 15164 15188 W PowerProfile: screen.full is deprecated! Use screen.full.display0 instead.
07-11 20:20:32.932 15164 15188 W ModemPowerProfile: getAverageBatteryDrainMaH called with unexpected key: 0x0, drain:SLEEP,RAT:DEFAULT
07-11 20:20:32.932 15164 15188 W ModemPowerProfile: getAverageBatteryDrainMaH called with unexpected key: 0x10000000, drain:IDLE,RAT:DEFAULT
07-11 20:20:32.933 15164 15188 W ModemPowerProfile: getAverageBatteryDrainMaH called with unexpected key: 0x20000000, drain:RX,RAT:DEFAULT
07-11 20:20:32.933 15164 15188 W ModemPowerProfile: getAverageBatteryDrainMaH called with unexpected key: 0x30000000, drain:TX,level:0,RAT:DEFAULT
07-11 20:20:32.933 15164 15188 W ModemPowerProfile: getAverageBatteryDrainMaH called with unexpected key: 0x31000000, drain:TX,level:1,RAT:DEFAULT
07-11 20:20:32.933 15164 15188 W ModemPowerProfile: getAverageBatteryDrainMaH called with unexpected key: 0x32000000, drain:TX,level:2,RAT:DEFAULT
07-11 20:20:32.933 15164 15188 W ModemPowerProfile: getAverageBatteryDrainMaH called with unexpected key: 0x33000000, drain:TX,level:3,RAT:DEFAULT
07-11 20:20:32.933 15164 15188 W ModemPowerProfile: getAverageBatteryDrainMaH called with unexpected key: 0x34000000, drain:TX,level:4,RAT:DEFAULT
07-11 20:20:33.057 15164 15188 E ActivityThread: Failed to find provider info for com.motorola.ccc.cce.datausage
07-11 20:20:39.018  1861  2393 I WindowManager: Relayout Window{71db53 u0 EdgeBackGestureHandler0}: oldVis=8 newVis=0 focusMayChange = true requestedWidth = 156 requestedHeight = 399 outFrames = ClientWindowFrames{frame=[0,469][156,868] display=[0,70][720,1604] parentFrame=[0,0][0,0]} outSurfaceControl = Surface(name=EdgeBackGestureHandler0)/@0xb0d5108
07-11 20:21:46.215  1861  4314 I WindowManager: Relayout Window{71db53 u0 EdgeBackGestureHandler0}: oldVis=8 newVis=0 focusMayChange = true requestedWidth = 156 requestedHeight = 399 outFrames = ClientWindowFrames{frame=[0,497][156,896] display=[0,70][720,1604] parentFrame=[0,0][0,0]} outSurfaceControl = Surface(name=EdgeBackGestureHandler0)/@0xe3b1a71
07-11 20:21:51.356  1861  1897 I ActivityManager: Start proc 16158:com.android.settings/1000 for broadcast {com.android.settings/com.android.settings.fuelgauge.batteryusage.BatteryUsageBroadcastReceiver}
07-11 20:21:51.413  1861  1883 E ApplicationHelper: Fail to get PackageManager
07-11 20:21:51.435  1861  1897 I ActivityManager: Start proc 16170:com.google.android.apps.turbo/u0a148 for broadcast {com.google.android.apps.turbo/com.google.android.apps.turbo.nudges.broadcasts.BatteryStatusChangedReceiver}
07-11 20:21:51.478  1861  1883 E ApplicationHelper: Fail to get PackageManager
07-11 20:21:51.479  1861  1883 E ApplicationHelper: Fail to get PackageManager
07-11 20:21:51.681  1861  4314 I ActivityManager: Flag disabled. Ignoring finishAttachApplication from uid: 10148. pid: 16170
07-11 20:21:51.684  1861  1883 E ApplicationHelper: Fail to get PackageManager
07-11 20:21:51.763  1861  2350 I ActivityManager: Flag disabled. Ignoring finishAttachApplication from uid: 1000. pid: 16158
07-11 20:21:51.793  1861  1883 E ApplicationHelper: Fail to get PackageManager
07-11 20:22:12.123  1861  2350 I WindowManager: Relayout Window{71db53 u0 EdgeBackGestureHandler0}: oldVis=8 newVis=0 focusMayChange = true requestedWidth = 156 requestedHeight = 399 outFrames = ClientWindowFrames{frame=[0,434][156,833] display=[0,70][720,1604] parentFrame=[0,0][0,0]} outSurfaceControl = Surface(name=EdgeBackGestureHandler0)/@0x5a61dbd
07-11 20:22:14.012  1861  1878 I WindowManager: Relayout Window{71db53 u0 EdgeBackGestureHandler0}: oldVis=8 newVis=0 focusMayChange = true requestedWidth = 156 requestedHeight = 399 outFrames = ClientWindowFrames{frame=[0,449][156,848] display=[0,70][720,1604] parentFrame=[0,0][0,0]} outSurfaceControl = Surface(name=EdgeBackGestureHandler0)/@0xa39445f
07-11 20:22:21.311  1861  1883 E ApplicationHelper: Fail to get PackageManager
07-11 20:22:21.347  1861  1883 E ApplicationHelper: Fail to get PackageManager
07-11 20:22:39.441  1861  4314 W BatteryExternalStatsWorker: error reading Bluetooth stats: 11
07-11 20:22:42.846  1861  2603 I WindowManager: Relayout Window{71db53 u0 EdgeBackGestureHandler0}: oldVis=8 newVis=0 focusMayChange = true requestedWidth = 156 requestedHeight = 399 outFrames = ClientWindowFrames{frame=[0,430][156,829] display=[0,70][720,1604] parentFrame=[0,0][0,0]} outSurfaceControl = Surface(name=EdgeBackGestureHandler0)/@0xb4379f6
07-11 20:22:51.477  1861  1883 E ApplicationHelper: Fail to get PackageManager
07-11 20:23:32.069  1861  1883 E ApplicationHelper: Fail to get PackageManager
07-11 20:23:32.071  1861  1883 E ApplicationHelper: Fail to get PackageManager
07-11 20:23:32.153  1861  7174 W AppOps  : Noting op not finished: uid 10150 pkg com.google.android.gms code 113 startTime of in progress event=1783778245016
07-11 20:23:32.157  1861  1883 E ApplicationHelper: Fail to get PackageManager
07-11 20:23:32.158  1861  7174 W AppOps  : Noting op not finished: uid 10150 pkg com.google.android.gms code 113 startTime of in progress event=1783778245016
07-11 20:23:32.159  1861  1883 E ApplicationHelper: Fail to get PackageManager
07-11 20:23:32.162  1861  1883 E ApplicationHelper: Fail to get PackageManager
07-11 20:23:32.164  1861  7174 W AppOps  : Noting op not finished: uid 10150 pkg com.google.android.gms code 113 startTime of in progress event=1783778245016
07-11 20:23:32.169  1861  2350 W AppOps  : Noting op not finished: uid 10150 pkg com.google.android.gms code 113 startTime of in progress event=1783778245016
07-11 20:23:32.173  1861  1953 W AppOps  : Noting op not finished: uid 10150 pkg com.google.android.gms code 113 startTime of in progress event=1783778245016
07-11 20:23:32.182  1861  1883 E ApplicationHelper: Fail to get PackageManager
07-11 20:23:39.191  1861  1883 E ApplicationHelper: Fail to get PackageManager
07-11 20:23:39.195  1861  1883 E ApplicationHelper: Fail to get PackageManager
07-11 20:23:50.120  1861  1861 I CDM_DevicePresenceProcessor: onBluetoothCompanionDeviceDisconnected associationId( 1 )
07-11 20:23:50.120  1861  1861 I CDM_BleDeviceProcessor: startBleScan()
07-11 20:23:50.152  1861  1897 I ActivityManager: Start proc 16367:com.google.android.projection.gearhead:shared/u0a130 for broadcast {com.google.android.projection.gearhead/com.google.android.apps.auto.components.connectivity.impl.ConnectivityEventHandlerImpl$ConnectivityEventBroadcastReceiver}
07-11 20:23:50.189  1861  1861 I CDM_DevicePresenceProcessor: onDevicePresenceEvent() id=[1], event=[3]...
07-11 20:23:50.189  1861  1861 I CDM_DevicePresenceProcessor: notifyCompanionDevicePresenceEvent userId=[0], packageName=[com.huawei.health], event=[ObservingDevicePresenceResult { Association Id= 1,ParcelUuid= null,Event= 3}]...
07-11 20:23:50.196  1861  1861 I CDM_DevicePresenceProcessor: legacyNotifyDevicePresenceEvent() association=[id=1, addr=88:8E:68:A3:11:C8, pkg=u0/com.huawei.health], isAppeared=[false]
07-11 20:23:50.200  1861  1861 I CDM_CompanionAppBinder: Unbinding user=[0], package=[com.huawei.health]...
07-11 20:23:50.209  1861  1897 I ActivityManager: Start proc 16369:com.google.android.gms/u0a150 for service {com.google.android.gms/com.google.android.gms.chimera.GmsIntentOperationService}
07-11 20:23:50.211  1861  1991 E WindowManager: Display reconfigured outside of a transition: Display{#0 state=ON size=720x1604 ROTATION_0}
07-11 20:23:50.238  1861  1897 W ActivityManager: Slow operation: 76ms so far, now at startProcess: done updating pids map
07-11 20:23:50.282  1861  1883 W Looper  : Slow dispatch took 163ms android.ui h=com.android.server.am.ActivityManagerService$UiHandler c=null m=68
