07-11 20:06:34.211  1861  1883 E ApplicationHelper: Fail to get PackageManager
07-11 20:06:34.219  1861  1883 E ApplicationHelper: Fail to get PackageManager
07-11 20:06:34.223  1861  1883 E ApplicationHelper: Fail to get PackageManager
07-11 20:06:34.248  1861  1883 E ApplicationHelper: Fail to get PackageManager
07-11 20:06:34.483  1861  4833 W WindowManager: Changing focus from Window{9a23fdd u0 NotificationShade} to Window{25e94ba u0 com.instagram.android/com.instagram.android.activity.MainTabActivity} displayId=0 Callers=com.android.server.wm.RootWindowContainer.updateFocusedWindowLocked:470 com.android.server.wm.WindowManagerService.updateFocusedWindowLocked:6676 com.android.server.wm.WindowManagerService.relayoutWindowInner:2694 com.android.server.wm.WindowManagerService.relayoutWindow:2362 
07-11 20:06:34.491  1861  1883 E ApplicationHelper: Fail to get PackageManager
07-11 20:06:34.496  1861  1951 I WindowManager: Relayout Window{21b157d u0 com.jamworks.dynamicspot}: oldVis=8 newVis=0 focusMayChange = true requestedWidth = 402 requestedHeight = 78 outFrames = ClientWindowFrames{frame=[159,1][561,79] display=[-100000,-100000][100000,100000] parentFrame=[0,0][0,0]} outSurfaceControl = Surface(name=)/@0xa38c3ae
07-11 20:06:34.545  1861  1885 I DisplayDeviceRepository: Display device changed: DisplayDeviceInfo{"Built-in Screen": uniqueId="local:4627039422300187648", 720 x 1604, modeId 1, renderFrameRate 60.0, defaultModeId 1, userPreferredModeId -1, supportedModes [{id=1, width=720, height=1604, fps=60.0, vsync=60.0, synthetic=false, alternativeRefreshRates=[90.0], supportedHdrTypes=[]}, {id=2, width=720, height=1604, fps=90.0, vsync=90.0, synthetic=false, alternativeRefreshRates=[60.0], supportedHdrTypes=[]}], colorMode 0, supportedColorModes [0], hdrCapabilities HdrCapabilities{mSupportedHdrTypes=[], mMaxLuminance=500.0, mMaxAverageLuminance=500.0, mMinLuminance=0.0}, allmSupported false, gameContentTypeSupported false, density 280, 268.9412 x 268.0368 dpi, appVsyncOff 2400001, presDeadline 28600000, cutout DisplayCutout{insets=Rect(0, 70 - 0, 0) waterfall=Insets{left=0, top=0, right=0, bottom=0} boundingRect={Bounds=[Rect(0, 0 - 0, 0), Rect(336, 0 - 384, 70), Rect(0, 0 - 0, 0), Rect(0, 0 - 0, 0)]} cutoutPathParserInfo={CutoutPathParserInfo{displayWidth=720 displayHeight=1604 physicalDisplayWidth=720 physicalDisplayHeight=1604 density={1.75} cutoutSpec={M -24,0 L 24,0 L 24,70 L -24,70 Z} rotation={0} scale={1.0} physicalPixelDisplaySizeRatio={1.0}}} sideOverrides={}}, touch INTERNAL, rotation 0, type INTERNAL, address {port=0, model=0x40368bd6e7ee6c}, deviceProductInfo DeviceProductInfo{name=MTKDEV, manufacturerPnpId=MTK, productId=35638, modelYear=null, manufactureDate=ManufactureDate{week=42, year=2021}, connectionToSinkType=0}, state ON, committedState ON, frameRateOverride {uid=10288 frameRateHz=60.0} , brightnessMinimum 0.0, brightnessMaximum 1.0, brightnessDefault 0.4685039, hdrSdrRatio NaN, FLAG_ALLOWED_TO_BE_DEFAULT_DISPLAY, FLAG_ROTATES_WITH_CONTENT, FLAG_SECURE, FLAG_SUPPORTS_PROTECTED_BUFFERS, FLAG_TRUSTED, installOrientation 0, displayShape DisplayShape{ spec=-757940771 displayWidth=720 displayHeight=1604 physicalPixelDisplaySizeRatio=1.0 rotation=0 offsetX=0 offsetY=0 scale=1.0}}
07-11 20:06:34.582  1861  4833 W PackageConfigPersister: App-specific configuration not found for packageName: com.instagram.android and userId: 0
07-11 20:06:34.708  1861  2074 W LamuSarControl: onAudioPortListUpdate
07-11 20:06:34.720  1861  2074 W LamuSarControl: lastReturnTime167111
07-11 20:06:34.722  1861  1861 I Telecom-WiredHeadsetManager: ACTION_HEADSET_PLUG event, plugged in: false, : WHC.oADA@hk0
07-11 20:06:34.723  1861  2074 W LamuSarControl: lastReturnTime continue
07-11 20:06:34.728  1861  1883 E ApplicationHelper: Fail to get PackageManager
07-11 20:06:34.731  1861  2074 W LamuSarControl: onAudioPatchListUpdatefalse
07-11 20:06:34.732  1861  2074 W LamuSarControl: isInCommunicationOrInCall0
07-11 20:06:34.732  1861  1883 E ApplicationHelper: Fail to get PackageManager
07-11 20:06:34.732  1861  2074 W LamuSarControl: onAudioPatchListUpdatefalse
07-11 20:06:34.732  1861  2074 W LamuSarControl: isInCommunicationOrInCall0
07-11 20:06:34.739  1861  2074 W LamuSarControl: onAudioPortListUpdate
07-11 20:06:34.796  1861  2367 E NotificationService: Suppressing toast from package com.ape.dolby.settings by user request.
07-11 20:06:35.345  1861  1883 E ApplicationHelper: Fail to get PackageManager
07-11 20:06:35.355  1861  4833 I WindowManager: Relayout Window{9a23fdd u0 NotificationShade}: oldVis=4 newVis=0 focusMayChange = true requestedWidth = 720 requestedHeight = 1604 outFrames = ClientWindowFrames{frame=[0,0][720,1604] display=[0,0][720,1604] parentFrame=[0,0][0,0]} outSurfaceControl = Surface(name=NotificationShade)/@0x35f22d1
07-11 20:06:35.397  1861  5470 W WindowManager: Changing focus from Window{25e94ba u0 com.instagram.android/com.instagram.android.activity.MainTabActivity} to Window{9a23fdd u0 NotificationShade} displayId=0 Callers=com.android.server.wm.RootWindowContainer.updateFocusedWindowLocked:470 com.android.server.wm.WindowManagerService.updateFocusedWindowLocked:6676 com.android.server.wm.WindowManagerService.relayoutWindowInner:2694 com.android.server.wm.WindowManagerService.relayoutWindow:2362 
07-11 20:06:35.420  1861  1883 E ApplicationHelper: Fail to get PackageManager
07-11 20:06:35.538  1861  2367 W WindowManager: Changing focus from Window{9a23fdd u0 NotificationShade} to Window{21b157d u0 com.jamworks.dynamicspot} displayId=0 Callers=com.android.server.wm.RootWindowContainer.updateFocusedWindowLocked:470 com.android.server.wm.WindowManagerService.updateFocusedWindowLocked:6676 com.android.server.wm.WindowManagerService.relayoutWindowInner:2694 com.android.server.wm.WindowManagerService.relayoutWindow:2362 
07-11 20:06:35.604  1861  1883 E ApplicationHelper: Fail to get PackageManager
07-11 20:06:36.845  1861  1883 E ApplicationHelper: Fail to get PackageManager
07-11 20:06:36.858  1861  2367 I WindowManager: Relayout Window{9a23fdd u0 NotificationShade}: oldVis=4 newVis=0 focusMayChange = true requestedWidth = 720 requestedHeight = 1604 outFrames = ClientWindowFrames{frame=[0,0][720,1604] display=[0,0][720,1604] parentFrame=[0,0][0,0]} outSurfaceControl = Surface(name=NotificationShade)/@0x33a516c
07-11 20:06:37.605  1861  1883 E ApplicationHelper: Fail to get PackageManager
07-11 20:06:39.557  1861  1879 W WindowManager: Changing focus from Window{21b157d u0 com.jamworks.dynamicspot} to Window{25e94ba u0 com.instagram.android/com.instagram.android.activity.MainTabActivity} displayId=0 Callers=com.android.server.wm.RootWindowContainer.updateFocusedWindowLocked:470 com.android.server.wm.WindowManagerService.updateFocusedWindowLocked:6676 com.android.server.wm.WindowManagerService.relayoutWindowInner:2694 com.android.server.wm.WindowManagerService.relayoutWindow:2362 
07-11 20:06:39.695  1861  1879 W PackageConfigPersister: App-specific configuration not found for packageName: com.instagram.android and userId: 0
07-11 20:06:40.388  1861  1885 I DisplayDeviceRepository: Display device changed: DisplayDeviceInfo{"Built-in Screen": uniqueId="local:4627039422300187648", 720 x 1604, modeId 1, renderFrameRate 60.0, defaultModeId 1, userPreferredModeId -1, supportedModes [{id=1, width=720, height=1604, fps=60.0, vsync=60.0, synthetic=false, alternativeRefreshRates=[90.0], supportedHdrTypes=[]}, {id=2, width=720, height=1604, fps=90.0, vsync=90.0, synthetic=false, alternativeRefreshRates=[60.0], supportedHdrTypes=[]}], colorMode 0, supportedColorModes [0], hdrCapabilities HdrCapabilities{mSupportedHdrTypes=[], mMaxLuminance=500.0, mMaxAverageLuminance=500.0, mMinLuminance=0.0}, allmSupported false, gameContentTypeSupported false, density 280, 268.9412 x 268.0368 dpi, appVsyncOff 2400001, presDeadline 28600000, cutout DisplayCutout{insets=Rect(0, 70 - 0, 0) waterfall=Insets{left=0, top=0, right=0, bottom=0} boundingRect={Bounds=[Rect(0, 0 - 0, 0), Rect(336, 0 - 384, 70), Rect(0, 0 - 0, 0), Rect(0, 0 - 0, 0)]} cutoutPathParserInfo={CutoutPathParserInfo{displayWidth=720 displayHeight=1604 physicalDisplayWidth=720 physicalDisplayHeight=1604 density={1.75} cutoutSpec={M -24,0 L 24,0 L 24,70 L -24,70 Z} rotation={0} scale={1.0} physicalPixelDisplaySizeRatio={1.0}}} sideOverrides={}}, touch INTERNAL, rotation 0, type INTERNAL, address {port=0, model=0x40368bd6e7ee6c}, deviceProductInfo DeviceProductInfo{name=MTKDEV, manufacturerPnpId=MTK, productId=35638, modelYear=null, manufactureDate=ManufactureDate{week=42, year=2021}, connectionToSinkType=0}, state ON, committedState ON, frameRateOverride , brightnessMinimum 0.0, brightnessMaximum 1.0, brightnessDefault 0.4685039, hdrSdrRatio NaN, FLAG_ALLOWED_TO_BE_DEFAULT_DISPLAY, FLAG_ROTATES_WITH_CONTENT, FLAG_SECURE, FLAG_SUPPORTS_PROTECTED_BUFFERS, FLAG_TRUSTED, installOrientation 0, displayShape DisplayShape{ spec=-757940771 displayWidth=720 displayHeight=1604 physicalPixelDisplaySizeRatio=1.0 rotation=0 offsetX=0 offsetY=0 scale=1.0}}
07-11 20:06:47.342  1861  1879 W PackageConfigPersister: App-specific configuration not found for packageName: com.instagram.android and userId: 0
07-11 20:06:47.422  1861  1883 E ApplicationHelper: Fail to get PackageManager
07-11 20:06:47.424  1861  1883 E ApplicationHelper: Fail to get PackageManager
07-11 20:06:47.653  1861  5470 I AS.FadeOutManager: unfadeOutUid() uid:10322
07-11 20:06:52.889  1861  1883 E ApplicationHelper: Fail to get PackageManager
07-11 20:06:53.882  1861  1883 E ApplicationHelper: Fail to get PackageManager
07-11 20:06:53.950  1861  1883 E ApplicationHelper: Fail to get PackageManager
07-11 20:06:58.307  1861  2367 I ActivityManager: Process com.google.android.projection.gearhead:shared (pid 13024) has died: cch+15 CEM 
07-11 20:07:06.123  1861  1883 E ApplicationHelper: Fail to get PackageManager
07-11 20:07:06.124  1861  1883 E ApplicationHelper: Fail to get PackageManager
07-11 20:07:10.681  1861  1883 E ApplicationHelper: Fail to get PackageManager
07-11 20:07:17.243  1861  1896 W ActivityManager: Stopping service due to app idle: u0a252 -1m25s546ms com.whatsapp/.messageservice.messaging.MessageService
07-11 20:07:17.257  1861  1883 E ApplicationHelper: Fail to get PackageManager
07-11 20:07:17.259  1861  1878 I ActivityManager: Killing 10552:com.whatsapp/u0a252 (adj 905): remove task
07-11 20:07:17.263  1861  1883 E ApplicationHelper: Fail to get PackageManager
07-11 20:07:17.454  1861  1885 W ActivityManager: setHasOverlayUi called on unknown pid: 10552
07-11 20:07:19.382  1861  1883 E ApplicationHelper: Fail to get PackageManager
07-11 20:07:37.445  1861 10442 I WindowManager: Relayout Window{71db53 u0 EdgeBackGestureHandler0}: oldVis=8 newVis=0 focusMayChange = true requestedWidth = 156 requestedHeight = 399 outFrames = ClientWindowFrames{frame=[0,466][156,865] display=[0,70][720,1604] parentFrame=[0,0][0,0]} outSurfaceControl = Surface(name=EdgeBackGestureHandler0)/@0x908df5e
07-11 20:07:53.885  1861  1883 E ApplicationHelper: Fail to get PackageManager
07-11 20:07:54.200  1861  1883 E ApplicationHelper: Fail to get PackageManager
07-11 20:07:58.186  1861  2367 W ContextImpl: Calling a method in the system process without a qualified user: android.app.ContextImpl.sendBroadcastMultiplePermissions:1299 android.content.Context.sendBroadcastMultiplePermissions:2527 com.android.server.TelephonyRegistry.broadcastServiceStateChanged:3734 com.android.server.TelephonyRegistry.notifyServiceStateForPhoneId:1763 com.android.internal.telephony.ITelephonyRegistry$Stub.onTransact:546 
07-11 20:07:58.187  1861  2367 W ContextImpl: Calling a method in the system process without a qualified user: android.app.ContextImpl.sendBroadcastMultiplePermissions:1332 com.android.server.TelephonyRegistry.broadcastServiceStateChanged:3738 com.android.server.TelephonyRegistry.notifyServiceStateForPhoneId:1763 com.android.internal.telephony.ITelephonyRegistry$Stub.onTransact:546 android.os.Binder.execTransactInternal:1500 
07-11 20:07:58.188  1861  2367 W ContextImpl: Calling a method in the system process without a qualified user: android.app.ContextImpl.sendBroadcastMultiplePermissions:1332 com.android.server.TelephonyRegistry.broadcastServiceStateChanged:3747 com.android.server.TelephonyRegistry.notifyServiceStateForPhoneId:1763 com.android.internal.telephony.ITelephonyRegistry$Stub.onTransact:546 android.os.Binder.execTransactInternal:1500 
07-11 20:07:58.190  1861  2367 W ContextImpl: Calling a method in the system process without a qualified user: android.app.ContextImpl.sendBroadcastMultiplePermissions:1332 com.android.server.TelephonyRegistry.broadcastServiceStateChanged:3753 com.android.server.TelephonyRegistry.notifyServiceStateForPhoneId:1763 com.android.internal.telephony.ITelephonyRegistry$Stub.onTransact:546 android.os.Binder.execTransactInternal:1500 
07-11 20:07:58.200  1861  1883 E ApplicationHelper: Fail to get PackageManager
07-11 20:07:58.208  2199  2199 I EmergencyButton: show = true
07-11 20:07:58.214  1861  1883 E ApplicationHelper: Fail to get PackageManager
07-11 20:07:58.234  1861  1897 I ActivityManager: Start proc 13175:com.google.android.cellbroadcastreceiver/u0a205 for broadcast {com.google.android.cellbroadcastreceiver/com.android.cellbroadcastreceiver.CellBroadcastReceiver}
07-11 20:07:58.279  1861  1883 E ApplicationHelper: Fail to get PackageManager
07-11 20:07:58.280  1861  1883 E ApplicationHelper: Fail to get PackageManager
07-11 20:07:58.428  1861  4479 I ActivityManager: Flag disabled. Ignoring finishAttachApplication from uid: 10205. pid: 13175
07-11 20:07:58.461  1861  1883 E ApplicationHelper: Fail to get PackageManager
07-11 20:08:19.846  1861  1883 E ApplicationHelper: Fail to get PackageManager
07-11 20:08:19.869  1861  1897 I ActivityManager: Start proc 13205:com.google.android.apps.turbo/u0a148 for broadcast {com.google.android.apps.turbo/com.google.android.apps.turbo.nudges.broadcasts.BatteryStatusChangedReceiver}
07-11 20:08:19.894  1861  1883 E ApplicationHelper: Fail to get PackageManager
07-11 20:08:19.944  1861  1883 E ApplicationHelper: Fail to get PackageManager
07-11 20:08:19.946  1861  1883 E ApplicationHelper: Fail to get PackageManager
07-11 20:08:20.199  1861 10442 I ActivityManager: Flag disabled. Ignoring finishAttachApplication from uid: 10148. pid: 13205
07-11 20:08:20.202  1861 10442 I ActivityManager: Killing 12846:com.android.vending:background/u0a151 (adj 905): empty #8
07-11 20:08:20.205  1861  1883 E ApplicationHelper: Fail to get PackageManager
07-11 20:08:24.648  1861  4314 I WindowManager: Relayout Window{71db53 u0 EdgeBackGestureHandler0}: oldVis=8 newVis=0 focusMayChange = true requestedWidth = 156 requestedHeight = 399 outFrames = ClientWindowFrames{frame=[0,631][156,1030] display=[0,70][720,1604] parentFrame=[0,0][0,0]} outSurfaceControl = Surface(name=EdgeBackGestureHandler0)/@0xa0c8c20
07-11 20:08:25.521  1861  4314 W PackageConfigPersister: App-specific configuration not found for packageName: com.instagram.android and userId: 0
07-11 20:08:57.587  1861  4314 I AS.FadeOutManager: unfadeOutUid() uid:10322
07-11 20:08:58.278  1861  1883 E ApplicationHelper: Fail to get PackageManager
07-11 20:09:19.940  1861  1883 E ApplicationHelper: Fail to get PackageManager
07-11 20:09:33.510  1861  4314 I AS.FadeOutManager: unfadeOutUid() uid:10322
07-11 20:09:33.513  1861  1951 I WindowManager: Relayout Window{71db53 u0 EdgeBackGestureHandler0}: oldVis=8 newVis=0 focusMayChange = true requestedWidth = 156 requestedHeight = 399 outFrames = ClientWindowFrames{frame=[0,630][156,1029] display=[0,70][720,1604] parentFrame=[0,0][0,0]} outSurfaceControl = Surface(name=EdgeBackGestureHandler0)/@0x8c40acf
07-11 20:09:33.885  1861  1951 W PackageConfigPersister: App-specific configuration not found for packageName: com.instagram.android and userId: 0
07-11 20:09:36.521  1861  4599 I WindowManager: Relayout Window{71db53 u0 EdgeBackGestureHandler0}: oldVis=8 newVis=0 focusMayChange = true requestedWidth = 156 requestedHeight = 399 outFrames = ClientWindowFrames{frame=[0,650][156,1049] display=[0,70][720,1604] parentFrame=[0,0][0,0]} outSurfaceControl = Surface(name=EdgeBackGestureHandler0)/@0xd60421d
07-11 20:09:37.544  1861  4599 W PackageConfigPersister: App-specific configuration not found for packageName: com.instagram.android and userId: 0
07-11 20:09:37.766  1861  2604 I AS.FadeOutManager: unfadeOutUid() uid:10322
07-11 20:09:46.160  1861  2604 I AS.FadeOutManager: unfadeOutUid() uid:10322
07-11 20:09:46.926  1861  1883 E ApplicationHelper: Fail to get PackageManager
07-11 20:09:46.932  1861  1883 E ApplicationHelper: Fail to get PackageManager
07-11 20:09:46.950  1861  1897 I ActivityManager: Start proc 13398:com.truecaller/u0a251 for broadcast {com.truecaller/com.truecaller.calling.missedcallreminder.MissedCallReminderNotificationReceiver}
07-11 20:09:46.994  1861  1883 E ApplicationHelper: Fail to get PackageManager
07-11 20:09:46.995  1861  1883 E ApplicationHelper: Fail to get PackageManager
07-11 20:09:47.066  1861  2604 W AppOps  : Noting op not finished: uid 10150 pkg com.google.android.gms code 113 startTime of in progress event=1783778245016
07-11 20:09:47.079  1861  1883 E ApplicationHelper: Fail to get PackageManager
07-11 20:09:47.080  1861  2604 W AppOps  : Noting op not finished: uid 10150 pkg com.google.android.gms code 113 startTime of in progress event=1783778245016
07-11 20:09:47.085  1861  6237 W AppOps  : Noting op not finished: uid 10150 pkg com.google.android.gms code 113 startTime of in progress event=1783778245016
07-11 20:09:47.090  1861  4314 W AppOps  : Noting op not finished: uid 10150 pkg com.google.android.gms code 113 startTime of in progress event=1783778245016
07-11 20:09:47.096  1861  2604 W AppOps  : Noting op not finished: uid 10150 pkg com.google.android.gms code 113 startTime of in progress event=1783778245016
07-11 20:09:47.113  1861  2604 W AppOps  : Noting op not finished: uid 10150 pkg com.google.android.gms code 113 startTime of in progress event=1783778245016
07-11 20:09:47.114  1861  1883 E ApplicationHelper: Fail to get PackageManager
07-11 20:09:47.119  1861  1883 E ApplicationHelper: Fail to get PackageManager
07-11 20:09:47.123  1861  1883 E ApplicationHelper: Fail to get PackageManager
07-11 20:09:47.124  1861  2604 W AppOps  : Noting op not finished: uid 10150 pkg com.google.android.gms code 113 startTime of in progress event=1783778245016
07-11 20:09:47.129  1861  1883 E ApplicationHelper: Fail to get PackageManager
07-11 20:09:47.130  1861  2604 W AppOps  : Noting op not finished: uid 10150 pkg com.google.android.gms code 113 startTime of in progress event=1783778245016
07-11 20:09:47.131  1861  1883 E ApplicationHelper: Fail to get PackageManager
07-11 20:09:47.134  1861  1883 E ApplicationHelper: Fail to get PackageManager
07-11 20:09:47.135  1861  6237 W AppOps  : Noting op not finished: uid 10150 pkg com.google.android.gms code 113 startTime of in progress event=1783778245016
07-11 20:09:47.137  1861  1883 E ApplicationHelper: Fail to get PackageManager
07-11 20:09:47.139  1861  1883 E ApplicationHelper: Fail to get PackageManager
07-11 20:09:47.141  1861  6237 W AppOps  : Noting op not finished: uid 10150 pkg com.google.android.gms code 113 startTime of in progress event=1783778245016
07-11 20:09:47.149  1861  1883 E ApplicationHelper: Fail to get PackageManager
07-11 20:09:47.956  1861  1883 E ApplicationHelper: Fail to get PackageManager
07-11 20:09:48.591  1861  4314 I ActivityManager: Flag disabled. Ignoring finishAttachApplication from uid: 10251. pid: 13398
07-11 20:09:48.674  1861  1883 E ApplicationHelper: Fail to get PackageManager
07-11 20:09:48.690  1861  1883 E ApplicationHelper: Fail to get PackageManager
07-11 20:09:48.715  1861  1883 E ApplicationHelper: Fail to get PackageManager
07-11 20:09:49.040  1861  1883 E ApplicationHelper: Fail to get PackageManager
07-11 20:09:49.236  1861  1883 E ApplicationHelper: Fail to get PackageManager
07-11 20:09:49.236  1861  1883 E ApplicationHelper: Fail to get PackageManager
07-11 20:09:49.236  1861  1883 E ApplicationHelper: Fail to get PackageManager
07-11 20:09:49.254  1861  1861 I AS.AudioService: shouldNotificationSoundPlay false: muted stream:5 attr:AudioAttributes: usage=USAGE_NOTIFICATION content=CONTENT_TYPE_SONIFICATION flags=0x800 tags= bundle=null
07-11 20:09:49.267  1861  1861 W NotificationHistory: Attempted to add notif for locked/gone/disabled user 0
07-11 20:09:49.279  1861  1951 W ActivityManager: Permission Denial: get/set setting for user asks to run as user -2 but is calling from uid u0a288; this requires android.permission.INTERACT_ACROSS_USERS_FULL
07-11 20:09:49.323  1861  1883 E ApplicationHelper: Fail to get PackageManager
07-11 20:09:49.323  1861  1883 E ApplicationHelper: Fail to get PackageManager
07-11 20:09:49.323  1861  1883 E ApplicationHelper: Fail to get PackageManager
07-11 20:09:49.331  1861  4314 I ActivityManager: Killing 12720:com.ape.dolby.settings/u0a71 (adj 905): empty #8
07-11 20:09:49.334  1861  4314 I ActivityManager: Killing 11952:com.google.android.projection.gearhead:car/u0a130 (adj 905): empty #9
07-11 20:09:49.336  1861  1883 E ApplicationHelper: Fail to get PackageManager
07-11 20:09:49.336  1861  1883 E ApplicationHelper: Fail to get PackageManager
07-11 20:09:49.336  1861  1883 E ApplicationHelper: Fail to get PackageManager
07-11 20:09:49.553  1861  4599 W ActivityManager: Permission Denial: get/set setting for user asks to run as user -2 but is calling from uid u0a288; this requires android.permission.INTERACT_ACROSS_USERS_FULL
07-11 20:09:49.567  1861  1883 E ApplicationHelper: Fail to get PackageManager
07-11 20:09:49.568  1861  1883 E ApplicationHelper: Fail to get PackageManager
07-11 20:09:49.568  1861  1883 E ApplicationHelper: Fail to get PackageManager
07-11 20:09:49.569  1861  1883 E ApplicationHelper: Fail to get PackageManager
07-11 20:09:49.569  1861  1883 E ApplicationHelper: Fail to get PackageManager
07-11 20:09:49.570  1861  1883 E ApplicationHelper: Fail to get PackageManager
07-11 20:09:49.595  1861  1951 I WindowManager: Relayout Window{21b157d u0 com.jamworks.dynamicspot}: oldVis=8 newVis=0 focusMayChange = true requestedWidth = 276 requestedHeight = 78 outFrames = ClientWindowFrames{frame=[222,1][498,79] display=[-100000,-100000][100000,100000] parentFrame=[0,0][0,0]} outSurfaceControl = Surface(name=)/@0x52f0078
07-11 20:09:49.629  1861  1883 E ApplicationHelper: Fail to get PackageManager
07-11 20:09:49.629  1861  1883 E ApplicationHelper: Fail to get PackageManager
07-11 20:09:49.629  1861  1883 E ApplicationHelper: Fail to get PackageManager
07-11 20:09:49.631  1861  1883 E ApplicationHelper: Fail to get PackageManager
07-11 20:09:49.631  1861  1883 E ApplicationHelper: Fail to get PackageManager
07-11 20:09:49.631  1861  1883 E ApplicationHelper: Fail to get PackageManager
07-11 20:09:49.644  1861  1885 I DisplayDeviceRepository: Display device changed: DisplayDeviceInfo{"Built-in Screen": uniqueId="local:4627039422300187648", 720 x 1604, modeId 1, renderFrameRate 60.0, defaultModeId 1, userPreferredModeId -1, supportedModes [{id=1, width=720, height=1604, fps=60.0, vsync=60.0, synthetic=false, alternativeRefreshRates=[90.0], supportedHdrTypes=[]}, {id=2, width=720, height=1604, fps=90.0, vsync=90.0, synthetic=false, alternativeRefreshRates=[60.0], supportedHdrTypes=[]}], colorMode 0, supportedColorModes [0], hdrCapabilities HdrCapabilities{mSupportedHdrTypes=[], mMaxLuminance=500.0, mMaxAverageLuminance=500.0, mMinLuminance=0.0}, allmSupported false, gameContentTypeSupported false, density 280, 268.9412 x 268.0368 dpi, appVsyncOff 2400001, presDeadline 28600000, cutout DisplayCutout{insets=Rect(0, 70 - 0, 0) waterfall=Insets{left=0, top=0, right=0, bottom=0} boundingRect={Bounds=[Rect(0, 0 - 0, 0), Rect(336, 0 - 384, 70), Rect(0, 0 - 0, 0), Rect(0, 0 - 0, 0)]} cutoutPathParserInfo={CutoutPathParserInfo{displayWidth=720 displayHeight=1604 physicalDisplayWidth=720 physicalDisplayHeight=1604 density={1.75} cutoutSpec={M -24,0 L 24,0 L 24,70 L -24,70 Z} rotation={0} scale={1.0} physicalPixelDisplaySizeRatio={1.0}}} sideOverrides={}}, touch INTERNAL, rotation 0, type INTERNAL, address {port=0, model=0x40368bd6e7ee6c}, deviceProductInfo DeviceProductInfo{name=MTKDEV, manufacturerPnpId=MTK, productId=35638, modelYear=null, manufactureDate=ManufactureDate{week=42, year=2021}, connectionToSinkType=0}, state ON, committedState ON, frameRateOverride {uid=10288 frameRateHz=60.0} , brightnessMinimum 0.0, brightnessMaximum 1.0, brightnessDefault 0.4685039, hdrSdrRatio NaN, FLAG_ALLOWED_TO_BE_DEFAULT_DISPLAY, FLAG_ROTATES_WITH_CONTENT, FLAG_SECURE, FLAG_SUPPORTS_PROTECTED_BUFFERS, FLAG_TRUSTED, installOrientation 0, displayShape DisplayShape{ spec=-757940771 displayWidth=720 displayHeight=1604 physicalPixelDisplaySizeRatio=1.0 rotation=0 offsetX=0 offsetY=0 scale=1.0}}
07-11 20:09:55.165  1861  1883 E ApplicationHelper: Fail to get PackageManager
07-11 20:09:56.995  1861  4599 I AS.FadeOutManager: unfadeOutUid() uid:10322
07-11 20:09:59.045  1861  1883 E ApplicationHelper: Fail to get PackageManager
07-11 20:09:59.047  1861  1883 E ApplicationHelper: Fail to get PackageManager
07-11 20:09:59.426  1861  1883 E ApplicationHelper: Fail to get PackageManager
07-11 20:09:59.433  1861  1951 I WindowManager: Relayout Window{9a23fdd u0 NotificationShade}: oldVis=4 newVis=0 focusMayChange = true requestedWidth = 720 requestedHeight = 1604 outFrames = ClientWindowFrames{frame=[0,0][720,1604] display=[0,0][720,1604] parentFrame=[0,0][0,0]} outSurfaceControl = Surface(name=NotificationShade)/@0xa741ad8
07-11 20:09:59.472  1861  2406 W WindowManager: Changing focus from Window{25e94ba u0 com.instagram.android/com.instagram.android.activity.MainTabActivity} to Window{9a23fdd u0 NotificationShade} displayId=0 Callers=com.android.server.wm.RootWindowContainer.updateFocusedWindowLocked:470 com.android.server.wm.WindowManagerService.updateFocusedWindowLocked:6676 com.android.server.wm.WindowManagerService.relayoutWindowInner:2694 com.android.server.wm.WindowManagerService.relayoutWindow:2362 
07-11 20:10:00.436  1861  1885 I DisplayDeviceRepository: Display device changed: DisplayDeviceInfo{"Built-in Screen": uniqueId="local:4627039422300187648", 720 x 1604, modeId 1, renderFrameRate 60.0, defaultModeId 1, userPreferredModeId -1, supportedModes [{id=1, width=720, height=1604, fps=60.0, vsync=60.0, synthetic=false, alternativeRefreshRates=[90.0], supportedHdrTypes=[]}, {id=2, width=720, height=1604, fps=90.0, vsync=90.0, synthetic=false, alternativeRefreshRates=[60.0], supportedHdrTypes=[]}], colorMode 0, supportedColorModes [0], hdrCapabilities HdrCapabilities{mSupportedHdrTypes=[], mMaxLuminance=500.0, mMaxAverageLuminance=500.0, mMinLuminance=0.0}, allmSupported false, gameContentTypeSupported false, density 280, 268.9412 x 268.0368 dpi, appVsyncOff 2400001, presDeadline 28600000, cutout DisplayCutout{insets=Rect(0, 70 - 0, 0) waterfall=Insets{left=0, top=0, right=0, bottom=0} boundingRect={Bounds=[Rect(0, 0 - 0, 0), Rect(336, 0 - 384, 70), Rect(0, 0 - 0, 0), Rect(0, 0 - 0, 0)]} cutoutPathParserInfo={CutoutPathParserInfo{displayWidth=720 displayHeight=1604 physicalDisplayWidth=720 physicalDisplayHeight=1604 density={1.75} cutoutSpec={M -24,0 L 24,0 L 24,70 L -24,70 Z} rotation={0} scale={1.0} physicalPixelDisplaySizeRatio={1.0}}} sideOverrides={}}, touch INTERNAL, rotation 0, type INTERNAL, address {port=0, model=0x40368bd6e7ee6c}, deviceProductInfo DeviceProductInfo{name=MTKDEV, manufacturerPnpId=MTK, productId=35638, modelYear=null, manufactureDate=ManufactureDate{week=42, year=2021}, connectionToSinkType=0}, state ON, committedState ON, frameRateOverride , brightnessMinimum 0.0, brightnessMaximum 1.0, brightnessDefault 0.4685039, hdrSdrRatio NaN, FLAG_ALLOWED_TO_BE_DEFAULT_DISPLAY, FLAG_ROTATES_WITH_CONTENT, FLAG_SECURE, FLAG_SUPPORTS_PROTECTED_BUFFERS, FLAG_TRUSTED, installOrientation 0, displayShape DisplayShape{ spec=-757940771 displayWidth=720 displayHeight=1604 physicalPixelDisplaySizeRatio=1.0 rotation=0 offsetX=0 offsetY=0 scale=1.0}}
07-11 20:10:04.923  1861  5958 I AS.FadeOutManager: unfadeOutUid() uid:10322
07-11 20:10:09.444  1861  1883 E ApplicationHelper: Fail to get PackageManager
07-11 20:10:09.448  1861  1883 E ApplicationHelper: Fail to get PackageManager
07-11 20:10:09.503  1861  1883 E ApplicationHelper: Fail to get PackageManager
07-11 20:10:09.777  1861  2406 W WindowManager: Changing focus from Window{9a23fdd u0 NotificationShade} to Window{25e94ba u0 com.instagram.android/com.instagram.android.activity.MainTabActivity} displayId=0 Callers=com.android.server.wm.RootWindowContainer.updateFocusedWindowLocked:470 com.android.server.wm.WindowManagerService.updateFocusedWindowLocked:6676 com.android.server.wm.WindowManagerService.relayoutWindowInner:2694 com.android.server.wm.WindowManagerService.relayoutWindow:2362 
07-11 20:10:09.786  1861  1883 E ApplicationHelper: Fail to get PackageManager
07-11 20:10:09.849  1861  5958 W PackageConfigPersister: App-specific configuration not found for packageName: com.instagram.android and userId: 0
07-11 20:10:10.723  1861  4599 I AS.FadeOutManager: unfadeOutUid() uid:10322
07-11 20:10:11.089  1861  1883 E ApplicationHelper: Fail to get PackageManager
07-11 20:10:11.089  1861  1883 E ApplicationHelper: Fail to get PackageManager
07-11 20:10:11.093  1861  5958 W PackageConfigPersister: App-specific configuration not found for packageName: com.instagram.android and userId: 0
07-11 20:10:11.223  1861  1883 E ApplicationHelper: Fail to get PackageManager
07-11 20:10:11.233  1861  1883 E ApplicationHelper: Fail to get PackageManager
07-11 20:10:11.245  1861  1883 E ApplicationHelper: Fail to get PackageManager
07-11 20:10:11.250  1861  1883 E ApplicationHelper: Fail to get PackageManager
07-11 20:10:11.251  1861  6237 I WindowManager: Relayout Window{2626e53 u0 InputMethod}: oldVis=8 newVis=0 focusMayChange = true requestedWidth = 720 requestedHeight = 1534 outFrames = ClientWindowFrames{frame=[0,70][720,1604] display=[0,70][720,1604] parentFrame=[0,0][0,0]} outSurfaceControl = Surface(name=InputMethod)/@0x4b45d0e
07-11 20:10:11.367  1861  1883 E ApplicationHelper: Fail to get PackageManager
07-11 20:10:11.368  1861  1883 E ApplicationHelper: Fail to get PackageManager
07-11 20:10:11.633  1861  1883 E ApplicationHelper: Fail to get PackageManager
07-11 20:10:11.635  1861  1883 E ApplicationHelper: Fail to get PackageManager
07-11 20:10:11.727  1861  1883 E ApplicationHelper: Fail to get PackageManager
07-11 20:10:11.728  1861  1883 E ApplicationHelper: Fail to get PackageManager
07-11 20:10:11.776  1861  1861 E RemoteAugmentedAutofillService: Bad service name for flags 1048704: com.google.android.as/com.google.android.apps.miphone.aiai.app.AiAiAugmentedAutofillService
07-11 20:10:11.777  1861  1861 W FillRequestEventLogger: Shouldn't be logging AutofillFillRequestReported again for same event
07-11 20:10:11.777  1861  1861 W FillResponseEventLogger: Shouldn't be logging AutofillFillRequestReported again for same event
07-11 20:10:11.783  1861  1883 E ApplicationHelper: Fail to get PackageManager
07-11 20:10:11.785  1861  1883 E ApplicationHelper: Fail to get PackageManager
07-11 20:10:11.785  1861  1883 E ApplicationHelper: Fail to get PackageManager
07-11 20:10:11.787  1861  1883 E ApplicationHelper: Fail to get PackageManager
07-11 20:10:12.211  1861  4599 I ActivityManager: Process com.huawei.health (pid 12282) has died: cch+5 CEM 
07-11 20:10:12.582  1861  2604 E PersistenceController: SettingNotFoundException: sv_custom_ai_icon_enabled
07-11 20:10:12.587 32163 13605 E ActivityThread: Failed to find provider info for com.motorola.freeform.settings
07-11 20:10:12.595  1861  1883 E ApplicationHelper: Fail to get PackageManager
07-11 20:10:12.599  1861  1861 E MBrainLocalService: notifyAppSwitch failed
07-11 20:10:12.602 32163 13607 E ActivityThread: Failed to find provider info for com.motorola.freeform.settings
07-11 20:10:12.603 32163 13608 E ActivityThread: Failed to find provider info for com.motorola.freeform.settings
07-11 20:10:12.607 32163 13606 E ActivityThread: Failed to find provider info for com.motorola.freeform.settings
07-11 20:10:12.614  1861  1965 I AppsFilter: interaction: PackageSetting{70a0fbb com.android.microdroid.empty_payload/10221} -> PackageSetting{5276034 app.morphe.android.youtube/10262} BLOCKED
07-11 20:10:12.614  1861  1965 I AppsFilter: interaction: PackageSetting{5d580b0 com.kaon.music/10303} -> PackageSetting{5276034 app.morphe.android.youtube/10262} BLOCKED
07-11 20:10:12.615  1861  1965 W ActivityManager: Unable to launch app app.morphe.android.youtube/10262 for service Intent { cmp=app.morphe.android.youtube/androidx.work.impl.background.systemjob.SystemJobService }: process is bad
07-11 20:10:12.619 32163 13611 E ActivityThread: Failed to find provider info for com.motorola.freeform.settings
07-11 20:10:12.620 32163 13610 E ActivityThread: Failed to find provider info for com.motorola.freeform.settings
07-11 20:10:12.621  1861  1965 E JobScheduler.Concurrency: Error executing JobStatus{22f1bd5 androidx.work.systemjobscheduler:u0a262/7006 @androidx.work.systemjobscheduler@app.morphe.android.youtube/androidx.work.impl.background.systemjob.SystemJobService u=0 s=10262 TIME=-5m3s977ms:none NET READY}
07-11 20:10:12.621  1861  1861 E JobServiceContext: Binding died for app.morphe.android.youtube but no running job on this context
07-11 20:10:12.628  1861  1953 I WindowManager: Relayout Window{91c544c u0 com.motorola.launcher3/com.android.quickstep.RecentsActivity}: oldVis=8 newVis=0 focusMayChange = true requestedWidth = 720 requestedHeight = 1604 outFrames = ClientWindowFrames{frame=[0,0][720,1604] display=[0,0][720,1604] parentFrame=[0,0][0,0]} outSurfaceControl = Surface(name=com.motorola.launcher3/com.android.quickstep.RecentsActivity)/@0xfe55ca3
07-11 20:10:12.657  1861  1883 E ApplicationHelper: Fail to get PackageManager
07-11 20:10:12.657  1861  1883 E ApplicationHelper: Fail to get PackageManager
07-11 20:10:12.658  1861  1953 W UserManagerService: Requested status bar icon for non-badged user 0
07-11 20:10:12.658  1861  1883 E ApplicationHelper: Fail to get PackageManager
07-11 20:10:12.658  1861  1883 E ApplicationHelper: Fail to get PackageManager
07-11 20:10:12.658  1861  1883 E ApplicationHelper: Fail to get PackageManager
07-11 20:10:12.658  1861  1883 E ApplicationHelper: Fail to get PackageManager
07-11 20:10:12.658  1861  1883 E ApplicationHelper: Fail to get PackageManager
07-11 20:10:12.658  1861  1883 E ApplicationHelper: Fail to get PackageManager
07-11 20:10:12.658  1861  1883 E ApplicationHelper: Fail to get PackageManager
07-11 20:10:12.671  1861  1953 W ActivityStartInterceptor: Starting home with component specified, uid=10189
07-11 20:10:12.674  1861  1953 W OptProp : Cannot read opt property android.window.PROPERTY_COMPAT_ALLOW_ORIENTATION_OVERRIDE
07-11 20:10:12.678  1861  1953 W OptProp : Cannot read opt property android.window.PROPERTY_COMPAT_ALLOW_RESIZEABLE_ACTIVITY_OVERRIDES
07-11 20:10:12.678  1861  1953 W OptProp : Cannot read opt property android.window.PROPERTY_COMPAT_ALLOW_MIN_ASPECT_RATIO_OVERRIDE
07-11 20:10:12.686  1861  1861 E MBrainLocalService: notifyAppSwitch failed
07-11 20:10:12.696  1861  1953 W WindowManager: Changing focus from Window{25e94ba u0 com.instagram.android/com.instagram.android.activity.MainTabActivity} to null displayId=0 Callers=com.android.server.wm.RootWindowContainer.updateFocusedWindowLocked:470 com.android.server.wm.WindowManagerService.updateFocusedWindowLocked:6676 com.android.server.wm.ActivityTaskManagerService.setLastResumedActivityUncheckLocked:5094 com.android.server.wm.ActivityTaskSupervisor.updateTopResumedActivityIfNeeded:2367 
07-11 20:10:12.701  1861  1953 I ActivityTaskManager: START u0 {act=android.intent.action.MAIN cat=[android.intent.category.HOME] flg=0x10000000 cmp=bitpit.launcher/.ui.HomeActivity (has extras)} with LAUNCH_SINGLE_TASK from uid 10189 (BAL_ALLOW_VISIBLE_WINDOW) result code=2
07-11 20:10:12.710  1861  1861 E MBrainLocalService: notifyAppSwitch failed
07-11 20:10:12.714  1861  1997 E HandwritingModeController: Cannot get requestId: Handwriting was not initialized.
07-11 20:10:12.718  1861  1883 E ApplicationHelper: Fail to get PackageManager
07-11 20:10:12.719  1861  1883 E ApplicationHelper: Fail to get PackageManager
07-11 20:10:12.719  1861  1883 E ApplicationHelper: Fail to get PackageManager
07-11 20:10:12.724  1861  1965 W JobScheduler.Concurrency: Had fewer than 16 in existence
07-11 20:10:12.729  1861  1883 E ApplicationHelper: Fail to get PackageManager
07-11 20:10:12.730  1861  1883 E ApplicationHelper: Fail to get PackageManager
07-11 20:10:12.732  1861  1965 I AppsFilter: interaction: PackageSetting{70a0fbb com.android.microdroid.empty_payload/10221} -> PackageSetting{549e4e7 app.morphe.android.youtube/10262} BLOCKED
07-11 20:10:12.732  1861  1965 I AppsFilter: interaction: PackageSetting{5d580b0 com.kaon.music/10303} -> PackageSetting{549e4e7 app.morphe.android.youtube/10262} BLOCKED
07-11 20:10:12.733  1861  1965 W ActivityManager: Unable to launch app app.morphe.android.youtube/10262 for service Intent { cmp=app.morphe.android.youtube/androidx.work.impl.background.systemjob.SystemJobService }: process is bad
07-11 20:10:12.736  1861  1965 E JobScheduler.Concurrency: Error executing JobStatus{22f1bd5 androidx.work.systemjobscheduler:u0a262/7006 @androidx.work.systemjobscheduler@app.morphe.android.youtube/androidx.work.impl.background.systemjob.SystemJobService u=0 s=10262 TIME=-5m4s92ms:none NET READY}
07-11 20:10:12.737  1861  1861 E JobServiceContext: Binding died for app.morphe.android.youtube but no running job on this context
07-11 20:10:12.994  1861  6237 W WindowManager: Changing focus from null to Window{26c833f u0 bitpit.launcher/bitpit.launcher.ui.HomeActivity} displayId=0 Callers=com.android.server.wm.RootWindowContainer.updateFocusedWindowLocked:470 com.android.server.wm.WindowManagerService.updateFocusedWindowLocked:6676 com.android.server.wm.WindowManagerService.relayoutWindowInner:2694 com.android.server.wm.WindowManagerService.relayoutWindow:2362 
07-11 20:10:12.997  1861  6237 I WindowManager: Relayout Window{26c833f u0 bitpit.launcher/bitpit.launcher.ui.HomeActivity}: oldVis=8 newVis=0 focusMayChange = true requestedWidth = 720 requestedHeight = 1604 outFrames = ClientWindowFrames{frame=[0,0][720,1604] display=[0,0][720,1604] parentFrame=[0,0][0,0]} outSurfaceControl = Surface(name=bitpit.launcher/bitpit.launcher.ui.HomeActivity)/@0xf9c566
07-11 20:10:13.110  1861  1861 E MBrainLocalService: notifyAppSwitch failed
07-11 20:10:13.113  1861  1883 E ApplicationHelper: Fail to get PackageManager
07-11 20:10:13.113  1861  1883 E ApplicationHelper: Fail to get PackageManager
07-11 20:10:13.113  1861  4599 W UserManagerService: Requested status bar icon for non-badged user 0
07-11 20:10:13.115  1861  1953 W UserManagerService: Requested status bar icon for non-badged user 0
07-11 20:10:13.123  1861  1883 E ApplicationHelper: Fail to get PackageManager
07-11 20:10:13.123  1861  1883 E ApplicationHelper: Fail to get PackageManager
07-11 20:10:13.123  1861  1883 E ApplicationHelper: Fail to get PackageManager
07-11 20:10:13.188  2199  2252 E ShellBackPreview: Received BackNavigationInfo is null.
07-11 20:10:13.204  1861  1953 W UserManagerService: Requested status bar icon for non-badged user 0
07-11 20:10:13.239  1861  2604 W PackageConfigPersister: App-specific configuration not found for packageName: bitpit.launcher and userId: 0
07-11 20:10:13.262  1861  1951 I ActivityManager: Process com.android.providers.calendar (pid 12697) has died: cch+65 CEM 
07-11 20:10:13.277  1861  1883 E ApplicationHelper: Fail to get PackageManager
07-11 20:10:13.467  1861  1861 E MBrainLocalService: notifyAppSwitch failed
07-11 20:10:13.469  1861  1861 E MBrainLocalService: notifyAppSwitch failed
07-11 20:10:13.469  1861  1951 W UserManagerService: Requested status bar icon for non-badged user 0
07-11 20:10:13.472  1861  5958 W UserManagerService: Requested status bar icon for non-badged user 0
07-11 20:10:13.472  1861  1883 E ApplicationHelper: Fail to get PackageManager
07-11 20:10:13.472  1861  1883 E ApplicationHelper: Fail to get PackageManager
07-11 20:10:13.473  1861  6237 W UserManagerService: Requested status bar icon for non-badged user 0
07-11 20:10:13.480  1861  1965 W JobScheduler.Concurrency: Had fewer than 16 in existence
07-11 20:10:13.488  1861  1965 I AppsFilter: interaction: PackageSetting{70a0fbb com.android.microdroid.empty_payload/10221} -> PackageSetting{d179302 app.morphe.android.youtube/10262} BLOCKED
07-11 20:10:13.489  1861  1965 I AppsFilter: interaction: PackageSetting{5d580b0 com.kaon.music/10303} -> PackageSetting{d179302 app.morphe.android.youtube/10262} BLOCKED
07-11 20:10:13.489  1861  1965 W ActivityManager: Unable to launch app app.morphe.android.youtube/10262 for service Intent { cmp=app.morphe.android.youtube/androidx.work.impl.background.systemjob.SystemJobService }: process is bad
07-11 20:10:13.491  1861  1965 E JobScheduler.Concurrency: Error executing JobStatus{22f1bd5 androidx.work.systemjobscheduler:u0a262/7006 @androidx.work.systemjobscheduler@app.morphe.android.youtube/androidx.work.impl.background.systemjob.SystemJobService u=0 s=10262 TIME=-5m4s847ms:none NET READY}
07-11 20:10:13.496  1861  1861 E JobServiceContext: Binding died for app.morphe.android.youtube but no running job on this context
07-11 20:10:13.503 32163 13621 E ActivityThread: Failed to find provider info for com.motorola.freeform.settings
07-11 20:10:13.602  1861  1883 E ApplicationHelper: Fail to get PackageManager
07-11 20:10:13.602  1861  1883 E ApplicationHelper: Fail to get PackageManager
07-11 20:10:13.734  1861  5958 E ShortcutService: Invalid icon type in shortcut 340282366841710301244276026142313298006. Bitmaps are not allowed in long-lived shortcuts. Use Resource icons, or Uri-based icons instead.
07-11 20:10:14.281  1861  1883 E ApplicationHelper: Fail to get PackageManager
07-11 20:10:14.283  1861  1883 E ApplicationHelper: Fail to get PackageManager
07-11 20:10:14.325  1861  1885 W AccessibilityWindowsPopulator: Windows change within in 2 frames continuously over 500 ms and notify windows changed immediately
07-11 20:10:14.793  1861  1885 W AccessibilityWindowsPopulator: Windows change within in 2 frames continuously over 500 ms and notify windows changed immediately
07-11 20:10:15.285  1861  1883 E ApplicationHelper: Fail to get PackageManager
07-11 20:10:15.288  1861  1883 E ApplicationHelper: Fail to get PackageManager
07-11 20:10:15.329  1861  4599 W OptProp : Cannot read opt property android.window.PROPERTY_COMPAT_ALLOW_ORIENTATION_OVERRIDE
07-11 20:10:15.348  1861  4599 W OptProp : Cannot read opt property android.window.PROPERTY_COMPAT_ALLOW_RESIZEABLE_ACTIVITY_OVERRIDES
07-11 20:10:15.349  1861  4599 W OptProp : Cannot read opt property android.window.PROPERTY_COMPAT_ALLOW_MIN_ASPECT_RATIO_OVERRIDE
07-11 20:10:15.370  1861  1861 E MBrainLocalService: notifyAppSwitch failed
07-11 20:10:15.375  1861  4599 I ActivityTaskManager: START u0 {act=android.intent.action.MAIN cat=[android.intent.category.LAUNCHER] flg=0x10200000 cmp=com.whatsapp/.Main bnds=[56,971][658,1051]} with LAUNCH_MULTIPLE from uid 10317 (BAL_ALLOW_VISIBLE_WINDOW) result code=0
07-11 20:10:15.390  1861  1883 E ApplicationHelper: Fail to get PackageManager
07-11 20:10:15.390  1861  1883 E ApplicationHelper: Fail to get PackageManager
07-11 20:10:15.391  1861  1883 E ApplicationHelper: Fail to get PackageManager
07-11 20:10:15.397  1861  1897 I ActivityManager: Start proc 13627:com.whatsapp/u0a252 for next-top-activity {com.whatsapp/com.whatsapp.Main}
07-11 20:10:15.432  1861  1883 E ApplicationHelper: Fail to get PackageManager
07-11 20:10:15.435  1861  4599 W WindowManager: Changing focus from Window{26c833f u0 bitpit.launcher/bitpit.launcher.ui.HomeActivity} to null displayId=0 Callers=com.android.server.wm.RootWindowContainer.updateFocusedWindowLocked:470 com.android.server.wm.WindowManagerService.updateFocusedWindowLocked:6676 com.android.server.wm.ActivityTaskManagerService.setLastResumedActivityUncheckLocked:5094 com.android.server.wm.ActivityTaskSupervisor.updateTopResumedActivityIfNeeded:2367 
07-11 20:10:15.438  1861  1861 E MBrainLocalService: notifyAppSwitch failed
07-11 20:10:15.442  1861  1965 W JobScheduler.Concurrency: Had fewer than 16 in existence
07-11 20:10:15.450  1861  1965 I AppsFilter: interaction: PackageSetting{70a0fbb com.android.microdroid.empty_payload/10221} -> PackageSetting{667bc18 app.morphe.android.youtube/10262} BLOCKED
07-11 20:10:15.450  1861  1965 I AppsFilter: interaction: PackageSetting{5d580b0 com.kaon.music/10303} -> PackageSetting{667bc18 app.morphe.android.youtube/10262} BLOCKED
07-11 20:10:15.451  1861  1965 W ActivityManager: Unable to launch app app.morphe.android.youtube/10262 for service Intent { cmp=app.morphe.android.youtube/androidx.work.impl.background.systemjob.SystemJobService }: process is bad
07-11 20:10:15.452  1861  1965 E JobScheduler.Concurrency: Error executing JobStatus{22f1bd5 androidx.work.systemjobscheduler:u0a262/7006 @androidx.work.systemjobscheduler@app.morphe.android.youtube/androidx.work.impl.background.systemjob.SystemJobService u=0 s=10262 TIME=-5m6s808ms:none NET READY}
07-11 20:10:15.453  1861  1861 E JobServiceContext: Binding died for app.morphe.android.youtube but no running job on this context
07-11 20:10:15.504  1861  1883 E ApplicationHelper: Fail to get PackageManager
07-11 20:10:15.560  1861  6237 W UserManagerService: Requested status bar icon for non-badged user 0
07-11 20:10:15.770  1861  5958 W UserManagerService: Requested status bar icon for non-badged user 0
07-11 20:10:15.771  1861  5958 W UserManagerService: Requested status bar icon for non-badged user 0
07-11 20:10:15.800  1861  1951 I ActivityManager: Flag disabled. Ignoring finishAttachApplication from uid: 10252. pid: 13627
07-11 20:10:15.919  1861  6237 W OptProp : Cannot read opt property android.window.PROPERTY_COMPAT_ALLOW_ORIENTATION_OVERRIDE
07-11 20:10:15.922  1861  6237 W OptProp : Cannot read opt property android.window.PROPERTY_COMPAT_ALLOW_RESIZEABLE_ACTIVITY_OVERRIDES
07-11 20:10:15.922  1861  6237 W OptProp : Cannot read opt property android.window.PROPERTY_COMPAT_ALLOW_MIN_ASPECT_RATIO_OVERRIDE
07-11 20:10:15.931  1861  1861 E MBrainLocalService: notifyAppSwitch failed
07-11 20:10:15.934  1861  6237 I ActivityTaskManager: START u0 {cmp=com.whatsapp/.home.ui.HomeActivity (has extras)} with LAUNCH_SINGLE_TASK from uid 10252 (BAL_ALLOW_VISIBLE_WINDOW) result code=0
07-11 20:10:15.959  1861  4314 W UserManagerService: Requested status bar icon for non-badged user 0
07-11 20:10:15.966  1861  1951 W UserManagerService: Requested status bar icon for non-badged user 0
07-11 20:10:15.967  1861  4314 W UserManagerService: Requested status bar icon for non-badged user 0
07-11 20:10:16.292  1861  1883 E ApplicationHelper: Fail to get PackageManager
07-11 20:10:16.296  1861  1883 E ApplicationHelper: Fail to get PackageManager
07-11 20:10:16.328  1861  1885 W AccessibilityWindowsPopulator: Windows change within in 2 frames continuously over 500 ms and notify windows changed immediately
07-11 20:10:16.341  1861  4314 W WindowManager: Changing focus from null to Window{8126aac u0 com.whatsapp/com.whatsapp.home.ui.HomeActivity} displayId=0 Callers=com.android.server.wm.RootWindowContainer.updateFocusedWindowLocked:470 com.android.server.wm.WindowManagerService.updateFocusedWindowLocked:6676 com.android.server.wm.WindowManagerService.relayoutWindowInner:2694 com.android.server.wm.WindowManagerService.relayoutWindow:2362 
07-11 20:10:16.346  1861  4314 I WindowManager: Relayout Window{8126aac u0 com.whatsapp/com.whatsapp.home.ui.HomeActivity}: oldVis=4 newVis=0 focusMayChange = true requestedWidth = 720 requestedHeight = 1604 outFrames = ClientWindowFrames{frame=[0,0][720,1604] display=[0,0][720,1604] parentFrame=[0,0][0,0]} outSurfaceControl = Surface(name=com.whatsapp/com.whatsapp.home.ui.HomeActivity)/@0xc68c5ae
07-11 20:10:16.478 13627 13677 E ActivityThread: Failed to find provider info for com.facebook.stella.assistant.deviceconnectionstate
07-11 20:10:16.479 13627 13677 E ActivityThread: Failed to find provider info for com.facebook.stella_debug.assistant.deviceconnectionstate
07-11 20:10:16.655  1861  1883 E ApplicationHelper: Fail to get PackageManager
07-11 20:10:16.655  1861  1861 E MBrainLocalService: notifyAppSwitch failed
07-11 20:10:16.658  1861  1861 E MBrainLocalService: notifyAppSwitch failed
07-11 20:10:16.690  1861  1883 E ApplicationHelper: Fail to get PackageManager
07-11 20:10:16.690  1861  1883 E ApplicationHelper: Fail to get PackageManager
07-11 20:10:16.691  1861  1883 E ApplicationHelper: Fail to get PackageManager
07-11 20:10:16.697  1861  1965 W JobScheduler.Concurrency: Had fewer than 16 in existence
07-11 20:10:16.703  1861  1965 I AppsFilter: interaction: PackageSetting{70a0fbb com.android.microdroid.empty_payload/10221} -> PackageSetting{3d86055 app.morphe.android.youtube/10262} BLOCKED
07-11 20:10:16.703  1861  1965 I AppsFilter: interaction: PackageSetting{5d580b0 com.kaon.music/10303} -> PackageSetting{3d86055 app.morphe.android.youtube/10262} BLOCKED
07-11 20:10:16.704  1861  1965 W ActivityManager: Unable to launch app app.morphe.android.youtube/10262 for service Intent { cmp=app.morphe.android.youtube/androidx.work.impl.background.systemjob.SystemJobService }: process is bad
