07-11 20:15:57.124  1861  1965 W JobScheduler.Concurrency: Had fewer than 16 in existence
07-11 20:16:39.387  1861  1879 W BatteryExternalStatsWorker: error reading Bluetooth stats: 11
07-11 20:16:39.740  1861  2079 I LamuSarControl: sendBroadcastToStopAlarm success
07-11 20:16:43.579  1861  2079 I LamuSarControl: sendBroadcastToStopAlarm success
07-11 20:16:59.443  1861  1883 E ApplicationHelper: Fail to get PackageManager
07-11 20:16:59.465  1861  1883 E ApplicationHelper: Fail to get PackageManager
07-11 20:17:05.878  1861  2079 I LamuSarControl: sendBroadcastToStopAlarm success
07-11 20:17:07.216  1861  2079 I LamuSarControl: sendBroadcastToStopAlarm success
07-11 20:17:10.275   594 14934 I keystore2: system/security/keystore2/watchdog/src/lib.rs:319 - Watchdog thread idle -> terminating. Have a great day.
07-11 20:17:10.409  1861  2079 I LamuSarControl: sendBroadcastToStopAlarm success
07-11 20:17:11.713  1861  1961 E AppOps  : attributionTag  not declared in manifest of com.huawei.health
07-11 20:17:20.232  1861  1897 I ActivityManager: Start proc 14955:com.android.vending/u0a151 for service {com.android.vending/com.google.android.finsky.scheduler.process.mainimpl.PhoneskyJobServiceMain}
07-11 20:17:20.275  1861  1883 E ApplicationHelper: Fail to get PackageManager
07-11 20:17:20.275  1861  1883 E ApplicationHelper: Fail to get PackageManager
07-11 20:17:20.461  1861  4324 I ActivityManager: Flag disabled. Ignoring finishAttachApplication from uid: 10151. pid: 14955
07-11 20:17:20.463  1861  1883 E ApplicationHelper: Fail to get PackageManager
07-11 20:17:20.479  1861  1883 E ApplicationHelper: Fail to get PackageManager
07-11 20:17:20.480  1861  1883 E ApplicationHelper: Fail to get PackageManager
07-11 20:17:20.542  1861  4324 W JobScheduler: Job didn't exist in JobStore: e786c07 #u0a151/9480 com.android.vending/com.google.android.finsky.scheduler.process.mainimpl.PhoneskyJobServiceMain
07-11 20:17:20.542  1861  1883 E ApplicationHelper: Fail to get PackageManager
07-11 20:17:20.542  1861  1883 E ApplicationHelper: Fail to get PackageManager
07-11 20:17:20.548  1861  1883 E ApplicationHelper: Fail to get PackageManager
07-11 20:17:20.549  1861  1883 E ApplicationHelper: Fail to get PackageManager
07-11 20:17:20.560  1861  1883 E ApplicationHelper: Fail to get PackageManager
07-11 20:17:20.560  1861  1883 E ApplicationHelper: Fail to get PackageManager
07-11 20:17:20.574  1861  1883 E ApplicationHelper: Fail to get PackageManager
07-11 20:17:20.601  1861  1883 E ApplicationHelper: Fail to get PackageManager
07-11 20:17:20.602  1861  1883 E ApplicationHelper: Fail to get PackageManager
07-11 20:17:20.699  1861  1883 E ApplicationHelper: Fail to get PackageManager
07-11 20:17:20.699  1861  1883 E ApplicationHelper: Fail to get PackageManager
07-11 20:17:20.717  1861  1883 E ApplicationHelper: Fail to get PackageManager
07-11 20:17:20.717  1861  1883 E ApplicationHelper: Fail to get PackageManager
07-11 20:17:20.898  1861  1883 E ApplicationHelper: Fail to get PackageManager
07-11 20:17:20.898  1861  1883 E ApplicationHelper: Fail to get PackageManager
07-11 20:17:20.902  1861  1883 E ApplicationHelper: Fail to get PackageManager
07-11 20:17:20.903  1861  1883 E ApplicationHelper: Fail to get PackageManager
07-11 20:17:23.717  1861  1879 I WindowManager: Relayout Window{71db53 u0 EdgeBackGestureHandler0}: oldVis=8 newVis=0 focusMayChange = true requestedWidth = 156 requestedHeight = 399 outFrames = ClientWindowFrames{frame=[564,198][720,597] display=[0,70][720,1604] parentFrame=[0,0][0,0]} outSurfaceControl = Surface(name=EdgeBackGestureHandler0)/@0x4b29c53
07-11 20:17:26.591  1861  1883 E ApplicationHelper: Fail to get PackageManager
07-11 20:17:28.596  1861  1879 I WindowManager: Relayout Window{71db53 u0 EdgeBackGestureHandler0}: oldVis=8 newVis=0 focusMayChange = true requestedWidth = 156 requestedHeight = 399 outFrames = ClientWindowFrames{frame=[564,258][720,657] display=[0,70][720,1604] parentFrame=[0,0][0,0]} outSurfaceControl = Surface(name=EdgeBackGestureHandler0)/@0x4eb6325
07-11 20:17:30.515  1861  1883 E ApplicationHelper: Fail to get PackageManager
07-11 20:17:30.517  1861  1883 E ApplicationHelper: Fail to get PackageManager
07-11 20:17:32.107 10465 15076 E ActivityThread: Failed to find provider info for com.facebook.katana.provider.LastUsedTimestampProvider
07-11 20:17:32.109 10465 15076 E ActivityThread: Failed to find provider info for com.facebook.wakizashi.provider.LastUsedTimestampProvider
07-11 20:17:32.110 10465 15076 E ActivityThread: Failed to find provider info for com.facebook.orca.provider.LastUsedTimestampProvider
07-11 20:17:32.110 10465 15076 E ActivityThread: Failed to find provider info for com.facebook.lite.provider.LastUsedTimestampProvider
07-11 20:17:45.571  1861  1883 E ApplicationHelper: Fail to get PackageManager
07-11 20:17:45.573  1861  1883 E ApplicationHelper: Fail to get PackageManager
07-11 20:17:48.690  1861  4324 I WindowManager: Relayout Window{71db53 u0 EdgeBackGestureHandler0}: oldVis=8 newVis=0 focusMayChange = true requestedWidth = 156 requestedHeight = 399 outFrames = ClientWindowFrames{frame=[564,158][720,557] display=[0,70][720,1604] parentFrame=[0,0][0,0]} outSurfaceControl = Surface(name=EdgeBackGestureHandler0)/@0x12fa12f
07-11 20:17:52.200  1861  7174 W ContextImpl: Calling a method in the system process without a qualified user: android.app.ContextImpl.sendBroadcastMultiplePermissions:1299 android.content.Context.sendBroadcastMultiplePermissions:2527 com.android.server.TelephonyRegistry.broadcastServiceStateChanged:3734 com.android.server.TelephonyRegistry.notifyServiceStateForPhoneId:1763 com.android.internal.telephony.ITelephonyRegistry$Stub.onTransact:546 
07-11 20:17:52.201  1861  7174 W ContextImpl: Calling a method in the system process without a qualified user: android.app.ContextImpl.sendBroadcastMultiplePermissions:1332 com.android.server.TelephonyRegistry.broadcastServiceStateChanged:3738 com.android.server.TelephonyRegistry.notifyServiceStateForPhoneId:1763 com.android.internal.telephony.ITelephonyRegistry$Stub.onTransact:546 android.os.Binder.execTransactInternal:1500 
07-11 20:17:52.202  1861  7174 W ContextImpl: Calling a method in the system process without a qualified user: android.app.ContextImpl.sendBroadcastMultiplePermissions:1332 com.android.server.TelephonyRegistry.broadcastServiceStateChanged:3747 com.android.server.TelephonyRegistry.notifyServiceStateForPhoneId:1763 com.android.internal.telephony.ITelephonyRegistry$Stub.onTransact:546 android.os.Binder.execTransactInternal:1500 
07-11 20:17:52.204  1861  7174 W ContextImpl: Calling a method in the system process without a qualified user: android.app.ContextImpl.sendBroadcastMultiplePermissions:1332 com.android.server.TelephonyRegistry.broadcastServiceStateChanged:3753 com.android.server.TelephonyRegistry.notifyServiceStateForPhoneId:1763 com.android.internal.telephony.ITelephonyRegistry$Stub.onTransact:546 android.os.Binder.execTransactInternal:1500 
07-11 20:17:52.209  1861  1883 E ApplicationHelper: Fail to get PackageManager
07-11 20:17:52.212  1861  1883 E ApplicationHelper: Fail to get PackageManager
07-11 20:17:52.213  1861  1883 E ApplicationHelper: Fail to get PackageManager
07-11 20:17:52.214  2199  2199 I EmergencyButton: show = true
07-11 20:17:52.219  1861  1883 E ApplicationHelper: Fail to get PackageManager
07-11 20:18:20.279  1861  2528 W BatteryExternalStatsWorker: error reading Bluetooth stats: 11
07-11 20:18:21.667  1861  4324 W ContextImpl: Calling a method in the system process without a qualified user: android.app.ContextImpl.sendBroadcastMultiplePermissions:1299 android.content.Context.sendBroadcastMultiplePermissions:2527 com.android.server.TelephonyRegistry.broadcastServiceStateChanged:3734 com.android.server.TelephonyRegistry.notifyServiceStateForPhoneId:1763 com.android.internal.telephony.ITelephonyRegistry$Stub.onTransact:546 
07-11 20:18:21.669  1861  4324 W ContextImpl: Calling a method in the system process without a qualified user: android.app.ContextImpl.sendBroadcastMultiplePermissions:1332 com.android.server.TelephonyRegistry.broadcastServiceStateChanged:3738 com.android.server.TelephonyRegistry.notifyServiceStateForPhoneId:1763 com.android.internal.telephony.ITelephonyRegistry$Stub.onTransact:546 android.os.Binder.execTransactInternal:1500 
07-11 20:18:21.670  1861  4324 W ContextImpl: Calling a method in the system process without a qualified user: android.app.ContextImpl.sendBroadcastMultiplePermissions:1332 com.android.server.TelephonyRegistry.broadcastServiceStateChanged:3747 com.android.server.TelephonyRegistry.notifyServiceStateForPhoneId:1763 com.android.internal.telephony.ITelephonyRegistry$Stub.onTransact:546 android.os.Binder.execTransactInternal:1500 
07-11 20:18:21.673  1861  4324 W ContextImpl: Calling a method in the system process without a qualified user: android.app.ContextImpl.sendBroadcastMultiplePermissions:1332 com.android.server.TelephonyRegistry.broadcastServiceStateChanged:3753 com.android.server.TelephonyRegistry.notifyServiceStateForPhoneId:1763 com.android.internal.telephony.ITelephonyRegistry$Stub.onTransact:546 android.os.Binder.execTransactInternal:1500 
07-11 20:18:21.679  1861  1883 E ApplicationHelper: Fail to get PackageManager
07-11 20:18:21.683  1861  1883 E ApplicationHelper: Fail to get PackageManager
07-11 20:18:21.684  1861  1883 E ApplicationHelper: Fail to get PackageManager
07-11 20:18:21.684  2199  2199 I EmergencyButton: show = true
07-11 20:18:21.691  1861  1883 E ApplicationHelper: Fail to get PackageManager
07-11 20:18:25.735  1861  2528 W OptProp : Cannot read opt property android.window.PROPERTY_COMPAT_ALLOW_ORIENTATION_OVERRIDE
07-11 20:18:25.736  1861  2528 W OptProp : Cannot read opt property android.window.PROPERTY_COMPAT_ALLOW_RESIZEABLE_ACTIVITY_OVERRIDES
07-11 20:18:25.737  1861  2528 W OptProp : Cannot read opt property android.window.PROPERTY_COMPAT_ALLOW_MIN_ASPECT_RATIO_OVERRIDE
07-11 20:18:25.748  1861  1861 E MBrainLocalService: notifyAppSwitch failed
07-11 20:18:25.751  1861  2528 I ActivityTaskManager: START u0 {cmp=com.instagram.android/com.instagram.modal.ModalActivity (has extras)} with LAUNCH_MULTIPLE from uid 10322 (BAL_ALLOW_VISIBLE_WINDOW) result code=0
07-11 20:18:25.775  1861  2528 W WindowManager: Changing focus from Window{25e94ba u0 com.instagram.android/com.instagram.android.activity.MainTabActivity} to null displayId=0 Callers=com.android.server.wm.RootWindowContainer.updateFocusedWindowLocked:470 com.android.server.wm.WindowManagerService.updateFocusedWindowLocked:6676 com.android.server.wm.ActivityTaskManagerService.setLastResumedActivityUncheckLocked:5094 com.android.server.wm.ActivityTaskSupervisor.updateTopResumedActivityIfNeeded:2367 
07-11 20:18:25.782  1861  1883 E ApplicationHelper: Fail to get PackageManager
07-11 20:18:25.782  1861  1883 E ApplicationHelper: Fail to get PackageManager
07-11 20:18:25.782  1861  1883 E ApplicationHelper: Fail to get PackageManager
07-11 20:18:25.782  1861  1883 E ApplicationHelper: Fail to get PackageManager
07-11 20:18:25.782  1861  1883 E ApplicationHelper: Fail to get PackageManager
07-11 20:18:25.934  1861  2528 W WindowManager: Changing focus from null to Window{ff82f19 u0 com.instagram.android/com.instagram.modal.ModalActivity} displayId=0 Callers=com.android.server.wm.RootWindowContainer.updateFocusedWindowLocked:470 com.android.server.wm.WindowManagerService.updateFocusedWindowLocked:6676 com.android.server.wm.WindowManagerService.relayoutWindowInner:2694 com.android.server.wm.WindowManagerService.relayoutWindow:2362 
07-11 20:18:25.937  1861  2528 I WindowManager: Relayout Window{ff82f19 u0 com.instagram.android/com.instagram.modal.ModalActivity}: oldVis=4 newVis=0 focusMayChange = true requestedWidth = 720 requestedHeight = 1604 outFrames = ClientWindowFrames{frame=[0,0][720,1604] display=[0,0][720,1604] parentFrame=[0,0][0,0]} outSurfaceControl = Surface(name=com.instagram.android/com.instagram.modal.ModalActivity)/@0xf2188b6
07-11 20:18:25.967  1861  2528 W UserManagerService: Requested status bar icon for non-badged user 0
07-11 20:18:25.999  1861  2079 I LamuSarControl: sendBroadcastToStopAlarm success
07-11 20:18:26.040  1861  2528 W PackageConfigPersister: App-specific configuration not found for packageName: com.instagram.android and userId: 0
07-11 20:18:26.390  1861  6570 W UserManagerService: Requested status bar icon for non-badged user 0
07-11 20:18:26.390  1861  1883 E ApplicationHelper: Fail to get PackageManager
07-11 20:18:26.390  1861  1883 E ApplicationHelper: Fail to get PackageManager
07-11 20:18:26.390  1861  1883 E ApplicationHelper: Fail to get PackageManager
07-11 20:18:26.392  1861  4324 W UserManagerService: Requested status bar icon for non-badged user 0
07-11 20:18:26.497  1861  1885 W AccessibilityWindowsPopulator: Windows change within in 2 frames continuously over 500 ms and notify windows changed immediately
07-11 20:18:27.050  1861  6570 I WindowManager: Relayout Window{71db53 u0 EdgeBackGestureHandler0}: oldVis=8 newVis=0 focusMayChange = true requestedWidth = 156 requestedHeight = 399 outFrames = ClientWindowFrames{frame=[0,443][156,842] display=[0,70][720,1604] parentFrame=[0,0][0,0]} outSurfaceControl = Surface(name=EdgeBackGestureHandler0)/@0x7b8b66
07-11 20:18:27.195  1861  6570 W WindowManager: Changing focus from Window{ff82f19 u0 com.instagram.android/com.instagram.modal.ModalActivity} to Window{aef9f54 u0 com.instagram.android/com.instagram.modal.ModalActivity} displayId=0 Callers=com.android.server.wm.RootWindowContainer.updateFocusedWindowLocked:470 com.android.server.wm.WindowManagerService.updateFocusedWindowLocked:6676 com.android.server.wm.WindowManagerService.addWindow:1936 com.android.server.wm.Session.addToDisplayAsUser:257 
07-11 20:18:27.312  1861  6570 W PackageConfigPersister: App-specific configuration not found for packageName: com.instagram.android and userId: 0
07-11 20:18:28.584  1861  7174 W WindowManager: Changing focus from Window{aef9f54 u0 com.instagram.android/com.instagram.modal.ModalActivity EXITING} to null displayId=0 Callers=com.android.server.wm.RootWindowContainer.updateFocusedWindowLocked:470 com.android.server.wm.WindowManagerService.updateFocusedWindowLocked:6676 com.android.server.wm.WindowState.setupWindowForRemoveOnExit:2573 com.android.server.wm.WindowState.removeIfPossible:2535 
07-11 20:18:28.742  1861  2604 I AS.FadeOutManager: unfadeOutUid() uid:10322
07-11 20:18:28.768  1861  6570 W WindowManager: Changing focus from null to Window{25e94ba u0 com.instagram.android/com.instagram.android.activity.MainTabActivity} displayId=0 Callers=com.android.server.wm.RootWindowContainer.updateFocusedWindowLocked:470 com.android.server.wm.WindowManagerService.updateFocusedWindowLocked:6676 com.android.server.wm.WindowManagerService.relayoutWindowInner:2694 com.android.server.wm.WindowManagerService.relayoutWindow:2362 
07-11 20:18:28.771  1861  6570 I WindowManager: Relayout Window{25e94ba u0 com.instagram.android/com.instagram.android.activity.MainTabActivity}: oldVis=8 newVis=0 focusMayChange = true requestedWidth = 720 requestedHeight = 1604 outFrames = ClientWindowFrames{frame=[0,0][720,1604] display=[0,0][720,1604] parentFrame=[0,0][0,0]} outSurfaceControl = Surface(name=com.instagram.android/com.instagram.android.activity.MainTabActivity)/@0x1669a0a
07-11 20:18:28.816  1861  6570 W UserManagerService: Requested status bar icon for non-badged user 0
07-11 20:18:28.868  1861  6570 W PackageConfigPersister: App-specific configuration not found for packageName: com.instagram.android and userId: 0
07-11 20:18:28.945  1861  4324 W PackageConfigPersister: App-specific configuration not found for packageName: com.instagram.android and userId: 0
07-11 20:18:29.143  1861  4324 I ActivityManager: Process com.google.android.apps.turbo (pid 14891) has died: cch+65 CEM 
07-11 20:18:29.263  1861  1879 I ActivityManager: Process com.android.vending:background (pid 14785) has died: cch+55 CEM 
07-11 20:18:29.310  1861  1879 W ActivityManager: Scheduling restart of crashed service com.android.vending/com.google.frameworks.client.data.android.server.play.BackgroundProcessEndpointService in 1000ms for connection
07-11 20:18:29.325  1861  4599 W UserManagerService: Requested status bar icon for non-badged user 0
07-11 20:18:29.329  1861  6433 W UserManagerService: Requested status bar icon for non-badged user 0
07-11 20:18:29.364  1861  1895 W ActivityManager: Rescheduling restart of crashed service com.android.vending/com.google.frameworks.client.data.android.server.play.BackgroundProcessEndpointService in 29940ms for mem-pressure-event
07-11 20:18:29.382  1861  1885 W AccessibilityWindowsPopulator: Windows change within in 2 frames continuously over 500 ms and notify windows changed immediately
07-11 20:18:29.423  1861  1879 I ActivityManager: Process com.android.vending (pid 14955) has died: cch+45 CEM 
07-11 20:18:29.490  1861  2350 I ActivityManager: Process com.google.android.gms (pid 8984) has died: cch+35 CEM 
07-11 20:18:29.508  1861  1879 I ActivityManager: Process com.android.settings (pid 14602) has died: cch+25 CEM 
07-11 20:18:29.555  1861  4324 I ActivityManager: Process com.google.android.cellbroadcastreceiver (pid 14615) has died: cch+15 CEM 
07-11 20:18:29.642  1861  2350 I ActivityManager: Process com.instagram.android:fbns (pid 12352) has died: svcb SVC 
07-11 20:18:29.644  1861  2350 W ActivityManager: Scheduling restart of crashed service com.instagram.android/com.facebook.rti.pushv2.inapp.InappFbnsService in 30000ms for start-requested
07-11 20:18:29.742  1861  2528 I ActivityManager: Process com.google.android.inputmethod.latin (pid 10013) has died: prcp IMPB
07-11 20:18:29.742  1861  1952 I WindowManager: WIN DEATH: Window{2626e53 u0 InputMethod}
07-11 20:18:29.751  1861  4599 W WindowManager: Cannot find window which accessibility connection is added to
07-11 20:18:29.753  1861  2528 W ActivityManager: Scheduling restart of crashed service com.google.android.inputmethod.latin/com.android.inputmethod.latin.LatinIME in 69892ms for connection
07-11 20:18:29.764  1861  1861 W ActivityManager: pid 1861 system sent binder code 7 with flags 1 to frozen apps and got error -32
07-11 20:18:29.768  1861  1885 W ActivityManager: setHasOverlayUi called on unknown pid: 10013
07-11 20:18:29.794  1861  1861 W InputMethodManagerService: Session failed to close due to remote exception
07-11 20:18:29.794  1861  1861 W InputMethodManagerService: android.os.DeadObjectException
07-11 20:18:29.794  1861  1861 W InputMethodManagerService: 	at android.os.BinderProxy.transactNative(Native Method)
07-11 20:18:29.794  1861  1861 W InputMethodManagerService: 	at android.os.BinderProxy.transact(BinderProxy.java:586)
07-11 20:18:29.794  1861  1861 W InputMethodManagerService: 	at com.android.internal.inputmethod.IInputMethodSession$Stub$Proxy.finishSession(IInputMethodSession.java:356)
07-11 20:18:29.794  1861  1861 W InputMethodManagerService: 	at com.android.server.inputmethod.InputMethodManagerService.finishSessionLocked(InputMethodManagerService.java:2603)
07-11 20:18:29.794  1861  1861 W InputMethodManagerService: 	at com.android.server.inputmethod.InputMethodManagerService.clearClientSessionLocked(InputMethodManagerService.java:2575)
07-11 20:18:29.794  1861  1861 W InputMethodManagerService: 	at com.android.server.inputmethod.InputMethodManagerService.lambda$clearClientSessionsLocked$9(InputMethodManagerService.java:2636)
07-11 20:18:29.794  1861  1861 W InputMethodManagerService: 	at com.android.server.inputmethod.InputMethodManagerService.$r8$lambda$8ZQ2nu2-aBxC49RVGN6PZWSEoPg(InputMethodManagerService.java:0)
07-11 20:18:29.794  1861  1861 W InputMethodManagerService: 	at com.android.server.inputmethod.InputMethodManagerService$$ExternalSyntheticLambda17.accept(R8$$SyntheticClass:0)
07-11 20:18:29.794  1861  1861 W InputMethodManagerService: 	at com.android.server.inputmethod.ClientController.forAllClients(ClientController.java:132)
07-11 20:18:29.794  1861  1861 W InputMethodManagerService: 	at com.android.server.inputmethod.InputMethodManagerService.clearClientSessionsLocked(InputMethodManagerService.java:2639)
07-11 20:18:29.794  1861  1861 W InputMethodManagerService: 	at com.android.server.inputmethod.InputMethodBindingController.clearCurMethodAndSessions(InputMethodBindingController.java:486)
07-11 20:18:29.794  1861  1861 W InputMethodManagerService: 	at com.android.server.inputmethod.InputMethodBindingController.-$$Nest$mclearCurMethodAndSessions(InputMethodBindingController.java:0)
07-11 20:18:29.794  1861  1861 W InputMethodManagerService: 	at com.android.server.inputmethod.InputMethodBindingController$2.onServiceDisconnected(InputMethodBindingController.java:438)
07-11 20:18:29.794  1861  1861 W InputMethodManagerService: 	at android.app.LoadedApk$ServiceDispatcher.doDeath(LoadedApk.java:2253)
07-11 20:18:29.794  1861  1861 W InputMethodManagerService: 	at android.app.LoadedApk$ServiceDispatcher$RunConnection.run(LoadedApk.java:2268)
07-11 20:18:29.794  1861  1861 W InputMethodManagerService: 	at android.os.Handler.handleCallback(Handler.java:959)
07-11 20:18:29.794  1861  1861 W InputMethodManagerService: 	at android.os.Handler.dispatchMessage(Handler.java:100)
07-11 20:18:29.794  1861  1861 W InputMethodManagerService: 	at android.os.Looper.loopOnce(Looper.java:234)
07-11 20:18:29.794  1861  1861 W InputMethodManagerService: 	at android.os.Looper.loop(Looper.java:319)
07-11 20:18:29.794  1861  1861 W InputMethodManagerService: 	at com.android.server.SystemServer.run(SystemServer.java:1015)
07-11 20:18:29.794  1861  1861 W InputMethodManagerService: 	at com.android.server.SystemServer.main(SystemServer.java:692)
07-11 20:18:29.794  1861  1861 W InputMethodManagerService: 	at java.lang.reflect.Method.invoke(Native Method)
07-11 20:18:29.794  1861  1861 W InputMethodManagerService: 	at com.android.internal.os.RuntimeInit$MethodAndArgsCaller.run(RuntimeInit.java:602)
07-11 20:18:29.794  1861  1861 W InputMethodManagerService: 	at com.android.internal.os.ZygoteInit.main(ZygoteInit.java:940)
07-11 20:18:29.795  1861  1861 W ActivityManager: pid 1861 system sent binder code 7 with flags 1 to frozen apps and got error -32
07-11 20:18:29.796  1861  1861 W InputMethodManagerService: Session failed to close due to remote exception
07-11 20:18:29.796  1861  1861 W InputMethodManagerService: android.os.DeadObjectException
07-11 20:18:29.796  1861  1861 W InputMethodManagerService: 	at android.os.BinderProxy.transactNative(Native Method)
07-11 20:18:29.796  1861  1861 W InputMethodManagerService: 	at android.os.BinderProxy.transact(BinderProxy.java:586)
07-11 20:18:29.796  1861  1861 W InputMethodManagerService: 	at com.android.internal.inputmethod.IInputMethodSession$Stub$Proxy.finishSession(IInputMethodSession.java:356)
07-11 20:18:29.796  1861  1861 W InputMethodManagerService: 	at com.android.server.inputmethod.InputMethodManagerService.finishSessionLocked(InputMethodManagerService.java:2603)
07-11 20:18:29.796  1861  1861 W InputMethodManagerService: 	at com.android.server.inputmethod.InputMethodManagerService.clearClientSessionLocked(InputMethodManagerService.java:2575)
07-11 20:18:29.796  1861  1861 W InputMethodManagerService: 	at com.android.server.inputmethod.InputMethodManagerService.lambda$clearClientSessionsLocked$9(InputMethodManagerService.java:2636)
07-11 20:18:29.796  1861  1861 W InputMethodManagerService: 	at com.android.server.inputmethod.InputMethodManagerService.$r8$lambda$8ZQ2nu2-aBxC49RVGN6PZWSEoPg(InputMethodManagerService.java:0)
07-11 20:18:29.796  1861  1861 W InputMethodManagerService: 	at com.android.server.inputmethod.InputMethodManagerService$$ExternalSyntheticLambda17.accept(R8$$SyntheticClass:0)
07-11 20:18:29.796  1861  1861 W InputMethodManagerService: 	at com.android.server.inputmethod.ClientController.forAllClients(ClientController.java:132)
07-11 20:18:29.796  1861  1861 W InputMethodManagerService: 	at com.android.server.inputmethod.InputMethodManagerService.clearClientSessionsLocked(InputMethodManagerService.java:2639)
07-11 20:18:29.796  1861  1861 W InputMethodManagerService: 	at com.android.server.inputmethod.InputMethodBindingController.clearCurMethodAndSessions(InputMethodBindingController.java:486)
07-11 20:18:29.796  1861  1861 W InputMethodManagerService: 	at com.android.server.inputmethod.InputMethodBindingController.-$$Nest$mclearCurMethodAndSessions(InputMethodBindingController.java:0)
07-11 20:18:29.796  1861  1861 W InputMethodManagerService: 	at com.android.server.inputmethod.InputMethodBindingController$2.onServiceDisconnected(InputMethodBindingController.java:438)
07-11 20:18:29.796  1861  1861 W InputMethodManagerService: 	at android.app.LoadedApk$ServiceDispatcher.doDeath(LoadedApk.java:2253)
07-11 20:18:29.796  1861  1861 W InputMethodManagerService: 	at android.app.LoadedApk$ServiceDispatcher$RunConnection.run(LoadedApk.java:2268)
07-11 20:18:29.796  1861  1861 W InputMethodManagerService: 	at android.os.Handler.handleCallback(Handler.java:959)
07-11 20:18:29.796  1861  1861 W InputMethodManagerService: 	at android.os.Handler.dispatchMessage(Handler.java:100)
07-11 20:18:29.796  1861  1861 W InputMethodManagerService: 	at android.os.Looper.loopOnce(Looper.java:234)
07-11 20:18:29.796  1861  1861 W InputMethodManagerService: 	at android.os.Looper.loop(Looper.java:319)
07-11 20:18:29.796  1861  1861 W InputMethodManagerService: 	at com.android.server.SystemServer.run(SystemServer.java:1015)
07-11 20:18:29.796  1861  1861 W InputMethodManagerService: 	at com.android.server.SystemServer.main(SystemServer.java:692)
07-11 20:18:29.796  1861  1861 W InputMethodManagerService: 	at java.lang.reflect.Method.invoke(Native Method)
07-11 20:18:29.796  1861  1861 W InputMethodManagerService: 	at com.android.internal.os.RuntimeInit$MethodAndArgsCaller.run(RuntimeInit.java:602)
07-11 20:18:29.796  1861  1861 W InputMethodManagerService: 	at com.android.internal.os.ZygoteInit.main(ZygoteInit.java:940)
07-11 20:18:29.797  1861  1861 W ActivityManager: pid 1861 system sent binder code 7 with flags 1 to frozen apps and got error -32
07-11 20:18:29.798  1861  1861 W InputMethodManagerService: Session failed to close due to remote exception
07-11 20:18:29.798  1861  1861 W InputMethodManagerService: android.os.DeadObjectException
07-11 20:18:29.798  1861  1861 W InputMethodManagerService: 	at android.os.BinderProxy.transactNative(Native Method)
07-11 20:18:29.798  1861  1861 W InputMethodManagerService: 	at android.os.BinderProxy.transact(BinderProxy.java:586)
07-11 20:18:29.798  1861  1861 W InputMethodManagerService: 	at com.android.internal.inputmethod.IInputMethodSession$Stub$Proxy.finishSession(IInputMethodSession.java:356)
07-11 20:18:29.798  1861  1861 W InputMethodManagerService: 	at com.android.server.inputmethod.InputMethodManagerService.finishSessionLocked(InputMethodManagerService.java:2603)
07-11 20:18:29.798  1861  1861 W InputMethodManagerService: 	at com.android.server.inputmethod.InputMethodManagerService.clearClientSessionLocked(InputMethodManagerService.java:2575)
07-11 20:18:29.798  1861  1861 W InputMethodManagerService: 	at com.android.server.inputmethod.InputMethodManagerService.lambda$clearClientSessionsLocked$9(InputMethodManagerService.java:2636)
07-11 20:18:29.798  1861  1861 W InputMethodManagerService: 	at com.android.server.inputmethod.InputMethodManagerService.$r8$lambda$8ZQ2nu2-aBxC49RVGN6PZWSEoPg(InputMethodManagerService.java:0)
07-11 20:18:29.798  1861  1861 W InputMethodManagerService: 	at com.android.server.inputmethod.InputMethodManagerService$$ExternalSyntheticLambda17.accept(R8$$SyntheticClass:0)
07-11 20:18:29.798  1861  1861 W InputMethodManagerService: 	at com.android.server.inputmethod.ClientController.forAllClients(ClientController.java:132)
07-11 20:18:29.798  1861  1861 W InputMethodManagerService: 	at com.android.server.inputmethod.InputMethodManagerService.clearClientSessionsLocked(InputMethodManagerService.java:2639)
07-11 20:18:29.798  1861  1861 W InputMethodManagerService: 	at com.android.server.inputmethod.InputMethodBindingController.clearCurMethodAndSessions(InputMethodBindingController.java:486)
07-11 20:18:29.798  1861  1861 W InputMethodManagerService: 	at com.android.server.inputmethod.InputMethodBindingController.-$$Nest$mclearCurMethodAndSessions(InputMethodBindingController.java:0)
07-11 20:18:29.798  1861  1861 W InputMethodManagerService: 	at com.android.server.inputmethod.InputMethodBindingController$2.onServiceDisconnected(InputMethodBindingController.java:438)
07-11 20:18:29.798  1861  1861 W InputMethodManagerService: 	at android.app.LoadedApk$ServiceDispatcher.doDeath(LoadedApk.java:2253)
07-11 20:18:29.798  1861  1861 W InputMethodManagerService: 	at android.app.LoadedApk$ServiceDispatcher$RunConnection.run(LoadedApk.java:2268)
07-11 20:18:29.798  1861  1861 W InputMethodManagerService: 	at android.os.Handler.handleCallback(Handler.java:959)
07-11 20:18:29.798  1861  1861 W InputMethodManagerService: 	at android.os.Handler.dispatchMessage(Handler.java:100)
07-11 20:18:29.798  1861  1861 W InputMethodManagerService: 	at android.os.Looper.loopOnce(Looper.java:234)
07-11 20:18:29.798  1861  1861 W InputMethodManagerService: 	at android.os.Looper.loop(Looper.java:319)
07-11 20:18:29.798  1861  1861 W InputMethodManagerService: 	at com.android.server.SystemServer.run(SystemServer.java:1015)
07-11 20:18:29.798  1861  1861 W InputMethodManagerService: 	at com.android.server.SystemServer.main(SystemServer.java:692)
07-11 20:18:29.798  1861  1861 W InputMethodManagerService: 	at java.lang.reflect.Method.invoke(Native Method)
07-11 20:18:29.798  1861  1861 W InputMethodManagerService: 	at com.android.internal.os.RuntimeInit$MethodAndArgsCaller.run(RuntimeInit.java:602)
07-11 20:18:29.798  1861  1861 W InputMethodManagerService: 	at com.android.internal.os.ZygoteInit.main(ZygoteInit.java:940)
07-11 20:18:29.798  1861  1861 W ActivityManager: pid 1861 system sent binder code 7 with flags 1 to frozen apps and got error -32
07-11 20:18:29.799  1861  1861 W InputMethodManagerService: Session failed to close due to remote exception
07-11 20:18:29.799  1861  1861 W InputMethodManagerService: android.os.DeadObjectException
07-11 20:18:29.799  1861  1861 W InputMethodManagerService: 	at android.os.BinderProxy.transactNative(Native Method)
07-11 20:18:29.799  1861  1861 W InputMethodManagerService: 	at android.os.BinderProxy.transact(BinderProxy.java:586)
07-11 20:18:29.799  1861  1861 W InputMethodManagerService: 	at com.android.internal.inputmethod.IInputMethodSession$Stub$Proxy.finishSession(IInputMethodSession.java:356)
07-11 20:18:29.799  1861  1861 W InputMethodManagerService: 	at com.android.server.inputmethod.InputMethodManagerService.finishSessionLocked(InputMethodManagerService.java:2603)
07-11 20:18:29.799  1861  1861 W InputMethodManagerService: 	at com.android.server.inputmethod.InputMethodManagerService.clearClientSessionLocked(InputMethodManagerService.java:2575)
07-11 20:18:29.799  1861  1861 W InputMethodManagerService: 	at com.android.server.inputmethod.InputMethodManagerService.lambda$clearClientSessionsLocked$9(InputMethodManagerService.java:2636)
07-11 20:18:29.799  1861  1861 W InputMethodManagerService: 	at com.android.server.inputmethod.InputMethodManagerService.$r8$lambda$8ZQ2nu2-aBxC49RVGN6PZWSEoPg(InputMethodManagerService.java:0)
07-11 20:18:29.799  1861  1861 W InputMethodManagerService: 	at com.android.server.inputmethod.InputMethodManagerService$$ExternalSyntheticLambda17.accept(R8$$SyntheticClass:0)
07-11 20:18:29.799  1861  1861 W InputMethodManagerService: 	at com.android.server.inputmethod.ClientController.forAllClients(ClientController.java:132)
07-11 20:18:29.799  1861  1861 W InputMethodManagerService: 	at com.android.server.inputmethod.InputMethodManagerService.clearClientSessionsLocked(InputMethodManagerService.java:2639)
07-11 20:18:29.799  1861  1861 W InputMethodManagerService: 	at com.android.server.inputmethod.InputMethodBindingController.clearCurMethodAndSessions(InputMethodBindingController.java:486)
07-11 20:18:29.799  1861  1861 W InputMethodManagerService: 	at com.android.server.inputmethod.InputMethodBindingController.-$$Nest$mclearCurMethodAndSessions(InputMethodBindingController.java:0)
07-11 20:18:29.799  1861  1861 W InputMethodManagerService: 	at com.android.server.inputmethod.InputMethodBindingController$2.onServiceDisconnected(InputMethodBindingController.java:438)
07-11 20:18:29.799  1861  1861 W InputMethodManagerService: 	at android.app.LoadedApk$ServiceDispatcher.doDeath(LoadedApk.java:2253)
07-11 20:18:29.799  1861  1861 W InputMethodManagerService: 	at android.app.LoadedApk$ServiceDispatcher$RunConnection.run(LoadedApk.java:2268)
07-11 20:18:29.799  1861  1861 W InputMethodManagerService: 	at android.os.Handler.handleCallback(Handler.java:959)
07-11 20:18:29.799  1861  1861 W InputMethodManagerService: 	at android.os.Handler.dispatchMessage(Handler.java:100)
07-11 20:18:29.799  1861  1861 W InputMethodManagerService: 	at android.os.Looper.loopOnce(Looper.java:234)
07-11 20:18:29.799  1861  1861 W InputMethodManagerService: 	at android.os.Looper.loop(Looper.java:319)
07-11 20:18:29.799  1861  1861 W InputMethodManagerService: 	at com.android.server.SystemServer.run(SystemServer.java:1015)
07-11 20:18:29.799  1861  1861 W InputMethodManagerService: 	at com.android.server.SystemServer.main(SystemServer.java:692)
07-11 20:18:29.799  1861  1861 W InputMethodManagerService: 	at java.lang.reflect.Method.invoke(Native Method)
07-11 20:18:29.799  1861  1861 W InputMethodManagerService: 	at com.android.internal.os.RuntimeInit$MethodAndArgsCaller.run(RuntimeInit.java:602)
07-11 20:18:29.799  1861  1861 W InputMethodManagerService: 	at com.android.internal.os.ZygoteInit.main(ZygoteInit.java:940)
07-11 20:18:29.843  1861  4599 I ActivityManager: Process com.huawei.health:PhoneService (pid 12181) has died: prcp FGS 
07-11 20:18:29.847  1861  4599 W ActivityManager: Scheduling restart of crashed service com.huawei.health/com.huawei.hwservicesmgr.PhoneService in 109797ms for start-requested
07-11 20:18:29.924  1861  5646 I ActivityManager: Process com.huawei.health:DaemonService (pid 11913) has died: prcp FGS 
07-11 20:18:29.927  1861  5646 W ActivityManager: Scheduling restart of crashed service com.huawei.health/com.huawei.bone.ui.setting.CompanionDeviceDaemonService in 149718ms for connection
07-11 20:18:29.927  1861  4599 I CDM_DevicePresenceProcessor: onBinderDied() u0/com.huawei.health isPrimary: true
07-11 20:18:29.927  1861  5646 W ActivityManager: Scheduling restart of crashed service com.huawei.health/.manager.DaemonService in 189717ms for start-requested
07-11 20:18:29.927  1861  5646 W ActivityManager: Scheduling restart of crashed service com.huawei.health/com.huawei.bone.ui.setting.NotificationPushListener in 229717ms for connection
07-11 20:18:29.928  1861  4599 I CDM_CompanionAppBinder: scheduleRebinding() 0/com.huawei.health
07-11 20:18:29.929  1861  1883 E ApplicationHelper: Fail to get PackageManager
07-11 20:18:29.953  1861  4599 W ActivityManager: Permission Denial: get/set setting for user asks to run as user -2 but is calling from uid u0a288; this requires android.permission.INTERACT_ACROSS_USERS_FULL
07-11 20:18:30.266  1861  2393 I ActivityManager: Process com.motorola.ccc (pid 5366) has died: prcp SVC 
07-11 20:18:30.269  1861  2393 W ActivityManager: Scheduling restart of crashed service com.motorola.ccc.devicemanagement/com.motorola.ccc.checkin.CheckinService in 269376ms for start-requested
07-11 20:18:30.269  1861  2393 W ActivityManager: Scheduling restart of crashed service com.motorola.ccc.devicemanagement/com.motorola.blur.service.blur.BlurServiceMother in 309375ms for connection
07-11 20:18:30.270  1861  1883 E ApplicationHelper: Fail to get PackageManager
07-11 20:18:30.354  1861  1897 I ActivityManager: Start proc 15164:com.motorola.ccc/u0a178 for service {com.motorola.ccc.devicemanagement/com.motorola.blur.service.blur.BlurServiceMother}
07-11 20:18:30.421  1861  1883 E ApplicationHelper: Fail to get PackageManager
07-11 20:18:30.422  1861  1896 W ActivityManager: Rescheduling restart of crashed service com.instagram.android/com.facebook.rti.pushv2.inapp.InappFbnsService in 29223ms for other
07-11 20:18:30.422  1861  1896 W ActivityManager: Rescheduling restart of crashed service com.google.android.inputmethod.latin/com.android.inputmethod.latin.LatinIME in 69223ms for other
07-11 20:18:30.422  1861  1896 W ActivityManager: Rescheduling restart of crashed service com.huawei.health/com.huawei.hwservicesmgr.PhoneService in 109223ms for other
07-11 20:18:30.422  1861  1896 W ActivityManager: Rescheduling restart of crashed service com.huawei.health/.manager.DaemonService in 149223ms for other
07-11 20:18:30.422  1861  1896 W ActivityManager: Rescheduling restart of crashed service com.huawei.health/com.huawei.bone.ui.setting.NotificationPushListener in 189223ms for other
07-11 20:18:30.604  1861  2393 I ActivityManager: Flag disabled. Ignoring finishAttachApplication from uid: 10178. pid: 15164
07-11 20:18:30.628  1861  1883 E ApplicationHelper: Fail to get PackageManager
07-11 20:18:31.552  1861  1883 E ApplicationHelper: Fail to get PackageManager
07-11 20:18:31.552  1861  1883 E ApplicationHelper: Fail to get PackageManager
07-11 20:18:31.597  1861  1883 E ApplicationHelper: Fail to get PackageManager
07-11 20:18:31.597  1861  1883 E ApplicationHelper: Fail to get PackageManager
07-11 20:18:31.668  1861  1883 E ApplicationHelper: Fail to get PackageManager
07-11 20:18:31.669  1861  1883 E ApplicationHelper: Fail to get PackageManager
07-11 20:18:31.671  1861  1883 E ApplicationHelper: Fail to get PackageManager
07-11 20:18:31.671  1861  1883 E ApplicationHelper: Fail to get PackageManager
07-11 20:18:34.361  1861  1895 W ActivityManager: Rescheduling restart of crashed service com.instagram.android/com.facebook.rti.pushv2.inapp.InappFbnsService in 0ms for mem-pressure-event
07-11 20:18:34.361  1861  1895 W ActivityManager: Rescheduling restart of crashed service com.google.android.inputmethod.latin/com.android.inputmethod.latin.LatinIME in 0ms for mem-pressure-event
07-11 20:18:34.361  1861  1895 W ActivityManager: Rescheduling restart of crashed service com.huawei.health/com.huawei.hwservicesmgr.PhoneService in 0ms for mem-pressure-event
07-11 20:18:34.361  1861  1895 W ActivityManager: Rescheduling restart of crashed service com.huawei.health/.manager.DaemonService in 0ms for mem-pressure-event
07-11 20:18:34.361  1861  1895 W ActivityManager: Rescheduling restart of crashed service com.huawei.health/com.huawei.bone.ui.setting.NotificationPushListener in 0ms for mem-pressure-event
07-11 20:18:34.382  1861  1897 I ActivityManager: Start proc 15192:com.instagram.android:fbns/u0a322 for service {com.instagram.android/com.facebook.rti.pushv2.inapp.InappFbnsService}
07-11 20:18:34.400  1861  1897 I ActivityManager: Start proc 15193:com.google.android.inputmethod.latin/u0a162 for service {com.google.android.inputmethod.latin/com.android.inputmethod.latin.LatinIME}
07-11 20:18:34.420  1861  1897 W ActivityManager: Slow operation: 51ms so far, now at startProcess: building log message
07-11 20:18:34.420  1861  1897 I ActivityManager: Start proc 15194:com.huawei.health:PhoneService/u0a242 for service {com.huawei.health/com.huawei.hwservicesmgr.PhoneService}
07-11 20:18:34.420  1861  1897 W ActivityManager: Slow operation: 51ms so far, now at startProcess: starting to update pids map
07-11 20:18:34.421  1861  1897 W ActivityManager: Slow operation: 52ms so far, now at startProcess: done updating pids map
07-11 20:18:34.438  1861  1897 W ActivityManager: Slow operation: 63ms so far, now at startProcess: returned from zygote!
07-11 20:18:34.440  1861  1883 E ApplicationHelper: Fail to get PackageManager
07-11 20:18:34.442  1861  1897 W ActivityManager: Slow operation: 67ms so far, now at startProcess: done updating battery stats
07-11 20:18:34.442  1861  1897 W ActivityManager: Slow operation: 67ms so far, now at startProcess: building log message
07-11 20:18:34.442  1861  1897 I ActivityManager: Start proc 15204:com.huawei.health:DaemonService/u0a242 for service {com.huawei.health/com.huawei.health.manager.DaemonService}
07-11 20:18:34.442  1861  1897 W ActivityManager: Slow operation: 67ms so far, now at startProcess: starting to update pids map
07-11 20:18:34.443  1861  1897 W ActivityManager: Slow operation: 67ms so far, now at startProcess: done updating pids map
07-11 20:18:34.494  1861  1883 E ApplicationHelper: Fail to get PackageManager
07-11 20:18:34.497  1861  1883 E ApplicationHelper: Fail to get PackageManager
07-11 20:18:34.503  1861  1883 E ApplicationHelper: Fail to get PackageManager
07-11 20:18:34.507  1861  1883 E ApplicationHelper: Fail to get PackageManager
07-11 20:18:34.536  1861  1883 E ApplicationHelper: Fail to get PackageManager
07-11 20:18:34.537  1861  1883 E ApplicationHelper: Fail to get PackageManager
07-11 20:18:34.742  1861  1861 W NotificationHistory: Attempted to add notif for locked/gone/disabled user 0
07-11 20:18:34.742  1861  1861 W Looper  : Slow dispatch took 228ms main h=com.android.server.notification.NotificationManagerService$WorkerHandler c=com.android.server.notification.NotificationManagerService$PostNotificationRunnable@30999a8 m=0
07-11 20:18:34.751  1861  1861 W Looper  : Slow delivery took 214ms main h=com.android.server.notification.NotificationManagerService$WorkerHandler c=com.android.server.notification.NotificationManagerService$$ExternalSyntheticLambda0@7d7ccc1 m=0
07-11 20:18:34.751  1861  1861 W Looper  : Drained
07-11 20:18:34.754  1861  1861 W NotificationHistory: Attempted to add notif for locked/gone/disabled user 0
07-11 20:18:35.068  1861  2350 I ActivityManager: Flag disabled. Ignoring finishAttachApplication from uid: 10242. pid: 15204
07-11 20:18:35.328  1861  1953 I ActivityManager: Flag disabled. Ignoring finishAttachApplication from uid: 10242. pid: 15194
07-11 20:18:35.629  1861  1897 I ActivityManager: Start proc 15304:com.google.android.setupwizard:remote/u0a197 for content provider {com.google.android.setupwizard/com.google.android.setupwizard.deviceorigin.provider.DeviceOriginProvider}
07-11 20:18:35.756  1861  1883 E ApplicationHelper: Fail to get PackageManager
07-11 20:18:35.756  1861  1883 E ApplicationHelper: Fail to get PackageManager
07-11 20:18:35.780  1861  2350 I ActivityManager: Flag disabled. Ignoring finishAttachApplication from uid: 10162. pid: 15193
07-11 20:18:35.866  1861  2350 W ActivityManager: Foreground service started from background can not have location/camera/microphone access: service com.huawei.health/.manager.DaemonService
07-11 20:18:36.049  1861  2393 W ActivityManager: Unable to start service Intent { cmp=com.huawei.systemserver/.activityrecognition.ActivityRecognitionService } U=0: not found
07-11 20:18:36.191  1861  1883 E ApplicationHelper: Fail to get PackageManager
07-11 20:18:36.327  1861  2605 I ActivityManager: Flag disabled. Ignoring finishAttachApplication from uid: 10197. pid: 15304
07-11 20:18:36.476  1861  1897 W ActivityManager: Slow operation: 52ms so far, now at startProcess: returned from zygote!
07-11 20:18:36.480  1861  1897 W ActivityManager: Slow operation: 56ms so far, now at startProcess: done updating battery stats
07-11 20:18:36.481  1861  1897 W ActivityManager: Slow operation: 57ms so far, now at startProcess: building log message
07-11 20:18:36.481  1861  1897 I ActivityManager: Start proc 15374:com.huawei.health/u0a242 for service {com.huawei.health/androidx.work.multiprocess.RemoteWorkManagerService}
07-11 20:18:36.481  1861  1897 W ActivityManager: Slow operation: 57ms so far, now at startProcess: starting to update pids map
07-11 20:18:36.482  1861  1897 W ActivityManager: Slow operation: 58ms so far, now at startProcess: done updating pids map
07-11 20:18:36.602  1861  1883 E ApplicationHelper: Fail to get PackageManager
07-11 20:18:36.602  1861  1883 E ApplicationHelper: Fail to get PackageManager
07-11 20:18:36.615  1861  1883 E ApplicationHelper: Fail to get PackageManager
07-11 20:18:36.647  1861  2528 I ActivityManager: Flag disabled. Ignoring finishAttachApplication from uid: 10322. pid: 15192
07-11 20:18:36.656  1861  1883 E ApplicationHelper: Fail to get PackageManager
07-11 20:18:36.753  1861  2605 W ActivityManager: pid 1861 system sent binder code 8 with flags 1 to frozen apps and got error -32
07-11 20:18:36.767  1861  2605 W ActivityManager: Failed delivering service starts
07-11 20:18:36.767  1861  2605 W ActivityManager: android.os.DeadObjectException
07-11 20:18:36.767  1861  2605 W ActivityManager: 	at android.os.BinderProxy.transactNative(Native Method)
07-11 20:18:36.767  1861  2605 W ActivityManager: 	at android.os.BinderProxy.transact(BinderProxy.java:586)
07-11 20:18:36.767  1861  2605 W ActivityManager: 	at android.app.IApplicationThread$Stub$Proxy.scheduleServiceArgs(IApplicationThread.java:1458)
07-11 20:18:36.767  1861  2605 W ActivityManager: 	at com.android.server.am.ActiveServices.sendServiceArgsLocked(ActiveServices.java:6272)
07-11 20:18:36.767  1861  2605 W ActivityManager: 	at com.android.server.am.ActiveServices.bringUpServiceInnerLocked(ActiveServices.java:5782)
07-11 20:18:36.767  1861  2605 W ActivityManager: 	at com.android.server.am.ActiveServices.bringUpServiceLocked(ActiveServices.java:5768)
07-11 20:18:36.767  1861  2605 W ActivityManager: 	at com.android.server.am.ActiveServices.startServiceInnerLocked(ActiveServices.java:1548)
07-11 20:18:36.767  1861  2605 W ActivityManager: 	at com.android.server.am.ActiveServices.startServiceInnerLocked(ActiveServices.java:1325)
07-11 20:18:36.767  1861  2605 W ActivityManager: 	at com.android.server.am.ActiveServices.startServiceLocked(ActiveServices.java:1181)
07-11 20:18:36.767  1861  2605 W ActivityManager: 	at com.android.server.am.ActiveServices.startServiceLocked(ActiveServices.java:929)
07-11 20:18:36.767  1861  2605 W ActivityManager: 	at com.android.server.am.ActivityManagerService.startService(ActivityManagerService.java:14299)
07-11 20:18:36.767  1861  2605 W ActivityManager: 	at com.android.server.am.ActivityManagerService.startService(ActivityManagerService.java:14250)
07-11 20:18:36.767  1861  2605 W ActivityManager: 	at android.app.IActivityManager$Stub.onTransact(IActivityManager.java:3053)
07-11 20:18:36.767  1861  2605 W ActivityManager: 	at com.android.server.am.ActivityManagerService.onTransact(ActivityManagerService.java:2909)
07-11 20:18:36.767  1861  2605 W ActivityManager: 	at android.os.Binder.execTransactInternal(Binder.java:1500)
07-11 20:18:36.767  1861  2605 W ActivityManager: 	at android.os.Binder.execTransact(Binder.java:1444)
07-11 20:18:36.784  1861  2605 I ActivityManager: Process com.huawei.health:PhoneService (pid 15194) has died: prcp FGS 
07-11 20:18:36.786  1861  2605 W ActivityManager: Scheduling restart of crashed service com.huawei.health/com.huawei.hwservicesmgr.PhoneService in 1254ms for start-requested
07-11 20:18:36.918  1861  1895 W ActivityManager: Rescheduling restart of crashed service com.huawei.health/com.huawei.hwservicesmgr.PhoneService in 29867ms for mem-pressure-event
07-11 20:18:36.929  1861  1883 E ApplicationHelper: Fail to get PackageManager
07-11 20:18:37.164  1861  1895 W ActivityManager: Rescheduling restart of crashed service com.huawei.health/com.huawei.hwservicesmgr.PhoneService in 9621ms for mem-pressure-event
07-11 20:18:37.223  1861  1883 E ApplicationHelper: Fail to get PackageManager
07-11 20:18:37.228  1861  1883 E ApplicationHelper: Fail to get PackageManager
07-11 20:18:37.381  1861  1883 E ApplicationHelper: Fail to get PackageManager
07-11 20:18:37.524  1861  1883 E ApplicationHelper: Fail to get PackageManager
07-11 20:18:37.638  1861  1883 E ApplicationHelper: Fail to get PackageManager
07-11 20:18:37.649  1861  1883 E ApplicationHelper: Fail to get PackageManager
07-11 20:18:37.744  1861  2350 I ActivityManager: Flag disabled. Ignoring finishAttachApplication from uid: 10242. pid: 15374
07-11 20:18:37.807  1861  1883 E ApplicationHelper: Fail to get PackageManager
07-11 20:18:37.886  1861  2350 I ActivityManager: Process com.instagram.android:fbns (pid 15192) has died: svc SVC 
07-11 20:18:37.887  1861  2350 W ActivityManager: Scheduling restart of crashed service com.instagram.android/com.facebook.rti.pushv2.inapp.InappFbnsService in 28898ms for start-requested
07-11 20:18:38.051 15374 15374 W Looper  : Loop again would have the queued messages be executed before this one completed.
07-11 20:18:38.653  1861  1895 W ActivityManager: Rescheduling restart of crashed service com.huawei.health/com.huawei.hwservicesmgr.PhoneService in 28132ms for mem-pressure-event
07-11 20:18:38.657  1861  1895 W ActivityManager: Rescheduling restart of crashed service com.instagram.android/com.facebook.rti.pushv2.inapp.InappFbnsService in 68132ms for mem-pressure-event
07-11 20:18:38.668  1861  1953 W ActivityManager: Unable to start service Intent { cmp=com.huawei.systemserver/.activityrecognition.ActivityRecognitionService } U=0: not found
07-11 20:18:38.835  1861  1953 I ActivityManager: Process com.huawei.health (pid 15374) has died: prcp FGS 
07-11 20:18:38.836  1861  1953 W ActivityManager: Scheduling restart of crashed service com.huawei.health/androidx.work.multiprocess.RemoteWorkManagerService in 107949ms for connection
07-11 20:18:39.424  1861  4314 W PackageConfigPersister: App-specific configuration not found for packageName: com.instagram.android and userId: 0
07-11 20:18:39.435  1861  4314 I ActivityManager: com.android.providers.userdictionary is exempt from freezer
